******************************************************************************
                  TI ARM Linker Unix v20.2.7                   
******************************************************************************
>> Linked Fri Nov 11 14:20:38 2022

OUTPUT FILE NAME:   <Mechatronics_lab7.out>
ENTRY POINT SYMBOL: "_c_int00_noargs"  address: 00002ce9


MEMORY CONFIGURATION

         name            origin    length      used     unused   attr    fill
----------------------  --------  ---------  --------  --------  ----  --------
  FLASH                 00000000   00040000  00002fa9  0003d057  R  X
  SRAM                  20000000   00008000  00001048  00006fb8  RW X


SEGMENT ALLOCATION MAP

run origin  load origin   length   init length attrs members
----------  ----------- ---------- ----------- ----- -------
00000000    00000000    00002fb0   00002fb0    r-x
  00000000    00000000    0000026c   0000026c    r-- .intvecs
  0000026c    0000026c    00002c0c   00002c0c    r-x .text
  00002e78    00002e78    00000101   00000101    r-- .const
  00002f80    00002f80    00000030   00000030    r-- .cinit
20000000    20000000    00001048   00000000    rw-
  20000000    20000000    00001000   00000000    rw- .stack
  20001000    20001000    00000040   00000000    rw- .bss
  20001040    20001040    00000008   00000000    rw- .data


SECTION ALLOCATION MAP

 output                                  attributes/
section   page    origin      length       input sections
--------  ----  ----------  ----------   ----------------
.intvecs   0    00000000    0000026c     
                  00000000    0000026c     tm4c123gh6pm_startup_ccs.obj (.intvecs)

.text      0    0000026c    00002c0c     
                  0000026c    00000a4e     rtsv7M4_T_le_v4SPD16_eabi.lib : _printfi.c.obj (.text:__TI_printfi)
                  00000cba    00000002                                   : div0.asm.obj (.text)
                  00000cbc    000007e4     gpio.obj (.text)
                  000014a0    000002d4     main.obj (.text)
                  00001774    00000270     rtsv7M4_T_le_v4SPD16_eabi.lib : _printfi.c.obj (.text:_pconv_a)
                  000019e4    000001d0                                   : _printfi.c.obj (.text:_pconv_g)
                  00001bb4    000001b6                                   : fd_add_t2.asm.obj (.text)
                  00001d6a    00000002     --HOLE-- [fill = 0]
                  00001d6c    00000164     uart0.obj (.text)
                  00001ed0    0000013c     rtsv7M4_T_le_v4SPD16_eabi.lib : _printfi.c.obj (.text:_pconv_e)
                  0000200c    00000136                                   : fd_div_t2.asm.obj (.text)
                  00002142    00000002     --HOLE-- [fill = 0]
                  00002144    00000124                                   : _printfi.c.obj (.text:fcvt)
                  00002268    00000110                                   : s_scalbn.c.obj (.text:scalbn)
                  00002378    000000fc                                   : fd_mul_t2.asm.obj (.text)
                  00002474    000000d4     nvic.obj (.text)
                  00002548    000000b1     rtsv7M4_T_le_v4SPD16_eabi.lib : _printfi.c.obj (.text:_ltostr)
                  000025f9    00000001     --HOLE-- [fill = 0]
                  000025fa    0000009c                                   : memcpy_t2.asm.obj (.text)
                  00002696    00000096                                   : ull_div_t2.asm.obj (.text)
                  0000272c    00000086                                   : fd_cmp_t2.asm.obj (.text:__aeabi_cdcmple)
                  000027b2    00000086                                   : fd_cmp_t2.asm.obj (.text:__aeabi_cdrcmple)
                  00002838    0000007a                                   : memset_t2.asm.obj (.text)
                  000028b2    0000006e                                   : _printfi.c.obj (.text:_mcpy)
                  00002920    0000006e                                   : fd_tos_t2.asm.obj (.text)
                  0000298e    00000068                                   : copy_decompress_lzss.c.obj (.text:decompress:lzss:__TI_decompress_lzss)
                  000029f6    00000002     --HOLE-- [fill = 0]
                  000029f8    00000064                                   : s_frexp.c.obj (.text:frexp)
                  00002a5c    00000056                                   : _printfi.c.obj (.text:_pconv_f)
                  00002ab2    00000054                                   : _ltoa.c.obj (.text:__TI_ltoa)
                  00002b06    00000052                                   : _printfi.c.obj (.text:_ecpy)
                  00002b58    0000004c                                   : atoi.c.obj (.text:atoi)
                  00002ba4    00000048                                   : fd_toi_t2.asm.obj (.text)
                  00002bec    00000044                                   : autoinit.c.obj (.text:__TI_auto_init_nobinit_nopinit:__TI_auto_init_nobinit_nopinit)
                  00002c30    00000040                                   : sprintf.c.obj (.text:sprintf)
                  00002c70    0000003e                                   : _printfi.c.obj (.text:_fcpy)
                  00002cae    00000038                                   : fs_tod_t2.asm.obj (.text)
                  00002ce6    00000002     --HOLE-- [fill = 0]
                  00002ce8    00000034                                   : boot_cortex_m.c.obj (.text:_c_int00_noargs:_c_int00_noargs)
                  00002d1c    0000002e                                   : i_tofd_t2.asm.obj (.text)
                  00002d4a    00000024     wait.obj (.text)
                  00002d6e    00000020     rtsv7M4_T_le_v4SPD16_eabi.lib : u_tofd_t2.asm.obj (.text)
                  00002d8e    0000001c                                   : copy_zero_init.c.obj (.text:decompress:ZI:__TI_zero_init_nomemset:__TI_zero_init_nomemset)
                  00002daa    0000001c                                   : memccpy.c.obj (.text:memccpy)
                  00002dc6    0000001a                                   : s_copysign.c.obj (.text:copysign)
                  00002de0    00000018                                   : sprintf.c.obj (.text:_outs)
                  00002df8    00000016                                   : strchr.c.obj (.text:strchr)
                  00002e0e    00000014                                   : strlen.c.obj (.text:strlen)
                  00002e22    00000012                                   : wcslen.c.obj (.text:wcslen)
                  00002e34    00000010     clock.obj (.text)
                  00002e44    0000000e     rtsv7M4_T_le_v4SPD16_eabi.lib : copy_decompress_none.c.obj (.text:decompress:none:__TI_decompress_none)
                  00002e52    0000000c     tm4c123gh6pm_startup_ccs.obj (.text)
                  00002e5e    0000000a     rtsv7M4_T_le_v4SPD16_eabi.lib : sprintf.c.obj (.text:_outc)
                  00002e68    00000008                                   : errno.c.obj (.text:__aeabi_errno_addr)
                  00002e70    00000004                                   : pre_init.c.obj (.text:_system_pre_init)
                  00002e74    00000004                                   : exit.c.obj (.text:abort:abort)

.const     0    00002e78    00000101     
                  00002e78    00000101     rtsv7M4_T_le_v4SPD16_eabi.lib : ctype.c.obj (.const:.string:_ctypes_)

.cinit     0    00002f80    00000030     
                  00002f80    0000000c     (__TI_handler_table)
                  00002f8c    00000004     --HOLE-- [fill = 0]
                  00002f90    00000008     (.cinit..bss.load) [load image, compression = zero_init]
                  00002f98    00000007     (.cinit..data.load) [load image, compression = lzss]
                  00002f9f    00000001     --HOLE-- [fill = 0]
                  00002fa0    00000010     (__TI_cinit_table)

.init_array 
*          0    00000000    00000000     UNINITIALIZED

.bss       0    20001000    00000040     UNINITIALIZED
                  20001000    00000040     (.common:array)

.data      0    20001040    00000008     UNINITIALIZED
                  20001040    00000004     main.obj (.data)
                  20001044    00000004     rtsv7M4_T_le_v4SPD16_eabi.lib : errno.c.obj (.data)

.stack     0    20000000    00001000     UNINITIALIZED
                  20000000    00000004     rtsv7M4_T_le_v4SPD16_eabi.lib : boot_cortex_m.c.obj (.stack)
                  20000004    00000ffc     --HOLE--

__llvm_prf_cnts 
*          0    20000000    00000000     UNINITIALIZED

MODULE SUMMARY

       Module                         code    ro data   rw data
       ------                         ----    -------   -------
    ./
       gpio.obj                       2020    0         0      
       main.obj                       724     0         68     
       tm4c123gh6pm_startup_ccs.obj   12      620       0      
       uart0.obj                      356     0         0      
       nvic.obj                       212     0         0      
       wait.obj                       36      0         0      
       clock.obj                      16      0         0      
    +--+------------------------------+-------+---------+---------+
       Total:                         3376    620       68     
                                                               
    /Applications/ti/ccs1110/ccs/tools/compiler/ti-cgt-arm_20.2.7.LTS/lib/rtsv7M4_T_le_v4SPD16_eabi.lib
       _printfi.c.obj                 4851    0         0      
       fd_add_t2.asm.obj              438     0         0      
       fd_div_t2.asm.obj              310     0         0      
       s_scalbn.c.obj                 272     0         0      
       fd_cmp_t2.asm.obj              268     0         0      
       ctype.c.obj                    0       257       0      
       fd_mul_t2.asm.obj              252     0         0      
       memcpy_t2.asm.obj              156     0         0      
       ull_div_t2.asm.obj             150     0         0      
       memset_t2.asm.obj              122     0         0      
       fd_tos_t2.asm.obj              110     0         0      
       copy_decompress_lzss.c.obj     104     0         0      
       s_frexp.c.obj                  100     0         0      
       sprintf.c.obj                  98      0         0      
       _ltoa.c.obj                    84      0         0      
       atoi.c.obj                     76      0         0      
       fd_toi_t2.asm.obj              72      0         0      
       autoinit.c.obj                 68      0         0      
       fs_tod_t2.asm.obj              56      0         0      
       boot_cortex_m.c.obj            52      0         0      
       i_tofd_t2.asm.obj              46      0         0      
       u_tofd_t2.asm.obj              32      0         0      
       copy_zero_init.c.obj           28      0         0      
       memccpy.c.obj                  28      0         0      
       s_copysign.c.obj               26      0         0      
       strchr.c.obj                   22      0         0      
       strlen.c.obj                   20      0         0      
       wcslen.c.obj                   18      0         0      
       copy_decompress_none.c.obj     14      0         0      
       errno.c.obj                    8       0         4      
       exit.c.obj                     4       0         0      
       pre_init.c.obj                 4       0         0      
       div0.asm.obj                   2       0         0      
    +--+------------------------------+-------+---------+---------+
       Total:                         7891    257       4      
                                                               
       Stack:                         0       0         4096   
       Linker Generated:              0       43        0      
    +--+------------------------------+-------+---------+---------+
       Grand Total:                   11267   920       4168   


LINKER GENERATED COPY TABLES

__TI_cinit_table @ 00002fa0 records: 2, size/record: 8, table size: 16
	.bss: load addr=00002f90, load size=00000008 bytes, run addr=20001000, run size=00000040 bytes, compression=zero_init
	.data: load addr=00002f98, load size=00000007 bytes, run addr=20001040, run size=00000008 bytes, compression=lzss


LINKER GENERATED HANDLER TABLE

__TI_handler_table @ 00002f80 records: 3, size/record: 4, table size: 12
	index: 0, handler: __TI_decompress_lzss
	index: 1, handler: __TI_decompress_none
	index: 2, handler: __TI_zero_init


GLOBAL SYMBOLS: SORTED ALPHABETICALLY BY Name 

address   name                          
-------   ----                          
00002e75  C$$EXIT                       
00002e53  ResetISR                      
20001000  __STACK_END                   
00001000  __STACK_SIZE                  
20000200  __STACK_TOP                   
00002fa0  __TI_CINIT_Base               
00002fb0  __TI_CINIT_Limit              
00002f80  __TI_Handler_Table_Base       
00002f8c  __TI_Handler_Table_Limit      
00002bed  __TI_auto_init_nobinit_nopinit
0000298f  __TI_decompress_lzss          
00002e45  __TI_decompress_none          
00002ab3  __TI_ltoa                     
ffffffff  __TI_pprof_out_hndl           
0000026d  __TI_printfi                  
ffffffff  __TI_prof_data_size           
ffffffff  __TI_prof_data_start          
00000000  __TI_static_base__            
00002d8f  __TI_zero_init_nomemset       
0000272d  __aeabi_cdcmpeq               
0000272d  __aeabi_cdcmple               
000027b3  __aeabi_cdrcmple              
00002921  __aeabi_d2f                   
00002ba5  __aeabi_d2iz                  
00001bbf  __aeabi_dadd                  
0000200d  __aeabi_ddiv                  
00002379  __aeabi_dmul                  
00001bb5  __aeabi_dsub                  
00002e69  __aeabi_errno_addr            
00002caf  __aeabi_f2d                   
00002d1d  __aeabi_i2d                   
00000cbb  __aeabi_idiv0                 
00000cbb  __aeabi_ldiv0                 
00002839  __aeabi_memclr                
00002839  __aeabi_memclr4               
00002839  __aeabi_memclr8               
000025fb  __aeabi_memcpy                
000025fb  __aeabi_memcpy4               
000025fb  __aeabi_memcpy8               
0000283b  __aeabi_memset                
0000283b  __aeabi_memset4               
0000283b  __aeabi_memset8               
00002d6f  __aeabi_ui2d                  
00002697  __aeabi_uldivmod              
ffffffff  __binit__                     
ffffffff  __c_args__                    
UNDEFED   __mpu_init                    
20000000  __stack                       
20000000  __start___llvm_prf_cnts       
20000000  __stop___llvm_prf_cnts        
00002ce9  _c_int00_noargs               
00002e78  _ctypes_                      
UNDEFED   _system_post_cinit            
00002e71  _system_pre_init              
00002e75  abort                         
20001000  array                         
00002b59  atoi                          
ffffffff  binit                         
00001311  clearPinInterrupt             
00002dc7  copysign                      
00002dc7  copysignl                     
20001040  dataIn                        
000014f3  dataIsr                       
000024ad  disableNvicInterrupt          
000012ed  disablePinInterrupt           
00001025  disablePinPulldown            
00000fdd  disablePinPullup              
00000d79  disablePort                   
00002475  enableNvicInterrupt           
000012c9  enablePinInterrupt            
00001001  enablePinPulldown             
00000faf  enablePinPullup               
00000cbd  enablePort                    
20001044  errno                         
000029f9  frexp                         
000029f9  frexpl                        
00000000  g_pfnVectors                  
0000135b  getPinValue                   
00001411  getPortValue                  
00001e6d  getcUart0                     
000014a1  initHw                        
00002e35  initSystemClockTo40Mhz        
00001d6d  initUart0                     
00001e81  kbhitUart0                    
00002269  ldexp                         
00002269  ldexpl                        
0000157d  main                          
00002dab  memccpy                       
000025fb  memcpy                        
00002841  memset                        
00001e25  putcUart0                     
00001e41  putsUart0                     
00002269  scalbn                        
00002269  scalbnl                       
00000ee3  selectPinAnalogInput          
00000e95  selectPinDigitalInput         
000011ff  selectPinInterruptBothEdges   
000011af  selectPinInterruptFallingEdge 
00001255  selectPinInterruptHighLevel   
0000128f  selectPinInterruptLowLevel    
0000115f  selectPinInterruptRisingEdge  
00000e47  selectPinOpenDrainOutput      
00000df9  selectPinPushPullOutput       
000024e5  setNvicInterruptPriority      
0000104d  setPinAuxFunction             
00000f33  setPinCommitControl           
00001335  setPinValue                   
00001395  setPortValue                  
00001de1  setUart0BaudRate              
00002c31  sprintf                       
00002df9  strchr                        
00002e0f  strlen                        
00002d4b  waitMicrosecond               
00002e23  wcslen                        


GLOBAL SYMBOLS: SORTED BY Symbol Address 

address   name                          
-------   ----                          
00000000  __TI_static_base__            
00000000  g_pfnVectors                  
0000026d  __TI_printfi                  
00000cbb  __aeabi_idiv0                 
00000cbb  __aeabi_ldiv0                 
00000cbd  enablePort                    
00000d79  disablePort                   
00000df9  selectPinPushPullOutput       
00000e47  selectPinOpenDrainOutput      
00000e95  selectPinDigitalInput         
00000ee3  selectPinAnalogInput          
00000f33  setPinCommitControl           
00000faf  enablePinPullup               
00000fdd  disablePinPullup              
00001000  __STACK_SIZE                  
00001001  enablePinPulldown             
00001025  disablePinPulldown            
0000104d  setPinAuxFunction             
0000115f  selectPinInterruptRisingEdge  
000011af  selectPinInterruptFallingEdge 
000011ff  selectPinInterruptBothEdges   
00001255  selectPinInterruptHighLevel   
0000128f  selectPinInterruptLowLevel    
000012c9  enablePinInterrupt            
000012ed  disablePinInterrupt           
00001311  clearPinInterrupt             
00001335  setPinValue                   
0000135b  getPinValue                   
00001395  setPortValue                  
00001411  getPortValue                  
000014a1  initHw                        
000014f3  dataIsr                       
0000157d  main                          
00001bb5  __aeabi_dsub                  
00001bbf  __aeabi_dadd                  
00001d6d  initUart0                     
00001de1  setUart0BaudRate              
00001e25  putcUart0                     
00001e41  putsUart0                     
00001e6d  getcUart0                     
00001e81  kbhitUart0                    
0000200d  __aeabi_ddiv                  
00002269  ldexp                         
00002269  ldexpl                        
00002269  scalbn                        
00002269  scalbnl                       
00002379  __aeabi_dmul                  
00002475  enableNvicInterrupt           
000024ad  disableNvicInterrupt          
000024e5  setNvicInterruptPriority      
000025fb  __aeabi_memcpy                
000025fb  __aeabi_memcpy4               
000025fb  __aeabi_memcpy8               
000025fb  memcpy                        
00002697  __aeabi_uldivmod              
0000272d  __aeabi_cdcmpeq               
0000272d  __aeabi_cdcmple               
000027b3  __aeabi_cdrcmple              
00002839  __aeabi_memclr                
00002839  __aeabi_memclr4               
00002839  __aeabi_memclr8               
0000283b  __aeabi_memset                
0000283b  __aeabi_memset4               
0000283b  __aeabi_memset8               
00002841  memset                        
00002921  __aeabi_d2f                   
0000298f  __TI_decompress_lzss          
000029f9  frexp                         
000029f9  frexpl                        
00002ab3  __TI_ltoa                     
00002b59  atoi                          
00002ba5  __aeabi_d2iz                  
00002bed  __TI_auto_init_nobinit_nopinit
00002c31  sprintf                       
00002caf  __aeabi_f2d                   
00002ce9  _c_int00_noargs               
00002d1d  __aeabi_i2d                   
00002d4b  waitMicrosecond               
00002d6f  __aeabi_ui2d                  
00002d8f  __TI_zero_init_nomemset       
00002dab  memccpy                       
00002dc7  copysign                      
00002dc7  copysignl                     
00002df9  strchr                        
00002e0f  strlen                        
00002e23  wcslen                        
00002e35  initSystemClockTo40Mhz        
00002e45  __TI_decompress_none          
00002e53  ResetISR                      
00002e69  __aeabi_errno_addr            
00002e71  _system_pre_init              
00002e75  C$$EXIT                       
00002e75  abort                         
00002e78  _ctypes_                      
00002f80  __TI_Handler_Table_Base       
00002f8c  __TI_Handler_Table_Limit      
00002fa0  __TI_CINIT_Base               
00002fb0  __TI_CINIT_Limit              
20000000  __stack                       
20000000  __start___llvm_prf_cnts       
20000000  __stop___llvm_prf_cnts        
20000200  __STACK_TOP                   
20001000  __STACK_END                   
20001000  array                         
20001040  dataIn                        
20001044  errno                         
ffffffff  __TI_pprof_out_hndl           
ffffffff  __TI_prof_data_size           
ffffffff  __TI_prof_data_start          
ffffffff  __binit__                     
ffffffff  __c_args__                    
ffffffff  binit                         
UNDEFED   __mpu_init                    
UNDEFED   _system_post_cinit            

[114 symbols]
