******************************************************************************
                  TI ARM Linker Unix v20.2.7                   
******************************************************************************
>> Linked Mon Oct 31 12:52:35 2022

OUTPUT FILE NAME:   <labb5_inductor.out>
ENTRY POINT SYMBOL: "_c_int00_noargs"  address: 00002a79


MEMORY CONFIGURATION

         name            origin    length      used     unused   attr    fill
----------------------  --------  ---------  --------  --------  ----  --------
  FLASH                 00000000   00040000  00002ce5  0003d31b  R  X
  SRAM                  20000000   00008000  0000100c  00006ff4  RW X


SEGMENT ALLOCATION MAP

run origin  load origin   length   init length attrs members
----------  ----------- ---------- ----------- ----- -------
00000000    00000000    00002ce8   00002ce8    r-x
  00000000    00000000    0000026c   0000026c    r-- .intvecs
  0000026c    0000026c    00002960   00002960    r-x .text
  00002bcc    00002bcc    00000101   00000101    r-- .const
  00002cd0    00002cd0    00000018   00000018    r-- .cinit
20000000    20000000    0000100c   00000000    rw-
  20000000    20000000    00001000   00000000    rw- .stack
  20001000    20001000    0000000c   00000000    rw- .data


SECTION ALLOCATION MAP

 output                                  attributes/
section   page    origin      length       input sections
--------  ----  ----------  ----------   ----------------
.intvecs   0    00000000    0000026c     
                  00000000    0000026c     tm4c123gh6pm_startup_ccs.obj (.intvecs)

.text      0    0000026c    00002960     
                  0000026c    00000a4e     rtsv7M4_T_le_v4SPD16_eabi.lib : _printfi.c.obj (.text:__TI_printfi)
                  00000cba    00000002                                   : div0.asm.obj (.text)
                  00000cbc    000007e4     gpio.obj (.text)
                  000014a0    00000270     rtsv7M4_T_le_v4SPD16_eabi.lib : _printfi.c.obj (.text:_pconv_a)
                  00001710    000001e0     main.obj (.text)
                  000018f0    000001d0     rtsv7M4_T_le_v4SPD16_eabi.lib : _printfi.c.obj (.text:_pconv_g)
                  00001ac0    000001b6                                   : fd_add_t2.asm.obj (.text)
                  00001c76    00000002     --HOLE-- [fill = 0]
                  00001c78    00000164     uart0.obj (.text)
                  00001ddc    0000013c     rtsv7M4_T_le_v4SPD16_eabi.lib : _printfi.c.obj (.text:_pconv_e)
                  00001f18    00000136                                   : fd_div_t2.asm.obj (.text)
                  0000204e    00000002     --HOLE-- [fill = 0]
                  00002050    00000124                                   : _printfi.c.obj (.text:fcvt)
                  00002174    00000110                                   : s_scalbn.c.obj (.text:scalbn)
                  00002284    000000fc                                   : fd_mul_t2.asm.obj (.text)
                  00002380    000000b1                                   : _printfi.c.obj (.text:_ltostr)
                  00002431    00000001     --HOLE-- [fill = 0]
                  00002432    0000009c                                   : memcpy_t2.asm.obj (.text)
                  000024ce    00000096                                   : ull_div_t2.asm.obj (.text)
                  00002564    00000086                                   : fd_cmp_t2.asm.obj (.text:__aeabi_cdcmple)
                  000025ea    00000086                                   : fd_cmp_t2.asm.obj (.text:__aeabi_cdrcmple)
                  00002670    0000007a                                   : memset_t2.asm.obj (.text)
                  000026ea    0000006e                                   : _printfi.c.obj (.text:_mcpy)
                  00002758    00000068                                   : copy_decompress_lzss.c.obj (.text:decompress:lzss:__TI_decompress_lzss)
                  000027c0    00000064                                   : s_frexp.c.obj (.text:frexp)
                  00002824    00000056                                   : _printfi.c.obj (.text:_pconv_f)
                  0000287a    00000054                                   : _ltoa.c.obj (.text:__TI_ltoa)
                  000028ce    00000052                                   : _printfi.c.obj (.text:_ecpy)
                  00002920    0000004c                                   : atoi.c.obj (.text:atoi)
                  0000296c    00000048                                   : fd_toi_t2.asm.obj (.text)
                  000029b4    00000044                                   : autoinit.c.obj (.text:__TI_auto_init_nobinit_nopinit:__TI_auto_init_nobinit_nopinit)
                  000029f8    00000040                                   : sprintf.c.obj (.text:sprintf)
                  00002a38    0000003e                                   : _printfi.c.obj (.text:_fcpy)
                  00002a76    00000002     --HOLE-- [fill = 0]
                  00002a78    00000034                                   : boot_cortex_m.c.obj (.text:_c_int00_noargs:_c_int00_noargs)
                  00002aac    0000002e                                   : i_tofd_t2.asm.obj (.text)
                  00002ada    00000024     wait.obj (.text)
                  00002afe    0000001c     rtsv7M4_T_le_v4SPD16_eabi.lib : memccpy.c.obj (.text:memccpy)
                  00002b1a    0000001a                                   : s_copysign.c.obj (.text:copysign)
                  00002b34    00000018                                   : sprintf.c.obj (.text:_outs)
                  00002b4c    00000016                                   : strchr.c.obj (.text:strchr)
                  00002b62    00000014                                   : strlen.c.obj (.text:strlen)
                  00002b76    00000012                                   : wcslen.c.obj (.text:wcslen)
                  00002b88    00000010     clock.obj (.text)
                  00002b98    0000000e     rtsv7M4_T_le_v4SPD16_eabi.lib : copy_decompress_none.c.obj (.text:decompress:none:__TI_decompress_none)
                  00002ba6    0000000c     tm4c123gh6pm_startup_ccs.obj (.text)
                  00002bb2    0000000a     rtsv7M4_T_le_v4SPD16_eabi.lib : sprintf.c.obj (.text:_outc)
                  00002bbc    00000008                                   : errno.c.obj (.text:__aeabi_errno_addr)
                  00002bc4    00000004                                   : pre_init.c.obj (.text:_system_pre_init)
                  00002bc8    00000004                                   : exit.c.obj (.text:abort:abort)

.const     0    00002bcc    00000101     
                  00002bcc    00000101     rtsv7M4_T_le_v4SPD16_eabi.lib : ctype.c.obj (.const:.string:_ctypes_)

.cinit     0    00002cd0    00000018     
                  00002cd0    00000008     (__TI_handler_table)
                  00002cd8    00000007     (.cinit..data.load) [load image, compression = lzss]
                  00002cdf    00000001     --HOLE-- [fill = 0]
                  00002ce0    00000008     (__TI_cinit_table)

.init_array 
*          0    00000000    00000000     UNINITIALIZED

.data      0    20001000    0000000c     UNINITIALIZED
                  20001000    00000008     main.obj (.data)
                  20001008    00000004     rtsv7M4_T_le_v4SPD16_eabi.lib : errno.c.obj (.data)

.stack     0    20000000    00001000     UNINITIALIZED
                  20000000    00000004     rtsv7M4_T_le_v4SPD16_eabi.lib : boot_cortex_m.c.obj (.stack)
                  20000004    00000ffc     --HOLE--

__llvm_prf_cnts 
*          0    20000000    00000000     UNINITIALIZED

MODULE SUMMARY

       Module                         code    ro data   rw data
       ------                         ----    -------   -------
    ./
       gpio.obj                       2020    0         0      
       tm4c123gh6pm_startup_ccs.obj   12      620       0      
       main.obj                       480     0         8      
       uart0.obj                      356     0         0      
       wait.obj                       36      0         0      
       clock.obj                      16      0         0      
    +--+------------------------------+-------+---------+---------+
       Total:                         2920    620       8      
                                                               
    /Applications/ti/ccs1110/ccs/tools/compiler/ti-cgt-arm_20.2.7.LTS/lib/rtsv7M4_T_le_v4SPD16_eabi.lib
       _printfi.c.obj                 4851    0         0      
       fd_add_t2.asm.obj              438     0         0      
       fd_div_t2.asm.obj              310     0         0      
       s_scalbn.c.obj                 272     0         0      
       fd_cmp_t2.asm.obj              268     0         0      
       ctype.c.obj                    0       257       0      
       fd_mul_t2.asm.obj              252     0         0      
       memcpy_t2.asm.obj              156     0         0      
       ull_div_t2.asm.obj             150     0         0      
       memset_t2.asm.obj              122     0         0      
       copy_decompress_lzss.c.obj     104     0         0      
       s_frexp.c.obj                  100     0         0      
       sprintf.c.obj                  98      0         0      
       _ltoa.c.obj                    84      0         0      
       atoi.c.obj                     76      0         0      
       fd_toi_t2.asm.obj              72      0         0      
       autoinit.c.obj                 68      0         0      
       boot_cortex_m.c.obj            52      0         0      
       i_tofd_t2.asm.obj              46      0         0      
       memccpy.c.obj                  28      0         0      
       s_copysign.c.obj               26      0         0      
       strchr.c.obj                   22      0         0      
       strlen.c.obj                   20      0         0      
       wcslen.c.obj                   18      0         0      
       copy_decompress_none.c.obj     14      0         0      
       errno.c.obj                    8       0         4      
       exit.c.obj                     4       0         0      
       pre_init.c.obj                 4       0         0      
       div0.asm.obj                   2       0         0      
    +--+------------------------------+-------+---------+---------+
       Total:                         7665    257       4      
                                                               
       Stack:                         0       0         4096   
       Linker Generated:              0       23        0      
    +--+------------------------------+-------+---------+---------+
       Grand Total:                   10585   900       4108   


LINKER GENERATED COPY TABLES

__TI_cinit_table @ 00002ce0 records: 1, size/record: 8, table size: 8
	.data: load addr=00002cd8, load size=00000007 bytes, run addr=20001000, run size=0000000c bytes, compression=lzss


LINKER GENERATED HANDLER TABLE

__TI_handler_table @ 00002cd0 records: 2, size/record: 4, table size: 8
	index: 0, handler: __TI_decompress_lzss
	index: 1, handler: __TI_decompress_none


GLOBAL SYMBOLS: SORTED ALPHABETICALLY BY Name 

address   name                          
-------   ----                          
00002bc9  C$$EXIT                       
00002ba7  ResetISR                      
20001000  __STACK_END                   
00001000  __STACK_SIZE                  
20000200  __STACK_TOP                   
00002ce0  __TI_CINIT_Base               
00002ce8  __TI_CINIT_Limit              
00002cd0  __TI_Handler_Table_Base       
00002cd8  __TI_Handler_Table_Limit      
000029b5  __TI_auto_init_nobinit_nopinit
00002759  __TI_decompress_lzss          
00002b99  __TI_decompress_none          
0000287b  __TI_ltoa                     
ffffffff  __TI_pprof_out_hndl           
0000026d  __TI_printfi                  
ffffffff  __TI_prof_data_size           
ffffffff  __TI_prof_data_start          
00000000  __TI_static_base__            
00002565  __aeabi_cdcmpeq               
00002565  __aeabi_cdcmple               
000025eb  __aeabi_cdrcmple              
0000296d  __aeabi_d2iz                  
00001acb  __aeabi_dadd                  
00001f19  __aeabi_ddiv                  
00002285  __aeabi_dmul                  
00001ac1  __aeabi_dsub                  
00002bbd  __aeabi_errno_addr            
00002aad  __aeabi_i2d                   
00000cbb  __aeabi_idiv0                 
00000cbb  __aeabi_ldiv0                 
00002671  __aeabi_memclr                
00002671  __aeabi_memclr4               
00002671  __aeabi_memclr8               
00002433  __aeabi_memcpy                
00002433  __aeabi_memcpy4               
00002433  __aeabi_memcpy8               
00002673  __aeabi_memset                
00002673  __aeabi_memset4               
00002673  __aeabi_memset8               
000024cf  __aeabi_uldivmod              
ffffffff  __binit__                     
ffffffff  __c_args__                    
UNDEFED   __mpu_init                    
20000000  __stack                       
20000000  __start___llvm_prf_cnts       
20000000  __stop___llvm_prf_cnts        
00002a79  _c_int00_noargs               
00002bcc  _ctypes_                      
UNDEFED   _system_post_cinit            
00002bc5  _system_pre_init              
00002bc9  abort                         
00002921  atoi                          
ffffffff  binit                         
00001311  clearPinInterrupt             
00002b1b  copysign                      
00002b1b  copysignl                     
000012ed  disablePinInterrupt           
00001025  disablePinPulldown            
00000fdd  disablePinPullup              
00000d79  disablePort                   
00001711  enableCounterMode             
000012c9  enablePinInterrupt            
00001001  enablePinPulldown             
00000faf  enablePinPullup               
00000cbd  enablePort                    
20001008  errno                         
20001000  frequency                     
000027c1  frexp                         
000027c1  frexpl                        
00000000  g_pfnVectors                  
0000135b  getPinValue                   
00001411  getPortValue                  
00001d79  getcUart0                     
000017a7  initHw                        
00002b89  initSystemClockTo40Mhz        
00001c79  initUart0                     
00001d8d  kbhitUart0                    
00002175  ldexp                         
00002175  ldexpl                        
00001811  main                          
00002aff  memccpy                       
00002433  memcpy                        
00002679  memset                        
00001d31  putcUart0                     
00001d4d  putsUart0                     
00002175  scalbn                        
00002175  scalbnl                       
00000ee3  selectPinAnalogInput          
00000e95  selectPinDigitalInput         
000011ff  selectPinInterruptBothEdges   
000011af  selectPinInterruptFallingEdge 
00001255  selectPinInterruptHighLevel   
0000128f  selectPinInterruptLowLevel    
0000115f  selectPinInterruptRisingEdge  
00000e47  selectPinOpenDrainOutput      
00000df9  selectPinPushPullOutput       
0000104d  setPinAuxFunction             
00000f33  setPinCommitControl           
00001335  setPinValue                   
00001395  setPortValue                  
00001ced  setUart0BaudRate              
000029f9  sprintf                       
00002b4d  strchr                        
00002b63  strlen                        
20001004  time                          
0000177b  timer1Isr                     
00002adb  waitMicrosecond               
00002b77  wcslen                        
00001791  wideTimer1Isr                 


GLOBAL SYMBOLS: SORTED BY Symbol Address 

address   name                          
-------   ----                          
00000000  __TI_static_base__            
00000000  g_pfnVectors                  
0000026d  __TI_printfi                  
00000cbb  __aeabi_idiv0                 
00000cbb  __aeabi_ldiv0                 
00000cbd  enablePort                    
00000d79  disablePort                   
00000df9  selectPinPushPullOutput       
00000e47  selectPinOpenDrainOutput      
00000e95  selectPinDigitalInput         
00000ee3  selectPinAnalogInput          
00000f33  setPinCommitControl           
00000faf  enablePinPullup               
00000fdd  disablePinPullup              
00001000  __STACK_SIZE                  
00001001  enablePinPulldown             
00001025  disablePinPulldown            
0000104d  setPinAuxFunction             
0000115f  selectPinInterruptRisingEdge  
000011af  selectPinInterruptFallingEdge 
000011ff  selectPinInterruptBothEdges   
00001255  selectPinInterruptHighLevel   
0000128f  selectPinInterruptLowLevel    
000012c9  enablePinInterrupt            
000012ed  disablePinInterrupt           
00001311  clearPinInterrupt             
00001335  setPinValue                   
0000135b  getPinValue                   
00001395  setPortValue                  
00001411  getPortValue                  
00001711  enableCounterMode             
0000177b  timer1Isr                     
00001791  wideTimer1Isr                 
000017a7  initHw                        
00001811  main                          
00001ac1  __aeabi_dsub                  
00001acb  __aeabi_dadd                  
00001c79  initUart0                     
00001ced  setUart0BaudRate              
00001d31  putcUart0                     
00001d4d  putsUart0                     
00001d79  getcUart0                     
00001d8d  kbhitUart0                    
00001f19  __aeabi_ddiv                  
00002175  ldexp                         
00002175  ldexpl                        
00002175  scalbn                        
00002175  scalbnl                       
00002285  __aeabi_dmul                  
00002433  __aeabi_memcpy                
00002433  __aeabi_memcpy4               
00002433  __aeabi_memcpy8               
00002433  memcpy                        
000024cf  __aeabi_uldivmod              
00002565  __aeabi_cdcmpeq               
00002565  __aeabi_cdcmple               
000025eb  __aeabi_cdrcmple              
00002671  __aeabi_memclr                
00002671  __aeabi_memclr4               
00002671  __aeabi_memclr8               
00002673  __aeabi_memset                
00002673  __aeabi_memset4               
00002673  __aeabi_memset8               
00002679  memset                        
00002759  __TI_decompress_lzss          
000027c1  frexp                         
000027c1  frexpl                        
0000287b  __TI_ltoa                     
00002921  atoi                          
0000296d  __aeabi_d2iz                  
000029b5  __TI_auto_init_nobinit_nopinit
000029f9  sprintf                       
00002a79  _c_int00_noargs               
00002aad  __aeabi_i2d                   
00002adb  waitMicrosecond               
00002aff  memccpy                       
00002b1b  copysign                      
00002b1b  copysignl                     
00002b4d  strchr                        
00002b63  strlen                        
00002b77  wcslen                        
00002b89  initSystemClockTo40Mhz        
00002b99  __TI_decompress_none          
00002ba7  ResetISR                      
00002bbd  __aeabi_errno_addr            
00002bc5  _system_pre_init              
00002bc9  C$$EXIT                       
00002bc9  abort                         
00002bcc  _ctypes_                      
00002cd0  __TI_Handler_Table_Base       
00002cd8  __TI_Handler_Table_Limit      
00002ce0  __TI_CINIT_Base               
00002ce8  __TI_CINIT_Limit              
20000000  __stack                       
20000000  __start___llvm_prf_cnts       
20000000  __stop___llvm_prf_cnts        
20000200  __STACK_TOP                   
20001000  __STACK_END                   
20001000  frequency                     
20001004  time                          
20001008  errno                         
ffffffff  __TI_pprof_out_hndl           
ffffffff  __TI_prof_data_size           
ffffffff  __TI_prof_data_start          
ffffffff  __binit__                     
ffffffff  __c_args__                    
ffffffff  binit                         
UNDEFED   __mpu_init                    
UNDEFED   _system_post_cinit            

[109 symbols]
