******************************************************************************
                  TI ARM Linker PC v20.2.6                     
******************************************************************************
>> Linked Tue Oct  4 15:00:20 2022

OUTPUT FILE NAME:   <lab3_Antonio_Buentello_4355.out>
ENTRY POINT SYMBOL: "_c_int00_noargs"  address: 00002f2d


MEMORY CONFIGURATION

         name            origin    length      used     unused   attr    fill
----------------------  --------  ---------  --------  --------  ----  --------
  FLASH                 00000000   00020000  0000319d  0001ce63  R  X
  SRAM                  20000000   00008000  00001014  00006fec  RW X


SEGMENT ALLOCATION MAP

run origin  load origin   length   init length attrs members
----------  ----------- ---------- ----------- ----- -------
00000000    00000000    000031a4   000031a4    r-x
  00000000    00000000    0000026c   0000026c    r-- .intvecs
  0000026c    0000026c    00002e14   00002e14    r-x .text
  00003080    00003080    00000101   00000101    r-- .const
  00003188    00003188    0000001c   0000001c    r-- .cinit
20000000    20000000    00001014   00000000    rw-
  20000000    20000000    00001000   00000000    rw- .stack
  20001000    20001000    00000014   00000000    rw- .data


SECTION ALLOCATION MAP

 output                                  attributes/
section   page    origin      length       input sections
--------  ----  ----------  ----------   ----------------
.intvecs   0    00000000    0000026c     
                  00000000    0000026c     tm4c123ge6pm_startup_ccs.obj (.intvecs)

.text      0    0000026c    00002e14     
                  0000026c    00000a4e     rtsv7M4_T_le_v4SPD16_eabi.lib : _printfi.c.obj (.text:__TI_printfi)
                  00000cba    00000002                                   : div0.asm.obj (.text)
                  00000cbc    000007e4     gpio.obj (.text)
                  000014a0    000004bc     freq_time.obj (.text)
                  0000195c    00000270     rtsv7M4_T_le_v4SPD16_eabi.lib : _printfi.c.obj (.text:_pconv_a)
                  00001bcc    000001d0                                   : _printfi.c.obj (.text:_pconv_g)
                  00001d9c    000001b6                                   : fd_add_t2.asm.obj (.text)
                  00001f52    00000002     --HOLE-- [fill = 0]
                  00001f54    00000164     uart0.obj (.text)
                  000020b8    0000013c     rtsv7M4_T_le_v4SPD16_eabi.lib : _printfi.c.obj (.text:_pconv_e)
                  000021f4    00000136                                   : fd_div_t2.asm.obj (.text)
                  0000232a    00000002     --HOLE-- [fill = 0]
                  0000232c    00000124                                   : _printfi.c.obj (.text:fcvt)
                  00002450    00000110                                   : s_scalbn.c.obj (.text:scalbn)
                  00002560    00000104     adc0.obj (.text)
                  00002664    000000fc     rtsv7M4_T_le_v4SPD16_eabi.lib : fd_mul_t2.asm.obj (.text)
                  00002760    000000d4     nvic.obj (.text)
                  00002834    000000b1     rtsv7M4_T_le_v4SPD16_eabi.lib : _printfi.c.obj (.text:_ltostr)
                  000028e5    00000001     --HOLE-- [fill = 0]
                  000028e6    0000009c                                   : memcpy_t2.asm.obj (.text)
                  00002982    00000096                                   : ull_div_t2.asm.obj (.text)
                  00002a18    00000086                                   : fd_cmp_t2.asm.obj (.text:__aeabi_cdcmple)
                  00002a9e    00000086                                   : fd_cmp_t2.asm.obj (.text:__aeabi_cdrcmple)
                  00002b24    0000007a                                   : memset_t2.asm.obj (.text)
                  00002b9e    0000006e                                   : _printfi.c.obj (.text:_mcpy)
                  00002c0c    00000068                                   : copy_decompress_lzss.c.obj (.text:decompress:lzss:__TI_decompress_lzss)
                  00002c74    00000064                                   : s_frexp.c.obj (.text:frexp)
                  00002cd8    00000056                                   : _printfi.c.obj (.text:_pconv_f)
                  00002d2e    00000054                                   : _ltoa.c.obj (.text:__TI_ltoa)
                  00002d82    00000052                                   : _printfi.c.obj (.text:_ecpy)
                  00002dd4    0000004c                                   : atoi.c.obj (.text:atoi)
                  00002e20    00000048                                   : fd_toi_t2.asm.obj (.text)
                  00002e68    00000044                                   : autoinit.c.obj (.text:__TI_auto_init_nobinit_nopinit:__TI_auto_init_nobinit_nopinit)
                  00002eac    00000040                                   : sprintf.c.obj (.text:sprintf)
                  00002eec    0000003e                                   : _printfi.c.obj (.text:_fcpy)
                  00002f2a    00000002     --HOLE-- [fill = 0]
                  00002f2c    00000034                                   : boot_cortex_m.c.obj (.text:_c_int00_noargs:_c_int00_noargs)
                  00002f60    0000002e                                   : i_tofd_t2.asm.obj (.text)
                  00002f8e    00000024     wait.obj (.text)
                  00002fb2    0000001c     rtsv7M4_T_le_v4SPD16_eabi.lib : memccpy.c.obj (.text:memccpy)
                  00002fce    0000001a                                   : s_copysign.c.obj (.text:copysign)
                  00002fe8    00000018                                   : sprintf.c.obj (.text:_outs)
                  00003000    00000016                                   : strchr.c.obj (.text:strchr)
                  00003016    00000014                                   : strlen.c.obj (.text:strlen)
                  0000302a    00000012                                   : wcslen.c.obj (.text:wcslen)
                  0000303c    00000010     clock.obj (.text)
                  0000304c    0000000e     rtsv7M4_T_le_v4SPD16_eabi.lib : copy_decompress_none.c.obj (.text:decompress:none:__TI_decompress_none)
                  0000305a    0000000c     tm4c123ge6pm_startup_ccs.obj (.text)
                  00003066    0000000a     rtsv7M4_T_le_v4SPD16_eabi.lib : sprintf.c.obj (.text:_outc)
                  00003070    00000008                                   : errno.c.obj (.text:__aeabi_errno_addr)
                  00003078    00000004                                   : pre_init.c.obj (.text:_system_pre_init)
                  0000307c    00000004                                   : exit.c.obj (.text:abort:abort)

.const     0    00003080    00000101     
                  00003080    00000101     rtsv7M4_T_le_v4SPD16_eabi.lib : ctype.c.obj (.const:.string:_ctypes_)

.cinit     0    00003188    0000001c     
                  00003188    0000000c     (.cinit..data.load) [load image, compression = lzss]
                  00003194    00000008     (__TI_handler_table)
                  0000319c    00000008     (__TI_cinit_table)

.init_array 
*          0    00000000    00000000     UNINITIALIZED

.data      0    20001000    00000014     UNINITIALIZED
                  20001000    00000010     freq_time.obj (.data)
                  20001010    00000004     rtsv7M4_T_le_v4SPD16_eabi.lib : errno.c.obj (.data)

.stack     0    20000000    00001000     UNINITIALIZED
                  20000000    00000004     rtsv7M4_T_le_v4SPD16_eabi.lib : boot_cortex_m.c.obj (.stack)
                  20000004    00000ffc     --HOLE--

__llvm_prf_cnts 
*          0    20000000    00000000     UNINITIALIZED

MODULE SUMMARY

       Module                         code    ro data   rw data
       ------                         ----    -------   -------
    .\
       gpio.obj                       2020    0         0      
       freq_time.obj                  1212    0         16     
       tm4c123ge6pm_startup_ccs.obj   12      620       0      
       uart0.obj                      356     0         0      
       adc0.obj                       260     0         0      
       nvic.obj                       212     0         0      
       wait.obj                       36      0         0      
       clock.obj                      16      0         0      
    +--+------------------------------+-------+---------+---------+
       Total:                         4124    620       16     
                                                               
    C:\ti\ccs1200\ccs\tools\compiler\ti-cgt-arm_20.2.6.LTS\lib\rtsv7M4_T_le_v4SPD16_eabi.lib
       _printfi.c.obj                 4851    0         0      
       fd_add_t2.asm.obj              438     0         0      
       fd_div_t2.asm.obj              310     0         0      
       s_scalbn.c.obj                 272     0         0      
       fd_cmp_t2.asm.obj              268     0         0      
       ctype.c.obj                    0       257       0      
       fd_mul_t2.asm.obj              252     0         0      
       memcpy_t2.asm.obj              156     0         0      
       ull_div_t2.asm.obj             150     0         0      
       memset_t2.asm.obj              122     0         0      
       copy_decompress_lzss.c.obj     104     0         0      
       s_frexp.c.obj                  100     0         0      
       sprintf.c.obj                  98      0         0      
       _ltoa.c.obj                    84      0         0      
       atoi.c.obj                     76      0         0      
       fd_toi_t2.asm.obj              72      0         0      
       autoinit.c.obj                 68      0         0      
       boot_cortex_m.c.obj            52      0         0      
       i_tofd_t2.asm.obj              46      0         0      
       memccpy.c.obj                  28      0         0      
       s_copysign.c.obj               26      0         0      
       strchr.c.obj                   22      0         0      
       strlen.c.obj                   20      0         0      
       wcslen.c.obj                   18      0         0      
       copy_decompress_none.c.obj     14      0         0      
       errno.c.obj                    8       0         4      
       exit.c.obj                     4       0         0      
       pre_init.c.obj                 4       0         0      
       div0.asm.obj                   2       0         0      
    +--+------------------------------+-------+---------+---------+
       Total:                         7665    257       4      
                                                               
       Stack:                         0       0         4096   
       Linker Generated:              0       28        0      
    +--+------------------------------+-------+---------+---------+
       Grand Total:                   11789   905       4116   


LINKER GENERATED COPY TABLES

__TI_cinit_table @ 0000319c records: 1, size/record: 8, table size: 8
	.data: load addr=00003188, load size=0000000c bytes, run addr=20001000, run size=00000014 bytes, compression=lzss


LINKER GENERATED HANDLER TABLE

__TI_handler_table @ 00003194 records: 2, size/record: 4, table size: 8
	index: 0, handler: __TI_decompress_lzss
	index: 1, handler: __TI_decompress_none


GLOBAL SYMBOLS: SORTED ALPHABETICALLY BY Name 

address   name                          
-------   ----                          
0000307d  C$$EXIT                       
0000305b  ResetISR                      
20001000  __STACK_END                   
00001000  __STACK_SIZE                  
20000200  __STACK_TOP                   
0000319c  __TI_CINIT_Base               
000031a4  __TI_CINIT_Limit              
00003194  __TI_Handler_Table_Base       
0000319c  __TI_Handler_Table_Limit      
00002e69  __TI_auto_init_nobinit_nopinit
00002c0d  __TI_decompress_lzss          
0000304d  __TI_decompress_none          
00002d2f  __TI_ltoa                     
ffffffff  __TI_pprof_out_hndl           
0000026d  __TI_printfi                  
ffffffff  __TI_prof_data_size           
ffffffff  __TI_prof_data_start          
00000000  __TI_static_base__            
00002a19  __aeabi_cdcmpeq               
00002a19  __aeabi_cdcmple               
00002a9f  __aeabi_cdrcmple              
00002e21  __aeabi_d2iz                  
00001da7  __aeabi_dadd                  
000021f5  __aeabi_ddiv                  
00002665  __aeabi_dmul                  
00001d9d  __aeabi_dsub                  
00003071  __aeabi_errno_addr            
00002f61  __aeabi_i2d                   
00000cbb  __aeabi_idiv0                 
00000cbb  __aeabi_ldiv0                 
00002b25  __aeabi_memclr                
00002b25  __aeabi_memclr4               
00002b25  __aeabi_memclr8               
000028e7  __aeabi_memcpy                
000028e7  __aeabi_memcpy4               
000028e7  __aeabi_memcpy8               
00002b27  __aeabi_memset                
00002b27  __aeabi_memset4               
00002b27  __aeabi_memset8               
00002983  __aeabi_uldivmod              
ffffffff  __binit__                     
ffffffff  __c_args__                    
UNDEFED   __mpu_init                    
20000000  __stack                       
20000000  __start___llvm_prf_cnts       
20000000  __stop___llvm_prf_cnts        
00002f2d  _c_int00_noargs               
00003080  _ctypes_                      
UNDEFED   _system_post_cinit            
00003079  _system_pre_init              
0000307d  abort                         
00002dd5  atoi                          
ffffffff  binit                         
00001311  clearPinInterrupt             
00002fcf  copysign                      
00002fcf  copysignl                     
00002799  disableNvicInterrupt          
000012ed  disablePinInterrupt           
00001025  disablePinPulldown            
00000fdd  disablePinPullup              
00000d79  disablePort                   
00001559  enableCounterMode             
00002761  enableNvicInterrupt           
000012c9  enablePinInterrupt            
00001001  enablePinPulldown             
00000faf  enablePinPullup               
00000cbd  enablePort                    
0000151b  enablefiftyTimer              
20001010  errno                         
000015c3  fiftyTimerIsr                 
20001004  frequency                     
00002c75  frexp                         
00002c75  frexpl                        
00000000  g_pfnVectors                  
0000135b  getPinValue                   
00001411  getPortValue                  
00002055  getcUart0                     
00002561  initAdc0Ss3                   
00001615  initHw                        
000014a1  initPWM                       
0000303d  initSystemClockTo40Mhz        
00001f55  initUart0                     
00002069  kbhitUart0                    
00002451  ldexp                         
00002451  ldexpl                        
0000175d  main                          
00002fb3  memccpy                       
000028e7  memcpy                        
00002b2d  memset                        
0000200d  putcUart0                     
00002029  putsUart0                     
20001000  pwmVal                        
2000100e  rawAnalog                     
00002613  readAdc0Ss3                   
2000100c  rpm                           
00002451  scalbn                        
00002451  scalbnl                       
00000ee3  selectPinAnalogInput          
00000e95  selectPinDigitalInput         
000011ff  selectPinInterruptBothEdges   
000011af  selectPinInterruptFallingEdge 
00001255  selectPinInterruptHighLevel   
0000128f  selectPinInterruptLowLevel    
0000115f  selectPinInterruptRisingEdge  
00000e47  selectPinOpenDrainOutput      
00000df9  selectPinPushPullOutput       
000025a7  setAdc0Ss3Log2AverageCount    
000025eb  setAdc0Ss3Mux                 
000027d1  setNvicInterruptPriority      
0000104d  setPinAuxFunction             
00000f33  setPinCommitControl           
00001335  setPinValue                   
00001395  setPortValue                  
00001fc9  setUart0BaudRate              
00002ead  sprintf                       
00003001  strchr                        
00003017  strlen                        
20001008  time                          
000015e9  timer1Isr                     
00002f8f  waitMicrosecond               
0000302b  wcslen                        
000015ff  wideTimer1Isr                 


GLOBAL SYMBOLS: SORTED BY Symbol Address 

address   name                          
-------   ----                          
00000000  __TI_static_base__            
00000000  g_pfnVectors                  
0000026d  __TI_printfi                  
00000cbb  __aeabi_idiv0                 
00000cbb  __aeabi_ldiv0                 
00000cbd  enablePort                    
00000d79  disablePort                   
00000df9  selectPinPushPullOutput       
00000e47  selectPinOpenDrainOutput      
00000e95  selectPinDigitalInput         
00000ee3  selectPinAnalogInput          
00000f33  setPinCommitControl           
00000faf  enablePinPullup               
00000fdd  disablePinPullup              
00001000  __STACK_SIZE                  
00001001  enablePinPulldown             
00001025  disablePinPulldown            
0000104d  setPinAuxFunction             
0000115f  selectPinInterruptRisingEdge  
000011af  selectPinInterruptFallingEdge 
000011ff  selectPinInterruptBothEdges   
00001255  selectPinInterruptHighLevel   
0000128f  selectPinInterruptLowLevel    
000012c9  enablePinInterrupt            
000012ed  disablePinInterrupt           
00001311  clearPinInterrupt             
00001335  setPinValue                   
0000135b  getPinValue                   
00001395  setPortValue                  
00001411  getPortValue                  
000014a1  initPWM                       
0000151b  enablefiftyTimer              
00001559  enableCounterMode             
000015c3  fiftyTimerIsr                 
000015e9  timer1Isr                     
000015ff  wideTimer1Isr                 
00001615  initHw                        
0000175d  main                          
00001d9d  __aeabi_dsub                  
00001da7  __aeabi_dadd                  
00001f55  initUart0                     
00001fc9  setUart0BaudRate              
0000200d  putcUart0                     
00002029  putsUart0                     
00002055  getcUart0                     
00002069  kbhitUart0                    
000021f5  __aeabi_ddiv                  
00002451  ldexp                         
00002451  ldexpl                        
00002451  scalbn                        
00002451  scalbnl                       
00002561  initAdc0Ss3                   
000025a7  setAdc0Ss3Log2AverageCount    
000025eb  setAdc0Ss3Mux                 
00002613  readAdc0Ss3                   
00002665  __aeabi_dmul                  
00002761  enableNvicInterrupt           
00002799  disableNvicInterrupt          
000027d1  setNvicInterruptPriority      
000028e7  __aeabi_memcpy                
000028e7  __aeabi_memcpy4               
000028e7  __aeabi_memcpy8               
000028e7  memcpy                        
00002983  __aeabi_uldivmod              
00002a19  __aeabi_cdcmpeq               
00002a19  __aeabi_cdcmple               
00002a9f  __aeabi_cdrcmple              
00002b25  __aeabi_memclr                
00002b25  __aeabi_memclr4               
00002b25  __aeabi_memclr8               
00002b27  __aeabi_memset                
00002b27  __aeabi_memset4               
00002b27  __aeabi_memset8               
00002b2d  memset                        
00002c0d  __TI_decompress_lzss          
00002c75  frexp                         
00002c75  frexpl                        
00002d2f  __TI_ltoa                     
00002dd5  atoi                          
00002e21  __aeabi_d2iz                  
00002e69  __TI_auto_init_nobinit_nopinit
00002ead  sprintf                       
00002f2d  _c_int00_noargs               
00002f61  __aeabi_i2d                   
00002f8f  waitMicrosecond               
00002fb3  memccpy                       
00002fcf  copysign                      
00002fcf  copysignl                     
00003001  strchr                        
00003017  strlen                        
0000302b  wcslen                        
0000303d  initSystemClockTo40Mhz        
0000304d  __TI_decompress_none          
0000305b  ResetISR                      
00003071  __aeabi_errno_addr            
00003079  _system_pre_init              
0000307d  C$$EXIT                       
0000307d  abort                         
00003080  _ctypes_                      
00003194  __TI_Handler_Table_Base       
0000319c  __TI_CINIT_Base               
0000319c  __TI_Handler_Table_Limit      
000031a4  __TI_CINIT_Limit              
20000000  __stack                       
20000000  __start___llvm_prf_cnts       
20000000  __stop___llvm_prf_cnts        
20000200  __STACK_TOP                   
20001000  __STACK_END                   
20001000  pwmVal                        
20001004  frequency                     
20001008  time                          
2000100c  rpm                           
2000100e  rawAnalog                     
20001010  errno                         
ffffffff  __TI_pprof_out_hndl           
ffffffff  __TI_prof_data_size           
ffffffff  __TI_prof_data_start          
ffffffff  __binit__                     
ffffffff  __c_args__                    
ffffffff  binit                         
UNDEFED   __mpu_init                    
UNDEFED   _system_post_cinit            

[122 symbols]
