******************************************************************************
                  TI ARM Linker Unix v20.2.7                   
******************************************************************************
>> Linked Fri Oct 21 13:03:03 2022

OUTPUT FILE NAME:   <lab4_BLDC_Schneider.out>
ENTRY POINT SYMBOL: "_c_int00_noargs"  address: 0000326d


MEMORY CONFIGURATION

         name            origin    length      used     unused   attr    fill
----------------------  --------  ---------  --------  --------  ----  --------
  FLASH                 00000000   00040000  00003511  0003caef  R  X
  SRAM                  20000000   00008000  0000101f  00006fe1  RW X


SEGMENT ALLOCATION MAP

run origin  load origin   length   init length attrs members
----------  ----------- ---------- ----------- ----- -------
00000000    00000000    00003518   00003518    r-x
  00000000    00000000    0000026c   0000026c    r-- .intvecs
  0000026c    0000026c    0000316c   0000316c    r-x .text
  000033d8    000033d8    00000101   00000101    r-- .const
  000034e0    000034e0    00000038   00000038    r-- .cinit
20000000    20000000    0000101f   00000000    rw-
  20000000    20000000    00001000   00000000    rw- .stack
  20001000    20001000    0000001c   00000000    rw- .data
  2000101c    2000101c    00000003   00000000    rw- .bss


SECTION ALLOCATION MAP

 output                                  attributes/
section   page    origin      length       input sections
--------  ----  ----------  ----------   ----------------
.intvecs   0    00000000    0000026c     
                  00000000    0000026c     tm4c123gh6pm_startup_ccs.obj (.intvecs)

.text      0    0000026c    0000316c     
                  0000026c    00000a4e     rtsv7M4_T_le_v4SPD16_eabi.lib : _printfi.c.obj (.text:__TI_printfi)
                  00000cba    00000002                                   : div0.asm.obj (.text)
                  00000cbc    000007e4     gpio.obj (.text)
                  000014a0    00000630     lab4_BLDC_Schneider.obj (.text)
                  00001ad0    00000434     uart0.obj (.text)
                  00001f04    00000270     rtsv7M4_T_le_v4SPD16_eabi.lib : _printfi.c.obj (.text:_pconv_a)
                  00002174    000001d0                                   : _printfi.c.obj (.text:_pconv_g)
                  00002344    000001b6                                   : fd_add_t2.asm.obj (.text)
                  000024fa    00000002     --HOLE-- [fill = 0]
                  000024fc    0000013c                                   : _printfi.c.obj (.text:_pconv_e)
                  00002638    00000136                                   : fd_div_t2.asm.obj (.text)
                  0000276e    00000002     --HOLE-- [fill = 0]
                  00002770    00000124                                   : _printfi.c.obj (.text:fcvt)
                  00002894    00000110                                   : s_scalbn.c.obj (.text:scalbn)
                  000029a4    000000fc                                   : fd_mul_t2.asm.obj (.text)
                  00002aa0    000000d4     nvic.obj (.text)
                  00002b74    000000b1     rtsv7M4_T_le_v4SPD16_eabi.lib : _printfi.c.obj (.text:_ltostr)
                  00002c25    00000001     --HOLE-- [fill = 0]
                  00002c26    0000009c                                   : memcpy_t2.asm.obj (.text)
                  00002cc2    00000096                                   : ull_div_t2.asm.obj (.text)
                  00002d58    00000086                                   : fd_cmp_t2.asm.obj (.text:__aeabi_cdcmple)
                  00002dde    00000086                                   : fd_cmp_t2.asm.obj (.text:__aeabi_cdrcmple)
                  00002e64    0000007a                                   : memset_t2.asm.obj (.text)
                  00002ede    0000006e                                   : _printfi.c.obj (.text:_mcpy)
                  00002f4c    00000068                                   : copy_decompress_lzss.c.obj (.text:decompress:lzss:__TI_decompress_lzss)
                  00002fb4    00000064                                   : s_frexp.c.obj (.text:frexp)
                  00003018    00000056                                   : _printfi.c.obj (.text:_pconv_f)
                  0000306e    00000054                                   : _ltoa.c.obj (.text:__TI_ltoa)
                  000030c2    00000052                                   : _printfi.c.obj (.text:_ecpy)
                  00003114    0000004c                                   : atoi.c.obj (.text:atoi)
                  00003160    00000048                                   : fd_toi_t2.asm.obj (.text)
                  000031a8    00000044                                   : autoinit.c.obj (.text:__TI_auto_init_nobinit_nopinit:__TI_auto_init_nobinit_nopinit)
                  000031ec    00000040                                   : sprintf.c.obj (.text:sprintf)
                  0000322c    0000003e                                   : _printfi.c.obj (.text:_fcpy)
                  0000326a    00000002     --HOLE-- [fill = 0]
                  0000326c    00000034                                   : boot_cortex_m.c.obj (.text:_c_int00_noargs:_c_int00_noargs)
                  000032a0    0000002e                                   : i_tofd_t2.asm.obj (.text)
                  000032ce    00000020     wait.obj (.text)
                  000032ee    0000001c     rtsv7M4_T_le_v4SPD16_eabi.lib : copy_zero_init.c.obj (.text:decompress:ZI:__TI_zero_init_nomemset:__TI_zero_init_nomemset)
                  0000330a    0000001c                                   : memccpy.c.obj (.text:memccpy)
                  00003326    0000001a                                   : s_copysign.c.obj (.text:copysign)
                  00003340    00000018                                   : sprintf.c.obj (.text:_outs)
                  00003358    00000016                                   : strchr.c.obj (.text:strchr)
                  0000336e    00000014                                   : strlen.c.obj (.text:strlen)
                  00003382    00000012                                   : wcslen.c.obj (.text:wcslen)
                  00003394    00000010     clock.obj (.text)
                  000033a4    0000000e     rtsv7M4_T_le_v4SPD16_eabi.lib : copy_decompress_none.c.obj (.text:decompress:none:__TI_decompress_none)
                  000033b2    0000000c     tm4c123gh6pm_startup_ccs.obj (.text)
                  000033be    0000000a     rtsv7M4_T_le_v4SPD16_eabi.lib : sprintf.c.obj (.text:_outc)
                  000033c8    00000008                                   : errno.c.obj (.text:__aeabi_errno_addr)
                  000033d0    00000004                                   : pre_init.c.obj (.text:_system_pre_init)
                  000033d4    00000004                                   : exit.c.obj (.text:abort:abort)

.const     0    000033d8    00000101     
                  000033d8    00000101     rtsv7M4_T_le_v4SPD16_eabi.lib : ctype.c.obj (.const:.string:_ctypes_)

.cinit     0    000034e0    00000038     
                  000034e0    00000014     (.cinit..data.load) [load image, compression = lzss]
                  000034f4    0000000c     (__TI_handler_table)
                  00003500    00000008     (.cinit..bss.load) [load image, compression = zero_init]
                  00003508    00000010     (__TI_cinit_table)

.init_array 
*          0    00000000    00000000     UNINITIALIZED

.data      0    20001000    0000001c     UNINITIALIZED
                  20001000    00000018     lab4_BLDC_Schneider.obj (.data)
                  20001018    00000004     rtsv7M4_T_le_v4SPD16_eabi.lib : errno.c.obj (.data)

.bss       0    2000101c    00000003     UNINITIALIZED
                  2000101c    00000001     (.common:hall1)
                  2000101d    00000001     (.common:hall2)
                  2000101e    00000001     (.common:hall3)

.stack     0    20000000    00001000     UNINITIALIZED
                  20000000    00000004     rtsv7M4_T_le_v4SPD16_eabi.lib : boot_cortex_m.c.obj (.stack)
                  20000004    00000ffc     --HOLE--

__llvm_prf_cnts 
*          0    20000000    00000000     UNINITIALIZED

MODULE SUMMARY

       Module                         code    ro data   rw data
       ------                         ----    -------   -------
    ./
       gpio.obj                       2020    0         0      
       lab4_BLDC_Schneider.obj        1584    0         27     
       uart0.obj                      1076    0         0      
       tm4c123gh6pm_startup_ccs.obj   12      620       0      
       nvic.obj                       212     0         0      
       wait.obj                       32      0         0      
       clock.obj                      16      0         0      
    +--+------------------------------+-------+---------+---------+
       Total:                         4952    620       27     
                                                               
    /Applications/ti/ccs1110/ccs/tools/compiler/ti-cgt-arm_20.2.7.LTS/lib/rtsv7M4_T_le_v4SPD16_eabi.lib
       _printfi.c.obj                 4851    0         0      
       fd_add_t2.asm.obj              438     0         0      
       fd_div_t2.asm.obj              310     0         0      
       s_scalbn.c.obj                 272     0         0      
       fd_cmp_t2.asm.obj              268     0         0      
       ctype.c.obj                    0       257       0      
       fd_mul_t2.asm.obj              252     0         0      
       memcpy_t2.asm.obj              156     0         0      
       ull_div_t2.asm.obj             150     0         0      
       memset_t2.asm.obj              122     0         0      
       copy_decompress_lzss.c.obj     104     0         0      
       s_frexp.c.obj                  100     0         0      
       sprintf.c.obj                  98      0         0      
       _ltoa.c.obj                    84      0         0      
       atoi.c.obj                     76      0         0      
       fd_toi_t2.asm.obj              72      0         0      
       autoinit.c.obj                 68      0         0      
       boot_cortex_m.c.obj            52      0         0      
       i_tofd_t2.asm.obj              46      0         0      
       copy_zero_init.c.obj           28      0         0      
       memccpy.c.obj                  28      0         0      
       s_copysign.c.obj               26      0         0      
       strchr.c.obj                   22      0         0      
       strlen.c.obj                   20      0         0      
       wcslen.c.obj                   18      0         0      
       copy_decompress_none.c.obj     14      0         0      
       errno.c.obj                    8       0         4      
       exit.c.obj                     4       0         0      
       pre_init.c.obj                 4       0         0      
       div0.asm.obj                   2       0         0      
    +--+------------------------------+-------+---------+---------+
       Total:                         7693    257       4      
                                                               
       Stack:                         0       0         4096   
       Linker Generated:              0       56        0      
    +--+------------------------------+-------+---------+---------+
       Grand Total:                   12645   933       4127   


LINKER GENERATED COPY TABLES

__TI_cinit_table @ 00003508 records: 2, size/record: 8, table size: 16
	.data: load addr=000034e0, load size=00000014 bytes, run addr=20001000, run size=0000001c bytes, compression=lzss
	.bss: load addr=00003500, load size=00000008 bytes, run addr=2000101c, run size=00000003 bytes, compression=zero_init


LINKER GENERATED HANDLER TABLE

__TI_handler_table @ 000034f4 records: 3, size/record: 4, table size: 12
	index: 0, handler: __TI_decompress_lzss
	index: 1, handler: __TI_decompress_none
	index: 2, handler: __TI_zero_init


GLOBAL SYMBOLS: SORTED ALPHABETICALLY BY Name 

address   name                          
-------   ----                          
000033d5  C$$EXIT                       
000033b3  ResetISR                      
20001000  __STACK_END                   
00001000  __STACK_SIZE                  
20000200  __STACK_TOP                   
00003508  __TI_CINIT_Base               
00003518  __TI_CINIT_Limit              
000034f4  __TI_Handler_Table_Base       
00003500  __TI_Handler_Table_Limit      
000031a9  __TI_auto_init_nobinit_nopinit
00002f4d  __TI_decompress_lzss          
000033a5  __TI_decompress_none          
0000306f  __TI_ltoa                     
ffffffff  __TI_pprof_out_hndl           
0000026d  __TI_printfi                  
ffffffff  __TI_prof_data_size           
ffffffff  __TI_prof_data_start          
00000000  __TI_static_base__            
000032ef  __TI_zero_init_nomemset       
00002d59  __aeabi_cdcmpeq               
00002d59  __aeabi_cdcmple               
00002ddf  __aeabi_cdrcmple              
00003161  __aeabi_d2iz                  
0000234f  __aeabi_dadd                  
00002639  __aeabi_ddiv                  
000029a5  __aeabi_dmul                  
00002345  __aeabi_dsub                  
000033c9  __aeabi_errno_addr            
000032a1  __aeabi_i2d                   
00000cbb  __aeabi_idiv0                 
00000cbb  __aeabi_ldiv0                 
00002e65  __aeabi_memclr                
00002e65  __aeabi_memclr4               
00002e65  __aeabi_memclr8               
00002c27  __aeabi_memcpy                
00002c27  __aeabi_memcpy4               
00002c27  __aeabi_memcpy8               
00002e67  __aeabi_memset                
00002e67  __aeabi_memset4               
00002e67  __aeabi_memset8               
00002cc3  __aeabi_uldivmod              
ffffffff  __binit__                     
ffffffff  __c_args__                    
UNDEFED   __mpu_init                    
20000000  __stack                       
20000000  __start___llvm_prf_cnts       
20000000  __stop___llvm_prf_cnts        
0000326d  _c_int00_noargs               
000033d8  _ctypes_                      
UNDEFED   _system_post_cinit            
000033d1  _system_pre_init              
000033d5  abort                         
00003115  atoi                          
ffffffff  binit                         
00001311  clearPinInterrupt             
00003327  copysign                      
00003327  copysignl                     
00002ad9  disableNvicInterrupt          
000012ed  disablePinInterrupt           
00001025  disablePinPulldown            
00000fdd  disablePinPullup              
00000d79  disablePort                   
000014a1  enableCounterMode             
00002aa1  enableNvicInterrupt           
000012c9  enablePinInterrupt            
00001001  enablePinPulldown             
00000faf  enablePinPullup               
00000cbd  enablePort                    
20001018  errno                         
20001008  frequency                     
00002fb5  frexp                         
00002fb5  frexpl                        
00000000  g_pfnVectors                  
00001d15  getFieldInteger               
00001ce5  getFieldString                
0000135b  getPinValue                   
00001411  getPortValue                  
00001eb1  getcUart0                     
00001b2f  getsUart0                     
2000101c  hall1                         
2000101d  hall2                         
2000101e  hall3                         
00001537  hallIsr                       
00001611  initHw                        
00003395  initSystemClockTo40Mhz        
00001ddb  initUart0                     
20001001  inputPhase                    
00001da7  isCommand                     
00001ec5  kbhitUart0                    
00002895  ldexp                         
00002895  ldexpl                        
00001991  main                          
0000330b  memccpy                       
00002c27  memcpy                        
00002e6d  memset                        
00001bb1  parseFields                   
20001000  phase                         
00001e69  putcUart0                     
00001e85  putsUart0                     
00001ad1  r_atoi                        
20001010  rpm                           
00002895  scalbn                        
00002895  scalbnl                       
00000ee3  selectPinAnalogInput          
00000e95  selectPinDigitalInput         
000011ff  selectPinInterruptBothEdges   
000011af  selectPinInterruptFallingEdge 
00001255  selectPinInterruptHighLevel   
0000128f  selectPinInterruptLowLevel    
0000115f  selectPinInterruptRisingEdge  
00000e47  selectPinOpenDrainOutput      
00000df9  selectPinPushPullOutput       
00001791  setElectricalPhase            
00002b11  setNvicInterruptPriority      
0000104d  setPinAuxFunction             
00000f33  setPinCommitControl           
00001335  setPinValue                   
00001395  setPortValue                  
00001e25  setUart0BaudRate              
000031ed  sprintf                       
00001941  step_CW                       
00001d55  strCmp                        
00003359  strchr                        
0000336f  strlen                        
2000100c  time                          
0000150b  timer1Isr                     
20001004  timing                        
000032cf  waitMicrosecond               
20001014  waitTiming                    
00003383  wcslen                        
00001521  wideTimer1Isr                 


GLOBAL SYMBOLS: SORTED BY Symbol Address 

address   name                          
-------   ----                          
00000000  __TI_static_base__            
00000000  g_pfnVectors                  
0000026d  __TI_printfi                  
00000cbb  __aeabi_idiv0                 
00000cbb  __aeabi_ldiv0                 
00000cbd  enablePort                    
00000d79  disablePort                   
00000df9  selectPinPushPullOutput       
00000e47  selectPinOpenDrainOutput      
00000e95  selectPinDigitalInput         
00000ee3  selectPinAnalogInput          
00000f33  setPinCommitControl           
00000faf  enablePinPullup               
00000fdd  disablePinPullup              
00001000  __STACK_SIZE                  
00001001  enablePinPulldown             
00001025  disablePinPulldown            
0000104d  setPinAuxFunction             
0000115f  selectPinInterruptRisingEdge  
000011af  selectPinInterruptFallingEdge 
000011ff  selectPinInterruptBothEdges   
00001255  selectPinInterruptHighLevel   
0000128f  selectPinInterruptLowLevel    
000012c9  enablePinInterrupt            
000012ed  disablePinInterrupt           
00001311  clearPinInterrupt             
00001335  setPinValue                   
0000135b  getPinValue                   
00001395  setPortValue                  
00001411  getPortValue                  
000014a1  enableCounterMode             
0000150b  timer1Isr                     
00001521  wideTimer1Isr                 
00001537  hallIsr                       
00001611  initHw                        
00001791  setElectricalPhase            
00001941  step_CW                       
00001991  main                          
00001ad1  r_atoi                        
00001b2f  getsUart0                     
00001bb1  parseFields                   
00001ce5  getFieldString                
00001d15  getFieldInteger               
00001d55  strCmp                        
00001da7  isCommand                     
00001ddb  initUart0                     
00001e25  setUart0BaudRate              
00001e69  putcUart0                     
00001e85  putsUart0                     
00001eb1  getcUart0                     
00001ec5  kbhitUart0                    
00002345  __aeabi_dsub                  
0000234f  __aeabi_dadd                  
00002639  __aeabi_ddiv                  
00002895  ldexp                         
00002895  ldexpl                        
00002895  scalbn                        
00002895  scalbnl                       
000029a5  __aeabi_dmul                  
00002aa1  enableNvicInterrupt           
00002ad9  disableNvicInterrupt          
00002b11  setNvicInterruptPriority      
00002c27  __aeabi_memcpy                
00002c27  __aeabi_memcpy4               
00002c27  __aeabi_memcpy8               
00002c27  memcpy                        
00002cc3  __aeabi_uldivmod              
00002d59  __aeabi_cdcmpeq               
00002d59  __aeabi_cdcmple               
00002ddf  __aeabi_cdrcmple              
00002e65  __aeabi_memclr                
00002e65  __aeabi_memclr4               
00002e65  __aeabi_memclr8               
00002e67  __aeabi_memset                
00002e67  __aeabi_memset4               
00002e67  __aeabi_memset8               
00002e6d  memset                        
00002f4d  __TI_decompress_lzss          
00002fb5  frexp                         
00002fb5  frexpl                        
0000306f  __TI_ltoa                     
00003115  atoi                          
00003161  __aeabi_d2iz                  
000031a9  __TI_auto_init_nobinit_nopinit
000031ed  sprintf                       
0000326d  _c_int00_noargs               
000032a1  __aeabi_i2d                   
000032cf  waitMicrosecond               
000032ef  __TI_zero_init_nomemset       
0000330b  memccpy                       
00003327  copysign                      
00003327  copysignl                     
00003359  strchr                        
0000336f  strlen                        
00003383  wcslen                        
00003395  initSystemClockTo40Mhz        
000033a5  __TI_decompress_none          
000033b3  ResetISR                      
000033c9  __aeabi_errno_addr            
000033d1  _system_pre_init              
000033d5  C$$EXIT                       
000033d5  abort                         
000033d8  _ctypes_                      
000034f4  __TI_Handler_Table_Base       
00003500  __TI_Handler_Table_Limit      
00003508  __TI_CINIT_Base               
00003518  __TI_CINIT_Limit              
20000000  __stack                       
20000000  __start___llvm_prf_cnts       
20000000  __stop___llvm_prf_cnts        
20000200  __STACK_TOP                   
20001000  __STACK_END                   
20001000  phase                         
20001001  inputPhase                    
20001004  timing                        
20001008  frequency                     
2000100c  time                          
20001010  rpm                           
20001014  waitTiming                    
20001018  errno                         
2000101c  hall1                         
2000101d  hall2                         
2000101e  hall3                         
ffffffff  __TI_pprof_out_hndl           
ffffffff  __TI_prof_data_size           
ffffffff  __TI_prof_data_start          
ffffffff  __binit__                     
ffffffff  __c_args__                    
ffffffff  binit                         
UNDEFED   __mpu_init                    
UNDEFED   _system_post_cinit            

[131 symbols]
