******************************************************************************
                  TI ARM Linker Unix v20.2.7                   
******************************************************************************
>> Linked Fri Nov 18 13:32:17 2022

OUTPUT FILE NAME:   <mechatronics_lidar.out>
ENTRY POINT SYMBOL: "_c_int00_noargs"  address: 00003091


MEMORY CONFIGURATION

         name            origin    length      used     unused   attr    fill
----------------------  --------  ---------  --------  --------  ----  --------
  FLASH                 00000000   00040000  0000332d  0003ccd3  R  X
  SRAM                  20000000   00008000  000017d4  0000682c  RW X


SEGMENT ALLOCATION MAP

run origin  load origin   length   init length attrs members
----------  ----------- ---------- ----------- ----- -------
00000000    00000000    00003330   00003330    r-x
  00000000    00000000    0000026c   0000026c    r-- .intvecs
  0000026c    0000026c    00002f80   00002f80    r-x .text
  000031ec    000031ec    00000111   00000111    r-- .const
  00003300    00003300    00000030   00000030    r-- .cinit
20000000    20000000    000017d4   00000000    rw-
  20000000    20000000    00001000   00000000    rw- .stack
  20001000    20001000    000007d0   00000000    rw- .bss
  200017d0    200017d0    00000004   00000000    rw- .data


SECTION ALLOCATION MAP

 output                                  attributes/
section   page    origin      length       input sections
--------  ----  ----------  ----------   ----------------
.intvecs   0    00000000    0000026c     
                  00000000    0000026c     tm4c123gh6pm_startup_ccs.obj (.intvecs)

.text      0    0000026c    00002f80     
                  0000026c    00000a4e     rtsv7M4_T_le_v4SPD16_eabi.lib : _printfi.c.obj (.text:__TI_printfi)
                  00000cba    00000002                                   : div0.asm.obj (.text)
                  00000cbc    000007e4     gpio.obj (.text)
                  000014a0    000004f0     main.obj (.text)
                  00001990    00000434     uart0.obj (.text)
                  00001dc4    00000270     rtsv7M4_T_le_v4SPD16_eabi.lib : _printfi.c.obj (.text:_pconv_a)
                  00002034    000001d0                                   : _printfi.c.obj (.text:_pconv_g)
                  00002204    000001b6                                   : fd_add_t2.asm.obj (.text)
                  000023ba    00000002     --HOLE-- [fill = 0]
                  000023bc    0000013c                                   : _printfi.c.obj (.text:_pconv_e)
                  000024f8    00000136                                   : fd_div_t2.asm.obj (.text)
                  0000262e    00000002     --HOLE-- [fill = 0]
                  00002630    00000124                                   : _printfi.c.obj (.text:fcvt)
                  00002754    00000110                                   : s_scalbn.c.obj (.text:scalbn)
                  00002864    000000fc                                   : fd_mul_t2.asm.obj (.text)
                  00002960    000000b1                                   : _printfi.c.obj (.text:_ltostr)
                  00002a11    00000001     --HOLE-- [fill = 0]
                  00002a12    0000009c                                   : memcpy_t2.asm.obj (.text)
                  00002aae    00000096                                   : ull_div_t2.asm.obj (.text)
                  00002b44    00000086                                   : fd_cmp_t2.asm.obj (.text:__aeabi_cdcmple)
                  00002bca    00000086                                   : fd_cmp_t2.asm.obj (.text:__aeabi_cdrcmple)
                  00002c50    0000007a                                   : memset_t2.asm.obj (.text)
                  00002cca    0000006e                                   : _printfi.c.obj (.text:_mcpy)
                  00002d38    00000068                                   : copy_decompress_lzss.c.obj (.text:decompress:lzss:__TI_decompress_lzss)
                  00002da0    00000064                                   : s_frexp.c.obj (.text:frexp)
                  00002e04    00000056                                   : _printfi.c.obj (.text:_pconv_f)
                  00002e5a    00000054                                   : _ltoa.c.obj (.text:__TI_ltoa)
                  00002eae    00000052                                   : _printfi.c.obj (.text:_ecpy)
                  00002f00    0000004c                                   : atoi.c.obj (.text:atoi)
                  00002f4c    00000048                                   : fd_toi_t2.asm.obj (.text)
                  00002f94    00000044                                   : autoinit.c.obj (.text:__TI_auto_init_nobinit_nopinit:__TI_auto_init_nobinit_nopinit)
                  00002fd8    00000040                                   : sprintf.c.obj (.text:sprintf)
                  00003018    0000003e                                   : _printfi.c.obj (.text:_fcpy)
                  00003056    00000038                                   : fs_tod_t2.asm.obj (.text)
                  0000308e    00000002     --HOLE-- [fill = 0]
                  00003090    00000034                                   : boot_cortex_m.c.obj (.text:_c_int00_noargs:_c_int00_noargs)
                  000030c4    0000002e                                   : i_tofd_t2.asm.obj (.text)
                  000030f2    00000020     wait.obj (.text)
                  00003112    0000001c     rtsv7M4_T_le_v4SPD16_eabi.lib : memccpy.c.obj (.text:memccpy)
                  0000312e    0000001a                                   : s_copysign.c.obj (.text:copysign)
                  00003148    00000018                                   : sprintf.c.obj (.text:_outs)
                  00003160    00000016                                   : strchr.c.obj (.text:strchr)
                  00003176    00000014                                   : strlen.c.obj (.text:strlen)
                  0000318a    00000012                                   : wcslen.c.obj (.text:wcslen)
                  0000319c    00000010     clock.obj (.text)
                  000031ac    0000000e     rtsv7M4_T_le_v4SPD16_eabi.lib : copy_decompress_none.c.obj (.text:decompress:none:__TI_decompress_none)
                  000031ba    0000000c                                   : copy_zero_init.c.obj (.text:decompress:ZI:__TI_zero_init)
                  000031c6    0000000c     tm4c123gh6pm_startup_ccs.obj (.text)
                  000031d2    0000000a     rtsv7M4_T_le_v4SPD16_eabi.lib : sprintf.c.obj (.text:_outc)
                  000031dc    00000008                                   : errno.c.obj (.text:__aeabi_errno_addr)
                  000031e4    00000004                                   : pre_init.c.obj (.text:_system_pre_init)
                  000031e8    00000004                                   : exit.c.obj (.text:abort:abort)

.const     0    000031ec    00000111     
                  000031ec    00000101     rtsv7M4_T_le_v4SPD16_eabi.lib : ctype.c.obj (.const:.string:_ctypes_)
                  000032ed    00000010     main.obj (.const:.string:$P$T0$1)

.cinit     0    00003300    00000030     
                  00003300    0000000c     (__TI_handler_table)
                  0000330c    00000004     --HOLE-- [fill = 0]
                  00003310    00000008     (.cinit..bss.load) [load image, compression = zero_init]
                  00003318    00000007     (.cinit..data.load) [load image, compression = lzss]
                  0000331f    00000001     --HOLE-- [fill = 0]
                  00003320    00000010     (__TI_cinit_table)

.init_array 
*          0    00000000    00000000     UNINITIALIZED

.bss       0    20001000    000007d0     UNINITIALIZED
                  20001000    000007d0     (.common:received)

.data      0    200017d0    00000004     UNINITIALIZED
                  200017d0    00000004     rtsv7M4_T_le_v4SPD16_eabi.lib : errno.c.obj (.data)

.stack     0    20000000    00001000     UNINITIALIZED
                  20000000    00000004     rtsv7M4_T_le_v4SPD16_eabi.lib : boot_cortex_m.c.obj (.stack)
                  20000004    00000ffc     --HOLE--

__llvm_prf_cnts 
*          0    20000000    00000000     UNINITIALIZED

MODULE SUMMARY

       Module                         code    ro data   rw data
       ------                         ----    -------   -------
    ./
       main.obj                       1264    16        2000   
       gpio.obj                       2020    0         0      
       uart0.obj                      1076    0         0      
       tm4c123gh6pm_startup_ccs.obj   12      620       0      
       wait.obj                       32      0         0      
       clock.obj                      16      0         0      
    +--+------------------------------+-------+---------+---------+
       Total:                         4420    636       2000   
                                                               
    /Applications/ti/ccs1110/ccs/tools/compiler/ti-cgt-arm_20.2.7.LTS/lib/rtsv7M4_T_le_v4SPD16_eabi.lib
       _printfi.c.obj                 4851    0         0      
       fd_add_t2.asm.obj              438     0         0      
       fd_div_t2.asm.obj              310     0         0      
       s_scalbn.c.obj                 272     0         0      
       fd_cmp_t2.asm.obj              268     0         0      
       ctype.c.obj                    0       257       0      
       fd_mul_t2.asm.obj              252     0         0      
       memcpy_t2.asm.obj              156     0         0      
       ull_div_t2.asm.obj             150     0         0      
       memset_t2.asm.obj              122     0         0      
       copy_decompress_lzss.c.obj     104     0         0      
       s_frexp.c.obj                  100     0         0      
       sprintf.c.obj                  98      0         0      
       _ltoa.c.obj                    84      0         0      
       atoi.c.obj                     76      0         0      
       fd_toi_t2.asm.obj              72      0         0      
       autoinit.c.obj                 68      0         0      
       fs_tod_t2.asm.obj              56      0         0      
       boot_cortex_m.c.obj            52      0         0      
       i_tofd_t2.asm.obj              46      0         0      
       memccpy.c.obj                  28      0         0      
       s_copysign.c.obj               26      0         0      
       strchr.c.obj                   22      0         0      
       strlen.c.obj                   20      0         0      
       wcslen.c.obj                   18      0         0      
       copy_decompress_none.c.obj     14      0         0      
       copy_zero_init.c.obj           12      0         0      
       errno.c.obj                    8       0         4      
       exit.c.obj                     4       0         0      
       pre_init.c.obj                 4       0         0      
       div0.asm.obj                   2       0         0      
    +--+------------------------------+-------+---------+---------+
       Total:                         7733    257       4      
                                                               
       Stack:                         0       0         4096   
       Linker Generated:              0       43        0      
    +--+------------------------------+-------+---------+---------+
       Grand Total:                   12153   936       6100   


LINKER GENERATED COPY TABLES

__TI_cinit_table @ 00003320 records: 2, size/record: 8, table size: 16
	.bss: load addr=00003310, load size=00000008 bytes, run addr=20001000, run size=000007d0 bytes, compression=zero_init
	.data: load addr=00003318, load size=00000007 bytes, run addr=200017d0, run size=00000004 bytes, compression=lzss


LINKER GENERATED HANDLER TABLE

__TI_handler_table @ 00003300 records: 3, size/record: 4, table size: 12
	index: 0, handler: __TI_decompress_lzss
	index: 1, handler: __TI_decompress_none
	index: 2, handler: __TI_zero_init


GLOBAL SYMBOLS: SORTED ALPHABETICALLY BY Name 

address   name                          
-------   ----                          
000031e9  C$$EXIT                       
000031c7  ResetISR                      
20001000  __STACK_END                   
00001000  __STACK_SIZE                  
20000200  __STACK_TOP                   
00003320  __TI_CINIT_Base               
00003330  __TI_CINIT_Limit              
00003300  __TI_Handler_Table_Base       
0000330c  __TI_Handler_Table_Limit      
00002f95  __TI_auto_init_nobinit_nopinit
00002d39  __TI_decompress_lzss          
000031ad  __TI_decompress_none          
00002e5b  __TI_ltoa                     
ffffffff  __TI_pprof_out_hndl           
0000026d  __TI_printfi                  
ffffffff  __TI_prof_data_size           
ffffffff  __TI_prof_data_start          
00000000  __TI_static_base__            
000031bb  __TI_zero_init                
00002b45  __aeabi_cdcmpeq               
00002b45  __aeabi_cdcmple               
00002bcb  __aeabi_cdrcmple              
00002f4d  __aeabi_d2iz                  
0000220f  __aeabi_dadd                  
000024f9  __aeabi_ddiv                  
00002865  __aeabi_dmul                  
00002205  __aeabi_dsub                  
000031dd  __aeabi_errno_addr            
00003057  __aeabi_f2d                   
000030c5  __aeabi_i2d                   
00000cbb  __aeabi_idiv0                 
00000cbb  __aeabi_ldiv0                 
00002c51  __aeabi_memclr                
00002c51  __aeabi_memclr4               
00002c51  __aeabi_memclr8               
00002a13  __aeabi_memcpy                
00002a13  __aeabi_memcpy4               
00002a13  __aeabi_memcpy8               
00002c53  __aeabi_memset                
00002c53  __aeabi_memset4               
00002c53  __aeabi_memset8               
00002aaf  __aeabi_uldivmod              
ffffffff  __binit__                     
ffffffff  __c_args__                    
UNDEFED   __mpu_init                    
20000000  __stack                       
20000000  __start___llvm_prf_cnts       
20000000  __stop___llvm_prf_cnts        
00003091  _c_int00_noargs               
000031ec  _ctypes_                      
UNDEFED   _system_post_cinit            
000031e5  _system_pre_init              
000031e9  abort                         
00002f01  atoi                          
ffffffff  binit                         
00001311  clearPinInterrupt             
0000312f  copysign                      
0000312f  copysignl                     
000012ed  disablePinInterrupt           
00001025  disablePinPulldown            
00000fdd  disablePinPullup              
00000d79  disablePort                   
000012c9  enablePinInterrupt            
00001001  enablePinPulldown             
00000faf  enablePinPullup               
00000cbd  enablePort                    
200017d0  errno                         
00002da1  frexp                         
00002da1  frexpl                        
00000000  g_pfnVectors                  
00001bd5  getFieldInteger               
00001ba5  getFieldString                
000016d1  getInfo                       
0000135b  getPinValue                   
00001411  getPortValue                  
000016e1  getScanned                    
00001d71  getcUart0                     
0000161b  getcUart1                     
000019ef  getsUart0                     
000015a3  initHw                        
000014a1  initPWM                       
0000319d  initSystemClockTo40Mhz        
00001c9b  initUart0                     
0000151b  initUart1                     
00001c67  isCommand                     
00001649  itoa_h                        
00001d85  kbhitUart0                    
0000162f  kbhitUart1                    
00002755  ldexp                         
00002755  ldexpl                        
0000175d  main                          
00003113  memccpy                       
00002a13  memcpy                        
00002c59  memset                        
00001a71  parseFields                   
00001d29  putcUart0                     
000015d3  putcUart1                     
00001d45  putsUart0                     
000015ef  putsUart1                     
00001991  r_atoi                        
20001000  received                      
00002755  scalbn                        
00002755  scalbnl                       
00000ee3  selectPinAnalogInput          
00000e95  selectPinDigitalInput         
000011ff  selectPinInterruptBothEdges   
000011af  selectPinInterruptFallingEdge 
00001255  selectPinInterruptHighLevel   
0000128f  selectPinInterruptLowLevel    
0000115f  selectPinInterruptRisingEdge  
00000e47  selectPinOpenDrainOutput      
00000df9  selectPinPushPullOutput       
0000104d  setPinAuxFunction             
00000f33  setPinCommitControl           
00001335  setPinValue                   
00001395  setPortValue                  
00001ce5  setUart0BaudRate              
0000155f  setUart1BaudRate              
00002fd9  sprintf                       
000016f1  stopCommand                   
00001c15  strCmp                        
00003161  strchr                        
00003177  strlen                        
000030f3  waitMicrosecond               
0000318b  wcslen                        


GLOBAL SYMBOLS: SORTED BY Symbol Address 

address   name                          
-------   ----                          
00000000  __TI_static_base__            
00000000  g_pfnVectors                  
0000026d  __TI_printfi                  
00000cbb  __aeabi_idiv0                 
00000cbb  __aeabi_ldiv0                 
00000cbd  enablePort                    
00000d79  disablePort                   
00000df9  selectPinPushPullOutput       
00000e47  selectPinOpenDrainOutput      
00000e95  selectPinDigitalInput         
00000ee3  selectPinAnalogInput          
00000f33  setPinCommitControl           
00000faf  enablePinPullup               
00000fdd  disablePinPullup              
00001000  __STACK_SIZE                  
00001001  enablePinPulldown             
00001025  disablePinPulldown            
0000104d  setPinAuxFunction             
0000115f  selectPinInterruptRisingEdge  
000011af  selectPinInterruptFallingEdge 
000011ff  selectPinInterruptBothEdges   
00001255  selectPinInterruptHighLevel   
0000128f  selectPinInterruptLowLevel    
000012c9  enablePinInterrupt            
000012ed  disablePinInterrupt           
00001311  clearPinInterrupt             
00001335  setPinValue                   
0000135b  getPinValue                   
00001395  setPortValue                  
00001411  getPortValue                  
000014a1  initPWM                       
0000151b  initUart1                     
0000155f  setUart1BaudRate              
000015a3  initHw                        
000015d3  putcUart1                     
000015ef  putsUart1                     
0000161b  getcUart1                     
0000162f  kbhitUart1                    
00001649  itoa_h                        
000016d1  getInfo                       
000016e1  getScanned                    
000016f1  stopCommand                   
0000175d  main                          
00001991  r_atoi                        
000019ef  getsUart0                     
00001a71  parseFields                   
00001ba5  getFieldString                
00001bd5  getFieldInteger               
00001c15  strCmp                        
00001c67  isCommand                     
00001c9b  initUart0                     
00001ce5  setUart0BaudRate              
00001d29  putcUart0                     
00001d45  putsUart0                     
00001d71  getcUart0                     
00001d85  kbhitUart0                    
00002205  __aeabi_dsub                  
0000220f  __aeabi_dadd                  
000024f9  __aeabi_ddiv                  
00002755  ldexp                         
00002755  ldexpl                        
00002755  scalbn                        
00002755  scalbnl                       
00002865  __aeabi_dmul                  
00002a13  __aeabi_memcpy                
00002a13  __aeabi_memcpy4               
00002a13  __aeabi_memcpy8               
00002a13  memcpy                        
00002aaf  __aeabi_uldivmod              
00002b45  __aeabi_cdcmpeq               
00002b45  __aeabi_cdcmple               
00002bcb  __aeabi_cdrcmple              
00002c51  __aeabi_memclr                
00002c51  __aeabi_memclr4               
00002c51  __aeabi_memclr8               
00002c53  __aeabi_memset                
00002c53  __aeabi_memset4               
00002c53  __aeabi_memset8               
00002c59  memset                        
00002d39  __TI_decompress_lzss          
00002da1  frexp                         
00002da1  frexpl                        
00002e5b  __TI_ltoa                     
00002f01  atoi                          
00002f4d  __aeabi_d2iz                  
00002f95  __TI_auto_init_nobinit_nopinit
00002fd9  sprintf                       
00003057  __aeabi_f2d                   
00003091  _c_int00_noargs               
000030c5  __aeabi_i2d                   
000030f3  waitMicrosecond               
00003113  memccpy                       
0000312f  copysign                      
0000312f  copysignl                     
00003161  strchr                        
00003177  strlen                        
0000318b  wcslen                        
0000319d  initSystemClockTo40Mhz        
000031ad  __TI_decompress_none          
000031bb  __TI_zero_init                
000031c7  ResetISR                      
000031dd  __aeabi_errno_addr            
000031e5  _system_pre_init              
000031e9  C$$EXIT                       
000031e9  abort                         
000031ec  _ctypes_                      
00003300  __TI_Handler_Table_Base       
0000330c  __TI_Handler_Table_Limit      
00003320  __TI_CINIT_Base               
00003330  __TI_CINIT_Limit              
20000000  __stack                       
20000000  __start___llvm_prf_cnts       
20000000  __stop___llvm_prf_cnts        
20000200  __STACK_TOP                   
20001000  __STACK_END                   
20001000  received                      
200017d0  errno                         
ffffffff  __TI_pprof_out_hndl           
ffffffff  __TI_prof_data_size           
ffffffff  __TI_prof_data_start          
ffffffff  __binit__                     
ffffffff  __c_args__                    
ffffffff  binit                         
UNDEFED   __mpu_init                    
UNDEFED   _system_post_cinit            

[125 symbols]
