<?xml version="1.0" encoding="ISO-8859-1" ?>
<link_info>
   <banner>TI ARM Linker Unix v20.2.7.LTS</banner>
   <copyright>Copyright (c) 1996-2018 Texas Instruments Incorporated</copyright>
   <link_time>0x6352ded7</link_time>
   <link_errors>0x0</link_errors>
   <output_file>lab4_BLDC_Schneider.out</output_file>
   <entry_point>
      <name>_c_int00_noargs</name>
      <address>0x326d</address>
   </entry_point>
   <input_file_list>
      <input_file id="fl-1">
         <path>./</path>
         <kind>object</kind>
         <file>clock.obj</file>
         <name>clock.obj</name>
      </input_file>
      <input_file id="fl-2">
         <path>./</path>
         <kind>object</kind>
         <file>gpio.obj</file>
         <name>gpio.obj</name>
      </input_file>
      <input_file id="fl-3">
         <path>./</path>
         <kind>object</kind>
         <file>lab4_BLDC_Schneider.obj</file>
         <name>lab4_BLDC_Schneider.obj</name>
      </input_file>
      <input_file id="fl-4">
         <path>./</path>
         <kind>object</kind>
         <file>nvic.obj</file>
         <name>nvic.obj</name>
      </input_file>
      <input_file id="fl-5">
         <path>./</path>
         <kind>object</kind>
         <file>tm4c123gh6pm_startup_ccs.obj</file>
         <name>tm4c123gh6pm_startup_ccs.obj</name>
      </input_file>
      <input_file id="fl-6">
         <path>./</path>
         <kind>object</kind>
         <file>uart0.obj</file>
         <name>uart0.obj</name>
      </input_file>
      <input_file id="fl-7">
         <path>./</path>
         <kind>object</kind>
         <file>wait.obj</file>
         <name>wait.obj</name>
      </input_file>
      <input_file id="fl-b">
         <kind>object</kind>
         <file>&lt;internal&gt;</file>
         <name>&lt;internal&gt;</name>
      </input_file>
      <input_file id="fl-c1">
         <path>/Applications/ti/ccs1110/ccs/tools/compiler/ti-cgt-arm_20.2.7.LTS/lib/</path>
         <kind>archive</kind>
         <file>rtsv7M4_T_le_v4SPD16_eabi.lib</file>
         <name>sprintf.c.obj</name>
      </input_file>
      <input_file id="fl-c2">
         <path>/Applications/ti/ccs1110/ccs/tools/compiler/ti-cgt-arm_20.2.7.LTS/lib/</path>
         <kind>archive</kind>
         <file>rtsv7M4_T_le_v4SPD16_eabi.lib</file>
         <name>memcpy_t2.asm.obj</name>
      </input_file>
      <input_file id="fl-c3">
         <path>/Applications/ti/ccs1110/ccs/tools/compiler/ti-cgt-arm_20.2.7.LTS/lib/</path>
         <kind>archive</kind>
         <file>rtsv7M4_T_le_v4SPD16_eabi.lib</file>
         <name>copy_zero_init.c.obj</name>
      </input_file>
      <input_file id="fl-c4">
         <path>/Applications/ti/ccs1110/ccs/tools/compiler/ti-cgt-arm_20.2.7.LTS/lib/</path>
         <kind>archive</kind>
         <file>rtsv7M4_T_le_v4SPD16_eabi.lib</file>
         <name>copy_decompress_none.c.obj</name>
      </input_file>
      <input_file id="fl-c5">
         <path>/Applications/ti/ccs1110/ccs/tools/compiler/ti-cgt-arm_20.2.7.LTS/lib/</path>
         <kind>archive</kind>
         <file>rtsv7M4_T_le_v4SPD16_eabi.lib</file>
         <name>copy_decompress_lzss.c.obj</name>
      </input_file>
      <input_file id="fl-c6">
         <path>/Applications/ti/ccs1110/ccs/tools/compiler/ti-cgt-arm_20.2.7.LTS/lib/</path>
         <kind>archive</kind>
         <file>rtsv7M4_T_le_v4SPD16_eabi.lib</file>
         <name>boot_cortex_m.c.obj</name>
      </input_file>
      <input_file id="fl-c7">
         <path>/Applications/ti/ccs1110/ccs/tools/compiler/ti-cgt-arm_20.2.7.LTS/lib/</path>
         <kind>archive</kind>
         <file>rtsv7M4_T_le_v4SPD16_eabi.lib</file>
         <name>_printfi.c.obj</name>
      </input_file>
      <input_file id="fl-c8">
         <path>/Applications/ti/ccs1110/ccs/tools/compiler/ti-cgt-arm_20.2.7.LTS/lib/</path>
         <kind>archive</kind>
         <file>rtsv7M4_T_le_v4SPD16_eabi.lib</file>
         <name>fd_add_t2.asm.obj</name>
      </input_file>
      <input_file id="fl-c9">
         <path>/Applications/ti/ccs1110/ccs/tools/compiler/ti-cgt-arm_20.2.7.LTS/lib/</path>
         <kind>archive</kind>
         <file>rtsv7M4_T_le_v4SPD16_eabi.lib</file>
         <name>fd_cmp_t2.asm.obj</name>
      </input_file>
      <input_file id="fl-ca">
         <path>/Applications/ti/ccs1110/ccs/tools/compiler/ti-cgt-arm_20.2.7.LTS/lib/</path>
         <kind>archive</kind>
         <file>rtsv7M4_T_le_v4SPD16_eabi.lib</file>
         <name>fd_div_t2.asm.obj</name>
      </input_file>
      <input_file id="fl-cb">
         <path>/Applications/ti/ccs1110/ccs/tools/compiler/ti-cgt-arm_20.2.7.LTS/lib/</path>
         <kind>archive</kind>
         <file>rtsv7M4_T_le_v4SPD16_eabi.lib</file>
         <name>fd_mul_t2.asm.obj</name>
      </input_file>
      <input_file id="fl-cc">
         <path>/Applications/ti/ccs1110/ccs/tools/compiler/ti-cgt-arm_20.2.7.LTS/lib/</path>
         <kind>archive</kind>
         <file>rtsv7M4_T_le_v4SPD16_eabi.lib</file>
         <name>fd_toi_t2.asm.obj</name>
      </input_file>
      <input_file id="fl-cd">
         <path>/Applications/ti/ccs1110/ccs/tools/compiler/ti-cgt-arm_20.2.7.LTS/lib/</path>
         <kind>archive</kind>
         <file>rtsv7M4_T_le_v4SPD16_eabi.lib</file>
         <name>i_tofd_t2.asm.obj</name>
      </input_file>
      <input_file id="fl-ce">
         <path>/Applications/ti/ccs1110/ccs/tools/compiler/ti-cgt-arm_20.2.7.LTS/lib/</path>
         <kind>archive</kind>
         <file>rtsv7M4_T_le_v4SPD16_eabi.lib</file>
         <name>memset_t2.asm.obj</name>
      </input_file>
      <input_file id="fl-cf">
         <path>/Applications/ti/ccs1110/ccs/tools/compiler/ti-cgt-arm_20.2.7.LTS/lib/</path>
         <kind>archive</kind>
         <file>rtsv7M4_T_le_v4SPD16_eabi.lib</file>
         <name>ull_div_t2.asm.obj</name>
      </input_file>
      <input_file id="fl-d0">
         <path>/Applications/ti/ccs1110/ccs/tools/compiler/ti-cgt-arm_20.2.7.LTS/lib/</path>
         <kind>archive</kind>
         <file>rtsv7M4_T_le_v4SPD16_eabi.lib</file>
         <name>autoinit.c.obj</name>
      </input_file>
      <input_file id="fl-d1">
         <path>/Applications/ti/ccs1110/ccs/tools/compiler/ti-cgt-arm_20.2.7.LTS/lib/</path>
         <kind>archive</kind>
         <file>rtsv7M4_T_le_v4SPD16_eabi.lib</file>
         <name>pre_init.c.obj</name>
      </input_file>
      <input_file id="fl-d2">
         <path>/Applications/ti/ccs1110/ccs/tools/compiler/ti-cgt-arm_20.2.7.LTS/lib/</path>
         <kind>archive</kind>
         <file>rtsv7M4_T_le_v4SPD16_eabi.lib</file>
         <name>cpy_tbl.c.obj</name>
      </input_file>
      <input_file id="fl-d3">
         <path>/Applications/ti/ccs1110/ccs/tools/compiler/ti-cgt-arm_20.2.7.LTS/lib/</path>
         <kind>archive</kind>
         <file>rtsv7M4_T_le_v4SPD16_eabi.lib</file>
         <name>exit.c.obj</name>
      </input_file>
      <input_file id="fl-d4">
         <path>/Applications/ti/ccs1110/ccs/tools/compiler/ti-cgt-arm_20.2.7.LTS/lib/</path>
         <kind>archive</kind>
         <file>rtsv7M4_T_le_v4SPD16_eabi.lib</file>
         <name>_lock.c.obj</name>
      </input_file>
      <input_file id="fl-d5">
         <path>/Applications/ti/ccs1110/ccs/tools/compiler/ti-cgt-arm_20.2.7.LTS/lib/</path>
         <kind>archive</kind>
         <file>rtsv7M4_T_le_v4SPD16_eabi.lib</file>
         <name>_ltoa.c.obj</name>
      </input_file>
      <input_file id="fl-d6">
         <path>/Applications/ti/ccs1110/ccs/tools/compiler/ti-cgt-arm_20.2.7.LTS/lib/</path>
         <kind>archive</kind>
         <file>rtsv7M4_T_le_v4SPD16_eabi.lib</file>
         <name>args_main.c.obj</name>
      </input_file>
      <input_file id="fl-d7">
         <path>/Applications/ti/ccs1110/ccs/tools/compiler/ti-cgt-arm_20.2.7.LTS/lib/</path>
         <kind>archive</kind>
         <file>rtsv7M4_T_le_v4SPD16_eabi.lib</file>
         <name>atoi.c.obj</name>
      </input_file>
      <input_file id="fl-d8">
         <path>/Applications/ti/ccs1110/ccs/tools/compiler/ti-cgt-arm_20.2.7.LTS/lib/</path>
         <kind>archive</kind>
         <file>rtsv7M4_T_le_v4SPD16_eabi.lib</file>
         <name>ctype.c.obj</name>
      </input_file>
      <input_file id="fl-d9">
         <path>/Applications/ti/ccs1110/ccs/tools/compiler/ti-cgt-arm_20.2.7.LTS/lib/</path>
         <kind>archive</kind>
         <file>rtsv7M4_T_le_v4SPD16_eabi.lib</file>
         <name>memccpy.c.obj</name>
      </input_file>
      <input_file id="fl-da">
         <path>/Applications/ti/ccs1110/ccs/tools/compiler/ti-cgt-arm_20.2.7.LTS/lib/</path>
         <kind>archive</kind>
         <file>rtsv7M4_T_le_v4SPD16_eabi.lib</file>
         <name>strchr.c.obj</name>
      </input_file>
      <input_file id="fl-db">
         <path>/Applications/ti/ccs1110/ccs/tools/compiler/ti-cgt-arm_20.2.7.LTS/lib/</path>
         <kind>archive</kind>
         <file>rtsv7M4_T_le_v4SPD16_eabi.lib</file>
         <name>strlen.c.obj</name>
      </input_file>
      <input_file id="fl-dc">
         <path>/Applications/ti/ccs1110/ccs/tools/compiler/ti-cgt-arm_20.2.7.LTS/lib/</path>
         <kind>archive</kind>
         <file>rtsv7M4_T_le_v4SPD16_eabi.lib</file>
         <name>errno.c.obj</name>
      </input_file>
      <input_file id="fl-dd">
         <path>/Applications/ti/ccs1110/ccs/tools/compiler/ti-cgt-arm_20.2.7.LTS/lib/</path>
         <kind>archive</kind>
         <file>rtsv7M4_T_le_v4SPD16_eabi.lib</file>
         <name>wcslen.c.obj</name>
      </input_file>
      <input_file id="fl-de">
         <path>/Applications/ti/ccs1110/ccs/tools/compiler/ti-cgt-arm_20.2.7.LTS/lib/</path>
         <kind>archive</kind>
         <file>rtsv7M4_T_le_v4SPD16_eabi.lib</file>
         <name>s_frexp.c.obj</name>
      </input_file>
      <input_file id="fl-df">
         <path>/Applications/ti/ccs1110/ccs/tools/compiler/ti-cgt-arm_20.2.7.LTS/lib/</path>
         <kind>archive</kind>
         <file>rtsv7M4_T_le_v4SPD16_eabi.lib</file>
         <name>s_scalbn.c.obj</name>
      </input_file>
      <input_file id="fl-e0">
         <path>/Applications/ti/ccs1110/ccs/tools/compiler/ti-cgt-arm_20.2.7.LTS/lib/</path>
         <kind>archive</kind>
         <file>rtsv7M4_T_le_v4SPD16_eabi.lib</file>
         <name>div0.asm.obj</name>
      </input_file>
      <input_file id="fl-e1">
         <path>/Applications/ti/ccs1110/ccs/tools/compiler/ti-cgt-arm_20.2.7.LTS/lib/</path>
         <kind>archive</kind>
         <file>rtsv7M4_T_le_v4SPD16_eabi.lib</file>
         <name>s_copysign.c.obj</name>
      </input_file>
   </input_file_list>
   <object_component_list>
      <object_component id="oc-12">
         <name>.intvecs</name>
         <load_address>0x0</load_address>
         <run_address>0x0</run_address>
         <size>0x26c</size>
         <input_file_ref idref="fl-5"/>
      </object_component>
      <object_component id="oc-f0">
         <name>.text:__TI_printfi</name>
         <load_address>0x26c</load_address>
         <run_address>0x26c</run_address>
         <size>0xa4e</size>
         <input_file_ref idref="fl-c7"/>
      </object_component>
      <object_component id="oc-282">
         <name>.text</name>
         <load_address>0xcba</load_address>
         <run_address>0xcba</run_address>
         <size>0x2</size>
         <input_file_ref idref="fl-e0"/>
      </object_component>
      <object_component id="oc-74">
         <name>.text</name>
         <load_address>0xcbc</load_address>
         <run_address>0xcbc</run_address>
         <size>0x7e4</size>
         <input_file_ref idref="fl-2"/>
      </object_component>
      <object_component id="oc-2d">
         <name>.text</name>
         <load_address>0x14a0</load_address>
         <run_address>0x14a0</run_address>
         <size>0x630</size>
         <input_file_ref idref="fl-3"/>
      </object_component>
      <object_component id="oc-94">
         <name>.text</name>
         <load_address>0x1ad0</load_address>
         <run_address>0x1ad0</run_address>
         <size>0x434</size>
         <input_file_ref idref="fl-6"/>
      </object_component>
      <object_component id="oc-191">
         <name>.text:_pconv_a</name>
         <load_address>0x1f04</load_address>
         <run_address>0x1f04</run_address>
         <size>0x270</size>
         <input_file_ref idref="fl-c7"/>
      </object_component>
      <object_component id="oc-17f">
         <name>.text:_pconv_g</name>
         <load_address>0x2174</load_address>
         <run_address>0x2174</run_address>
         <size>0x1d0</size>
         <input_file_ref idref="fl-c7"/>
      </object_component>
      <object_component id="oc-208">
         <name>.text</name>
         <load_address>0x2344</load_address>
         <run_address>0x2344</run_address>
         <size>0x1b6</size>
         <input_file_ref idref="fl-c8"/>
      </object_component>
      <object_component id="oc-18b">
         <name>.text:_pconv_e</name>
         <load_address>0x24fc</load_address>
         <run_address>0x24fc</run_address>
         <size>0x13c</size>
         <input_file_ref idref="fl-c7"/>
      </object_component>
      <object_component id="oc-1ee">
         <name>.text</name>
         <load_address>0x2638</load_address>
         <run_address>0x2638</run_address>
         <size>0x136</size>
         <input_file_ref idref="fl-ca"/>
      </object_component>
      <object_component id="oc-21a">
         <name>.text:fcvt</name>
         <load_address>0x2770</load_address>
         <run_address>0x2770</run_address>
         <size>0x124</size>
         <input_file_ref idref="fl-c7"/>
      </object_component>
      <object_component id="oc-22e">
         <name>.text:scalbn</name>
         <load_address>0x2894</load_address>
         <run_address>0x2894</run_address>
         <size>0x110</size>
         <input_file_ref idref="fl-df"/>
      </object_component>
      <object_component id="oc-1e9">
         <name>.text</name>
         <load_address>0x29a4</load_address>
         <run_address>0x29a4</run_address>
         <size>0xfc</size>
         <input_file_ref idref="fl-cb"/>
      </object_component>
      <object_component id="oc-80">
         <name>.text</name>
         <load_address>0x2aa0</load_address>
         <run_address>0x2aa0</run_address>
         <size>0xd4</size>
         <input_file_ref idref="fl-4"/>
      </object_component>
      <object_component id="oc-174">
         <name>.text:_ltostr</name>
         <load_address>0x2b74</load_address>
         <run_address>0x2b74</run_address>
         <size>0xb1</size>
         <input_file_ref idref="fl-c7"/>
      </object_component>
      <object_component id="oc-41">
         <name>.text</name>
         <load_address>0x2c26</load_address>
         <run_address>0x2c26</run_address>
         <size>0x9c</size>
         <input_file_ref idref="fl-c2"/>
      </object_component>
      <object_component id="oc-1e2">
         <name>.text</name>
         <load_address>0x2cc2</load_address>
         <run_address>0x2cc2</run_address>
         <size>0x96</size>
         <input_file_ref idref="fl-cf"/>
      </object_component>
      <object_component id="oc-17a">
         <name>.text:__aeabi_cdcmple</name>
         <load_address>0x2d58</load_address>
         <run_address>0x2d58</run_address>
         <size>0x86</size>
         <input_file_ref idref="fl-c9"/>
      </object_component>
      <object_component id="oc-1f3">
         <name>.text:__aeabi_cdrcmple</name>
         <load_address>0x2dde</load_address>
         <run_address>0x2dde</run_address>
         <size>0x86</size>
         <input_file_ref idref="fl-c9"/>
      </object_component>
      <object_component id="oc-c7">
         <name>.text</name>
         <load_address>0x2e64</load_address>
         <run_address>0x2e64</run_address>
         <size>0x7a</size>
         <input_file_ref idref="fl-ce"/>
      </object_component>
      <object_component id="oc-213">
         <name>.text:_mcpy</name>
         <load_address>0x2ede</load_address>
         <run_address>0x2ede</run_address>
         <size>0x6e</size>
         <input_file_ref idref="fl-c7"/>
      </object_component>
      <object_component id="oc-15">
         <name>.text:decompress:lzss:__TI_decompress_lzss</name>
         <load_address>0x2f4c</load_address>
         <run_address>0x2f4c</run_address>
         <size>0x68</size>
         <input_file_ref idref="fl-c5"/>
      </object_component>
      <object_component id="oc-228">
         <name>.text:frexp</name>
         <load_address>0x2fb4</load_address>
         <run_address>0x2fb4</run_address>
         <size>0x64</size>
         <input_file_ref idref="fl-de"/>
      </object_component>
      <object_component id="oc-185">
         <name>.text:_pconv_f</name>
         <load_address>0x3018</load_address>
         <run_address>0x3018</run_address>
         <size>0x56</size>
         <input_file_ref idref="fl-c7"/>
      </object_component>
      <object_component id="oc-1fd">
         <name>.text:__TI_ltoa</name>
         <load_address>0x306e</load_address>
         <run_address>0x306e</run_address>
         <size>0x54</size>
         <input_file_ref idref="fl-d5"/>
      </object_component>
      <object_component id="oc-20d">
         <name>.text:_ecpy</name>
         <load_address>0x30c2</load_address>
         <run_address>0x30c2</run_address>
         <size>0x52</size>
         <input_file_ref idref="fl-c7"/>
      </object_component>
      <object_component id="oc-16e">
         <name>.text:atoi</name>
         <load_address>0x3114</load_address>
         <run_address>0x3114</run_address>
         <size>0x4c</size>
         <input_file_ref idref="fl-d7"/>
      </object_component>
      <object_component id="oc-1f8">
         <name>.text</name>
         <load_address>0x3160</load_address>
         <run_address>0x3160</run_address>
         <size>0x48</size>
         <input_file_ref idref="fl-cc"/>
      </object_component>
      <object_component id="oc-12b">
         <name>.text:__TI_auto_init_nobinit_nopinit:__TI_auto_init_nobinit_nopinit</name>
         <load_address>0x31a8</load_address>
         <run_address>0x31a8</run_address>
         <size>0x44</size>
         <input_file_ref idref="fl-d0"/>
      </object_component>
      <object_component id="oc-9a">
         <name>.text:sprintf</name>
         <load_address>0x31ec</load_address>
         <run_address>0x31ec</run_address>
         <size>0x40</size>
         <input_file_ref idref="fl-c1"/>
      </object_component>
      <object_component id="oc-220">
         <name>.text:_fcpy</name>
         <load_address>0x322c</load_address>
         <run_address>0x322c</run_address>
         <size>0x3e</size>
         <input_file_ref idref="fl-c7"/>
      </object_component>
      <object_component id="oc-5f">
         <name>.text:_c_int00_noargs:_c_int00_noargs</name>
         <load_address>0x326c</load_address>
         <run_address>0x326c</run_address>
         <size>0x34</size>
         <input_file_ref idref="fl-c6"/>
      </object_component>
      <object_component id="oc-203">
         <name>.text</name>
         <load_address>0x32a0</load_address>
         <run_address>0x32a0</run_address>
         <size>0x2e</size>
         <input_file_ref idref="fl-cd"/>
      </object_component>
      <object_component id="oc-8e">
         <name>.text</name>
         <load_address>0x32ce</load_address>
         <run_address>0x32ce</run_address>
         <size>0x20</size>
         <input_file_ref idref="fl-7"/>
      </object_component>
      <object_component id="oc-4d">
         <name>.text:decompress:ZI:__TI_zero_init_nomemset:__TI_zero_init_nomemset</name>
         <load_address>0x32ee</load_address>
         <run_address>0x32ee</run_address>
         <size>0x1c</size>
         <input_file_ref idref="fl-c3"/>
      </object_component>
      <object_component id="oc-197">
         <name>.text:memccpy</name>
         <load_address>0x330a</load_address>
         <run_address>0x330a</run_address>
         <size>0x1c</size>
         <input_file_ref idref="fl-d9"/>
      </object_component>
      <object_component id="oc-29b">
         <name>.text:copysign</name>
         <load_address>0x3326</load_address>
         <run_address>0x3326</run_address>
         <size>0x1a</size>
         <input_file_ref idref="fl-e1"/>
      </object_component>
      <object_component id="oc-f6">
         <name>.text:_outs</name>
         <load_address>0x3340</load_address>
         <run_address>0x3340</run_address>
         <size>0x18</size>
         <input_file_ref idref="fl-c1"/>
      </object_component>
      <object_component id="oc-234">
         <name>.text:strchr</name>
         <load_address>0x3358</load_address>
         <run_address>0x3358</run_address>
         <size>0x16</size>
         <input_file_ref idref="fl-da"/>
      </object_component>
      <object_component id="oc-168">
         <name>.text:strlen</name>
         <load_address>0x336e</load_address>
         <run_address>0x336e</run_address>
         <size>0x14</size>
         <input_file_ref idref="fl-db"/>
      </object_component>
      <object_component id="oc-19d">
         <name>.text:wcslen</name>
         <load_address>0x3382</load_address>
         <run_address>0x3382</run_address>
         <size>0x12</size>
         <input_file_ref idref="fl-dd"/>
      </object_component>
      <object_component id="oc-7a">
         <name>.text</name>
         <load_address>0x3394</load_address>
         <run_address>0x3394</run_address>
         <size>0x10</size>
         <input_file_ref idref="fl-1"/>
      </object_component>
      <object_component id="oc-1b">
         <name>.text:decompress:none:__TI_decompress_none</name>
         <load_address>0x33a4</load_address>
         <run_address>0x33a4</run_address>
         <size>0xe</size>
         <input_file_ref idref="fl-c4"/>
      </object_component>
      <object_component id="oc-27">
         <name>.text</name>
         <load_address>0x33b2</load_address>
         <run_address>0x33b2</run_address>
         <size>0xc</size>
         <input_file_ref idref="fl-5"/>
      </object_component>
      <object_component id="oc-fc">
         <name>.text:_outc</name>
         <load_address>0x33be</load_address>
         <run_address>0x33be</run_address>
         <size>0xa</size>
         <input_file_ref idref="fl-c1"/>
      </object_component>
      <object_component id="oc-1a3">
         <name>.text:__aeabi_errno_addr</name>
         <load_address>0x33c8</load_address>
         <run_address>0x33c8</run_address>
         <size>0x8</size>
         <input_file_ref idref="fl-dc"/>
      </object_component>
      <object_component id="oc-cd">
         <name>.text:_system_pre_init</name>
         <load_address>0x33d0</load_address>
         <run_address>0x33d0</run_address>
         <size>0x4</size>
         <input_file_ref idref="fl-d1"/>
      </object_component>
      <object_component id="oc-11f">
         <name>.text:abort:abort</name>
         <load_address>0x33d4</load_address>
         <run_address>0x33d4</run_address>
         <size>0x4</size>
         <input_file_ref idref="fl-d3"/>
      </object_component>
      <object_component id="oc-1dd">
         <name>.const:.string:_ctypes_</name>
         <load_address>0x33d8</load_address>
         <run_address>0x33d8</run_address>
         <size>0x101</size>
         <input_file_ref idref="fl-d8"/>
      </object_component>
      <object_component id="oc-302">
         <name>.cinit..data.load</name>
         <load_address>0x34e0</load_address>
         <run_address>0x34e0</run_address>
         <size>0x14</size>
      </object_component>
      <object_component id="oc-300">
         <name>__TI_handler_table</name>
         <load_address>0x34f4</load_address>
         <run_address>0x34f4</run_address>
         <size>0xc</size>
      </object_component>
      <object_component id="oc-303">
         <name>.cinit..bss.load</name>
         <load_address>0x3500</load_address>
         <run_address>0x3500</run_address>
         <size>0x8</size>
      </object_component>
      <object_component id="oc-301">
         <name>__TI_cinit_table</name>
         <load_address>0x3508</load_address>
         <run_address>0x3508</run_address>
         <size>0x10</size>
      </object_component>
      <object_component id="oc-86">
         <name>.data</name>
         <load_address>0x20001000</load_address>
         <run_address>0x20001000</run_address>
         <size>0x18</size>
         <input_file_ref idref="fl-3"/>
      </object_component>
      <object_component id="oc-244">
         <name>.data</name>
         <load_address>0x20001018</load_address>
         <run_address>0x20001018</run_address>
         <size>0x4</size>
         <input_file_ref idref="fl-dc"/>
      </object_component>
      <object_component id="oc-89">
         <name>.common:hall1</name>
         <uninitialized>true</uninitialized>
         <run_address>0x2000101c</run_address>
         <size>0x1</size>
      </object_component>
      <object_component id="oc-8c">
         <name>.common:hall2</name>
         <uninitialized>true</uninitialized>
         <run_address>0x2000101d</run_address>
         <size>0x1</size>
      </object_component>
      <object_component id="oc-8d">
         <name>.common:hall3</name>
         <uninitialized>true</uninitialized>
         <run_address>0x2000101e</run_address>
         <size>0x1</size>
      </object_component>
      <object_component id="oc-24">
         <name>.stack</name>
         <uninitialized>true</uninitialized>
         <run_address>0x20000000</run_address>
         <size>0x4</size>
         <input_file_ref idref="fl-c6"/>
      </object_component>
      <object_component id="oc-305">
         <name>.stack</name>
         <uninitialized>true</uninitialized>
         <run_address>0x20000000</run_address>
         <size>0x0</size>
      </object_component>
      <object_component id="oc-10e">
         <name>.debug_info</name>
         <load_address>0x0</load_address>
         <run_address>0x0</run_address>
         <size>0x270</size>
         <input_file_ref idref="fl-1"/>
      </object_component>
      <object_component id="oc-7b">
         <name>.debug_info</name>
         <load_address>0x270</load_address>
         <run_address>0x270</run_address>
         <size>0x12d</size>
         <input_file_ref idref="fl-1"/>
      </object_component>
      <object_component id="oc-ad">
         <name>.debug_info</name>
         <load_address>0x39d</load_address>
         <run_address>0x39d</run_address>
         <size>0x26b</size>
         <input_file_ref idref="fl-1"/>
      </object_component>
      <object_component id="oc-3c">
         <name>.debug_info</name>
         <load_address>0x608</load_address>
         <run_address>0x608</run_address>
         <size>0x84</size>
         <input_file_ref idref="fl-1"/>
      </object_component>
      <object_component id="oc-109">
         <name>.debug_info</name>
         <load_address>0x68c</load_address>
         <run_address>0x68c</run_address>
         <size>0x2a4</size>
         <input_file_ref idref="fl-1"/>
      </object_component>
      <object_component id="oc-a6">
         <name>.debug_info</name>
         <load_address>0x930</load_address>
         <run_address>0x930</run_address>
         <size>0xbb</size>
         <input_file_ref idref="fl-1"/>
      </object_component>
      <object_component id="oc-e5">
         <name>.debug_info</name>
         <load_address>0x9eb</load_address>
         <run_address>0x9eb</run_address>
         <size>0x275</size>
         <input_file_ref idref="fl-2"/>
      </object_component>
      <object_component id="oc-75">
         <name>.debug_info</name>
         <load_address>0xc60</load_address>
         <run_address>0xc60</run_address>
         <size>0x105a</size>
         <input_file_ref idref="fl-2"/>
      </object_component>
      <object_component id="oc-e0">
         <name>.debug_info</name>
         <load_address>0x1cba</load_address>
         <run_address>0x1cba</run_address>
         <size>0x88</size>
         <input_file_ref idref="fl-2"/>
      </object_component>
      <object_component id="oc-a1">
         <name>.debug_info</name>
         <load_address>0x1d42</load_address>
         <run_address>0x1d42</run_address>
         <size>0x8b</size>
         <input_file_ref idref="fl-2"/>
      </object_component>
      <object_component id="oc-8a">
         <name>.debug_info</name>
         <load_address>0x1dcd</load_address>
         <run_address>0x1dcd</run_address>
         <size>0x6e7</size>
         <input_file_ref idref="fl-3"/>
      </object_component>
      <object_component id="oc-87">
         <name>.debug_info</name>
         <load_address>0x24b4</load_address>
         <run_address>0x24b4</run_address>
         <size>0x1a7</size>
         <input_file_ref idref="fl-3"/>
      </object_component>
      <object_component id="oc-2e">
         <name>.debug_info</name>
         <load_address>0x265b</load_address>
         <run_address>0x265b</run_address>
         <size>0xc83</size>
         <input_file_ref idref="fl-3"/>
      </object_component>
      <object_component id="oc-163">
         <name>.debug_info</name>
         <load_address>0x32de</load_address>
         <run_address>0x32de</run_address>
         <size>0x8a</size>
         <input_file_ref idref="fl-3"/>
      </object_component>
      <object_component id="oc-104">
         <name>.debug_info</name>
         <load_address>0x3368</load_address>
         <run_address>0x3368</run_address>
         <size>0x2c</size>
         <input_file_ref idref="fl-3"/>
      </object_component>
      <object_component id="oc-e8">
         <name>.debug_info</name>
         <load_address>0x3394</load_address>
         <run_address>0x3394</run_address>
         <size>0x27a</size>
         <input_file_ref idref="fl-4"/>
      </object_component>
      <object_component id="oc-82">
         <name>.debug_info</name>
         <load_address>0x360e</load_address>
         <run_address>0x360e</run_address>
         <size>0x316</size>
         <input_file_ref idref="fl-4"/>
      </object_component>
      <object_component id="oc-35">
         <name>.debug_info</name>
         <load_address>0x3924</load_address>
         <run_address>0x3924</run_address>
         <size>0x313</size>
         <input_file_ref idref="fl-5"/>
      </object_component>
      <object_component id="oc-13">
         <name>.debug_info</name>
         <load_address>0x3c37</load_address>
         <run_address>0x3c37</run_address>
         <size>0x100</size>
         <input_file_ref idref="fl-5"/>
      </object_component>
      <object_component id="oc-28">
         <name>.debug_info</name>
         <load_address>0x3d37</load_address>
         <run_address>0x3d37</run_address>
         <size>0x27c</size>
         <input_file_ref idref="fl-5"/>
      </object_component>
      <object_component id="oc-ef">
         <name>.debug_info</name>
         <load_address>0x3fb3</load_address>
         <run_address>0x3fb3</run_address>
         <size>0x39b</size>
         <input_file_ref idref="fl-6"/>
      </object_component>
      <object_component id="oc-95">
         <name>.debug_info</name>
         <load_address>0x434e</load_address>
         <run_address>0x434e</run_address>
         <size>0x8fb</size>
         <input_file_ref idref="fl-6"/>
      </object_component>
      <object_component id="oc-8f">
         <name>.debug_info</name>
         <load_address>0x4c49</load_address>
         <run_address>0x4c49</run_address>
         <size>0x137</size>
         <input_file_ref idref="fl-7"/>
      </object_component>
      <object_component id="oc-103">
         <name>.debug_info</name>
         <load_address>0x4d80</load_address>
         <run_address>0x4d80</run_address>
         <size>0x333</size>
         <input_file_ref idref="fl-c1"/>
      </object_component>
      <object_component id="oc-9e">
         <name>.debug_info</name>
         <load_address>0x50b3</load_address>
         <run_address>0x50b3</run_address>
         <size>0x1d1</size>
         <input_file_ref idref="fl-c1"/>
      </object_component>
      <object_component id="oc-fa">
         <name>.debug_info</name>
         <load_address>0x5284</load_address>
         <run_address>0x5284</run_address>
         <size>0x18d</size>
         <input_file_ref idref="fl-c1"/>
      </object_component>
      <object_component id="oc-100">
         <name>.debug_info</name>
         <load_address>0x5411</load_address>
         <run_address>0x5411</run_address>
         <size>0x16d</size>
         <input_file_ref idref="fl-c1"/>
      </object_component>
      <object_component id="oc-24b">
         <name>.debug_info</name>
         <load_address>0x557e</load_address>
         <run_address>0x557e</run_address>
         <size>0x2c</size>
         <input_file_ref idref="fl-c1"/>
      </object_component>
      <object_component id="oc-43">
         <name>.debug_info</name>
         <load_address>0x55aa</load_address>
         <run_address>0x55aa</run_address>
         <size>0x119</size>
         <input_file_ref idref="fl-c2"/>
      </object_component>
      <object_component id="oc-c6">
         <name>.debug_info</name>
         <load_address>0x56c3</load_address>
         <run_address>0x56c3</run_address>
         <size>0x2d4</size>
         <input_file_ref idref="fl-c3"/>
      </object_component>
      <object_component id="oc-51">
         <name>.debug_info</name>
         <load_address>0x5997</load_address>
         <run_address>0x5997</run_address>
         <size>0x1d2</size>
         <input_file_ref idref="fl-c3"/>
      </object_component>
      <object_component id="oc-c1">
         <name>.debug_info</name>
         <load_address>0x5b69</load_address>
         <run_address>0x5b69</run_address>
         <size>0x46</size>
         <input_file_ref idref="fl-c3"/>
      </object_component>
      <object_component id="oc-116">
         <name>.debug_info</name>
         <load_address>0x5baf</load_address>
         <run_address>0x5baf</run_address>
         <size>0x2c</size>
         <input_file_ref idref="fl-c3"/>
      </object_component>
      <object_component id="oc-4c">
         <name>.debug_info</name>
         <load_address>0x5bdb</load_address>
         <run_address>0x5bdb</run_address>
         <size>0x2a8</size>
         <input_file_ref idref="fl-c4"/>
      </object_component>
      <object_component id="oc-1c">
         <name>.debug_info</name>
         <load_address>0x5e83</load_address>
         <run_address>0x5e83</run_address>
         <size>0x1ea</size>
         <input_file_ref idref="fl-c4"/>
      </object_component>
      <object_component id="oc-47">
         <name>.debug_info</name>
         <load_address>0x606d</load_address>
         <run_address>0x606d</run_address>
         <size>0x46</size>
         <input_file_ref idref="fl-c4"/>
      </object_component>
      <object_component id="oc-b9">
         <name>.debug_info</name>
         <load_address>0x60b3</load_address>
         <run_address>0x60b3</run_address>
         <size>0x2c</size>
         <input_file_ref idref="fl-c4"/>
      </object_component>
      <object_component id="oc-b7">
         <name>.debug_info</name>
         <load_address>0x60df</load_address>
         <run_address>0x60df</run_address>
         <size>0x29e</size>
         <input_file_ref idref="fl-c5"/>
      </object_component>
      <object_component id="oc-17">
         <name>.debug_info</name>
         <load_address>0x637d</load_address>
         <run_address>0x637d</run_address>
         <size>0x250</size>
         <input_file_ref idref="fl-c5"/>
      </object_component>
      <object_component id="oc-37">
         <name>.debug_info</name>
         <load_address>0x65cd</load_address>
         <run_address>0x65cd</run_address>
         <size>0x60</size>
         <input_file_ref idref="fl-c5"/>
      </object_component>
      <object_component id="oc-10f">
         <name>.debug_info</name>
         <load_address>0x662d</load_address>
         <run_address>0x662d</run_address>
         <size>0x46</size>
         <input_file_ref idref="fl-c5"/>
      </object_component>
      <object_component id="oc-b2">
         <name>.debug_info</name>
         <load_address>0x6673</load_address>
         <run_address>0x6673</run_address>
         <size>0x39</size>
         <input_file_ref idref="fl-c5"/>
      </object_component>
      <object_component id="oc-25">
         <name>.debug_info</name>
         <load_address>0x66ac</load_address>
         <run_address>0x66ac</run_address>
         <size>0x10b</size>
         <input_file_ref idref="fl-c6"/>
      </object_component>
      <object_component id="oc-60">
         <name>.debug_info</name>
         <load_address>0x67b7</load_address>
         <run_address>0x67b7</run_address>
         <size>0x1a9</size>
         <input_file_ref idref="fl-c6"/>
      </object_component>
      <object_component id="oc-1aa">
         <name>.debug_info</name>
         <load_address>0x6960</load_address>
         <run_address>0x6960</run_address>
         <size>0x590</size>
         <input_file_ref idref="fl-c7"/>
      </object_component>
      <object_component id="oc-175">
         <name>.debug_info</name>
         <load_address>0x6ef0</load_address>
         <run_address>0x6ef0</run_address>
         <size>0x21e</size>
         <input_file_ref idref="fl-c7"/>
      </object_component>
      <object_component id="oc-20e">
         <name>.debug_info</name>
         <load_address>0x710e</load_address>
         <run_address>0x710e</run_address>
         <size>0x1b3</size>
         <input_file_ref idref="fl-c7"/>
      </object_component>
      <object_component id="oc-214">
         <name>.debug_info</name>
         <load_address>0x72c1</load_address>
         <run_address>0x72c1</run_address>
         <size>0x21b</size>
         <input_file_ref idref="fl-c7"/>
      </object_component>
      <object_component id="oc-180">
         <name>.debug_info</name>
         <load_address>0x74dc</load_address>
         <run_address>0x74dc</run_address>
         <size>0x3c0</size>
         <input_file_ref idref="fl-c7"/>
      </object_component>
      <object_component id="oc-21b">
         <name>.debug_info</name>
         <load_address>0x789c</load_address>
         <run_address>0x789c</run_address>
         <size>0x30a</size>
         <input_file_ref idref="fl-c7"/>
      </object_component>
      <object_component id="oc-221">
         <name>.debug_info</name>
         <load_address>0x7ba6</load_address>
         <run_address>0x7ba6</run_address>
         <size>0x215</size>
         <input_file_ref idref="fl-c7"/>
      </object_component>
      <object_component id="oc-186">
         <name>.debug_info</name>
         <load_address>0x7dbb</load_address>
         <run_address>0x7dbb</run_address>
         <size>0x215</size>
         <input_file_ref idref="fl-c7"/>
      </object_component>
      <object_component id="oc-18c">
         <name>.debug_info</name>
         <load_address>0x7fd0</load_address>
         <run_address>0x7fd0</run_address>
         <size>0x304</size>
         <input_file_ref idref="fl-c7"/>
      </object_component>
      <object_component id="oc-192">
         <name>.debug_info</name>
         <load_address>0x82d4</load_address>
         <run_address>0x82d4</run_address>
         <size>0x4b5</size>
         <input_file_ref idref="fl-c7"/>
      </object_component>
      <object_component id="oc-f1">
         <name>.debug_info</name>
         <load_address>0x8789</load_address>
         <run_address>0x8789</run_address>
         <size>0x5f4</size>
         <input_file_ref idref="fl-c7"/>
      </object_component>
      <object_component id="oc-1ab">
         <name>.debug_info</name>
         <load_address>0x8d7d</load_address>
         <run_address>0x8d7d</run_address>
         <size>0x86</size>
         <input_file_ref idref="fl-c7"/>
      </object_component>
      <object_component id="oc-250">
         <name>.debug_info</name>
         <load_address>0x8e03</load_address>
         <run_address>0x8e03</run_address>
         <size>0x39</size>
         <input_file_ref idref="fl-c7"/>
      </object_component>
      <object_component id="oc-2b2">
         <name>.debug_info</name>
         <load_address>0x8e3c</load_address>
         <run_address>0x8e3c</run_address>
         <size>0xb6</size>
         <input_file_ref idref="fl-c7"/>
      </object_component>
      <object_component id="oc-255">
         <name>.debug_info</name>
         <load_address>0x8ef2</load_address>
         <run_address>0x8ef2</run_address>
         <size>0x46</size>
         <input_file_ref idref="fl-c7"/>
      </object_component>
      <object_component id="oc-1b0">
         <name>.debug_info</name>
         <load_address>0x8f38</load_address>
         <run_address>0x8f38</run_address>
         <size>0x46</size>
         <input_file_ref idref="fl-c7"/>
      </object_component>
      <object_component id="oc-209">
         <name>.debug_info</name>
         <load_address>0x8f7e</load_address>
         <run_address>0x8f7e</run_address>
         <size>0x14c</size>
         <input_file_ref idref="fl-c8"/>
      </object_component>
      <object_component id="oc-17b">
         <name>.debug_info</name>
         <load_address>0x90ca</load_address>
         <run_address>0x90ca</run_address>
         <size>0x128</size>
         <input_file_ref idref="fl-c9"/>
      </object_component>
      <object_component id="oc-1f4">
         <name>.debug_info</name>
         <load_address>0x91f2</load_address>
         <run_address>0x91f2</run_address>
         <size>0x12a</size>
         <input_file_ref idref="fl-c9"/>
      </object_component>
      <object_component id="oc-1ef">
         <name>.debug_info</name>
         <load_address>0x931c</load_address>
         <run_address>0x931c</run_address>
         <size>0x13a</size>
         <input_file_ref idref="fl-ca"/>
      </object_component>
      <object_component id="oc-1eb">
         <name>.debug_info</name>
         <load_address>0x9456</load_address>
         <run_address>0x9456</run_address>
         <size>0x13a</size>
         <input_file_ref idref="fl-cb"/>
      </object_component>
      <object_component id="oc-1f9">
         <name>.debug_info</name>
         <load_address>0x9590</load_address>
         <run_address>0x9590</run_address>
         <size>0x12e</size>
         <input_file_ref idref="fl-cc"/>
      </object_component>
      <object_component id="oc-204">
         <name>.debug_info</name>
         <load_address>0x96be</load_address>
         <run_address>0x96be</run_address>
         <size>0x12c</size>
         <input_file_ref idref="fl-cd"/>
      </object_component>
      <object_component id="oc-c8">
         <name>.debug_info</name>
         <load_address>0x97ea</load_address>
         <run_address>0x97ea</run_address>
         <size>0x147</size>
         <input_file_ref idref="fl-ce"/>
      </object_component>
      <object_component id="oc-1e3">
         <name>.debug_info</name>
         <load_address>0x9931</load_address>
         <run_address>0x9931</run_address>
         <size>0x134</size>
         <input_file_ref idref="fl-cf"/>
      </object_component>
      <object_component id="oc-1c6">
         <name>.debug_info</name>
         <load_address>0x9a65</load_address>
         <run_address>0x9a65</run_address>
         <size>0x4b3</size>
         <input_file_ref idref="fl-d0"/>
      </object_component>
      <object_component id="oc-12c">
         <name>.debug_info</name>
         <load_address>0x9f18</load_address>
         <run_address>0x9f18</run_address>
         <size>0x1a6</size>
         <input_file_ref idref="fl-d0"/>
      </object_component>
      <object_component id="oc-26a">
         <name>.debug_info</name>
         <load_address>0xa0be</load_address>
         <run_address>0xa0be</run_address>
         <size>0x39</size>
         <input_file_ref idref="fl-d0"/>
      </object_component>
      <object_component id="oc-2ba">
         <name>.debug_info</name>
         <load_address>0xa0f7</load_address>
         <run_address>0xa0f7</run_address>
         <size>0x39</size>
         <input_file_ref idref="fl-d0"/>
      </object_component>
      <object_component id="oc-26f">
         <name>.debug_info</name>
         <load_address>0xa130</load_address>
         <run_address>0xa130</run_address>
         <size>0x39</size>
         <input_file_ref idref="fl-d0"/>
      </object_component>
      <object_component id="oc-274">
         <name>.debug_info</name>
         <load_address>0xa169</load_address>
         <run_address>0xa169</run_address>
         <size>0xcd</size>
         <input_file_ref idref="fl-d0"/>
      </object_component>
      <object_component id="oc-ce">
         <name>.debug_info</name>
         <load_address>0xa236</load_address>
         <run_address>0xa236</run_address>
         <size>0x153</size>
         <input_file_ref idref="fl-d1"/>
      </object_component>
      <object_component id="oc-123">
         <name>.debug_info</name>
         <load_address>0xa389</load_address>
         <run_address>0xa389</run_address>
         <size>0x122</size>
         <input_file_ref idref="fl-d3"/>
      </object_component>
      <object_component id="oc-28d">
         <name>.debug_info</name>
         <load_address>0xa4ab</load_address>
         <run_address>0xa4ab</run_address>
         <size>0x29c</size>
         <input_file_ref idref="fl-d5"/>
      </object_component>
      <object_component id="oc-1fe">
         <name>.debug_info</name>
         <load_address>0xa747</load_address>
         <run_address>0xa747</run_address>
         <size>0x1da</size>
         <input_file_ref idref="fl-d5"/>
      </object_component>
      <object_component id="oc-1e1">
         <name>.debug_info</name>
         <load_address>0xa921</load_address>
         <run_address>0xa921</run_address>
         <size>0x2b9</size>
         <input_file_ref idref="fl-d7"/>
      </object_component>
      <object_component id="oc-170">
         <name>.debug_info</name>
         <load_address>0xabda</load_address>
         <run_address>0xabda</run_address>
         <size>0x17c</size>
         <input_file_ref idref="fl-d7"/>
      </object_component>
      <object_component id="oc-27f">
         <name>.debug_info</name>
         <load_address>0xad56</load_address>
         <run_address>0xad56</run_address>
         <size>0xf9</size>
         <input_file_ref idref="fl-d8"/>
      </object_component>
      <object_component id="oc-1de">
         <name>.debug_info</name>
         <load_address>0xae4f</load_address>
         <run_address>0xae4f</run_address>
         <size>0x105</size>
         <input_file_ref idref="fl-d8"/>
      </object_component>
      <object_component id="oc-23c">
         <name>.debug_info</name>
         <load_address>0xaf54</load_address>
         <run_address>0xaf54</run_address>
         <size>0x2a7</size>
         <input_file_ref idref="fl-d9"/>
      </object_component>
      <object_component id="oc-198">
         <name>.debug_info</name>
         <load_address>0xb1fb</load_address>
         <run_address>0xb1fb</run_address>
         <size>0x1b8</size>
         <input_file_ref idref="fl-d9"/>
      </object_component>
      <object_component id="oc-2a4">
         <name>.debug_info</name>
         <load_address>0xb3b3</load_address>
         <run_address>0xb3b3</run_address>
         <size>0x29a</size>
         <input_file_ref idref="fl-da"/>
      </object_component>
      <object_component id="oc-235">
         <name>.debug_info</name>
         <load_address>0xb64d</load_address>
         <run_address>0xb64d</run_address>
         <size>0x262</size>
         <input_file_ref idref="fl-da"/>
      </object_component>
      <object_component id="oc-1dc">
         <name>.debug_info</name>
         <load_address>0xb8af</load_address>
         <run_address>0xb8af</run_address>
         <size>0x28f</size>
         <input_file_ref idref="fl-db"/>
      </object_component>
      <object_component id="oc-169">
         <name>.debug_info</name>
         <load_address>0xbb3e</load_address>
         <run_address>0xbb3e</run_address>
         <size>0x245</size>
         <input_file_ref idref="fl-db"/>
      </object_component>
      <object_component id="oc-248">
         <name>.debug_info</name>
         <load_address>0xbd83</load_address>
         <run_address>0xbd83</run_address>
         <size>0x289</size>
         <input_file_ref idref="fl-dc"/>
      </object_component>
      <object_component id="oc-245">
         <name>.debug_info</name>
         <load_address>0xc00c</load_address>
         <run_address>0xc00c</run_address>
         <size>0x10e</size>
         <input_file_ref idref="fl-dc"/>
      </object_component>
      <object_component id="oc-1a4">
         <name>.debug_info</name>
         <load_address>0xc11a</load_address>
         <run_address>0xc11a</run_address>
         <size>0x14e</size>
         <input_file_ref idref="fl-dc"/>
      </object_component>
      <object_component id="oc-243">
         <name>.debug_info</name>
         <load_address>0xc268</load_address>
         <run_address>0xc268</run_address>
         <size>0x28f</size>
         <input_file_ref idref="fl-dd"/>
      </object_component>
      <object_component id="oc-19e">
         <name>.debug_info</name>
         <load_address>0xc4f7</load_address>
         <run_address>0xc4f7</run_address>
         <size>0x15a</size>
         <input_file_ref idref="fl-dd"/>
      </object_component>
      <object_component id="oc-2a7">
         <name>.debug_info</name>
         <load_address>0xc651</load_address>
         <run_address>0xc651</run_address>
         <size>0x46</size>
         <input_file_ref idref="fl-dd"/>
      </object_component>
      <object_component id="oc-23e">
         <name>.debug_info</name>
         <load_address>0xc697</load_address>
         <run_address>0xc697</run_address>
         <size>0x39</size>
         <input_file_ref idref="fl-dd"/>
      </object_component>
      <object_component id="oc-295">
         <name>.debug_info</name>
         <load_address>0xc6d0</load_address>
         <run_address>0xc6d0</run_address>
         <size>0x295</size>
         <input_file_ref idref="fl-de"/>
      </object_component>
      <object_component id="oc-229">
         <name>.debug_info</name>
         <load_address>0xc965</load_address>
         <run_address>0xc965</run_address>
         <size>0x195</size>
         <input_file_ref idref="fl-de"/>
      </object_component>
      <object_component id="oc-2cd">
         <name>.debug_info</name>
         <load_address>0xcafa</load_address>
         <run_address>0xcafa</run_address>
         <size>0x39</size>
         <input_file_ref idref="fl-de"/>
      </object_component>
      <object_component id="oc-296">
         <name>.debug_info</name>
         <load_address>0xcb33</load_address>
         <run_address>0xcb33</run_address>
         <size>0x2c</size>
         <input_file_ref idref="fl-de"/>
      </object_component>
      <object_component id="oc-2a2">
         <name>.debug_info</name>
         <load_address>0xcb5f</load_address>
         <run_address>0xcb5f</run_address>
         <size>0x2f8</size>
         <input_file_ref idref="fl-df"/>
      </object_component>
      <object_component id="oc-232">
         <name>.debug_info</name>
         <load_address>0xce57</load_address>
         <run_address>0xce57</run_address>
         <size>0x225</size>
         <input_file_ref idref="fl-df"/>
      </object_component>
      <object_component id="oc-283">
         <name>.debug_info</name>
         <load_address>0xd07c</load_address>
         <run_address>0xd07c</run_address>
         <size>0x115</size>
         <input_file_ref idref="fl-e0"/>
      </object_component>
      <object_component id="oc-29c">
         <name>.debug_info</name>
         <load_address>0xd191</load_address>
         <run_address>0xd191</run_address>
         <size>0x161</size>
         <input_file_ref idref="fl-e1"/>
      </object_component>
      <object_component id="oc-306">
         <name>.debug_info</name>
         <load_address>0xd2f2</load_address>
         <run_address>0xd2f2</run_address>
         <size>0xb3</size>
      </object_component>
      <object_component id="oc-1ba">
         <name>.debug_line</name>
         <load_address>0x0</load_address>
         <run_address>0x0</run_address>
         <size>0x20</size>
         <input_file_ref idref="fl-1"/>
      </object_component>
      <object_component id="oc-7e">
         <name>.debug_line</name>
         <load_address>0x20</load_address>
         <run_address>0x20</run_address>
         <size>0x43</size>
         <input_file_ref idref="fl-1"/>
      </object_component>
      <object_component id="oc-b0">
         <name>.debug_line</name>
         <load_address>0x63</load_address>
         <run_address>0x63</run_address>
         <size>0x7a</size>
         <input_file_ref idref="fl-1"/>
      </object_component>
      <object_component id="oc-3f">
         <name>.debug_line</name>
         <load_address>0xdd</load_address>
         <run_address>0xdd</run_address>
         <size>0x20</size>
         <input_file_ref idref="fl-1"/>
      </object_component>
      <object_component id="oc-10c">
         <name>.debug_line</name>
         <load_address>0xfd</load_address>
         <run_address>0xfd</run_address>
         <size>0x7e</size>
         <input_file_ref idref="fl-1"/>
      </object_component>
      <object_component id="oc-a9">
         <name>.debug_line</name>
         <load_address>0x17b</load_address>
         <run_address>0x17b</run_address>
         <size>0x7b</size>
         <input_file_ref idref="fl-1"/>
      </object_component>
      <object_component id="oc-15e">
         <name>.debug_line</name>
         <load_address>0x1f6</load_address>
         <run_address>0x1f6</run_address>
         <size>0x20</size>
         <input_file_ref idref="fl-2"/>
      </object_component>
      <object_component id="oc-78">
         <name>.debug_line</name>
         <load_address>0x216</load_address>
         <run_address>0x216</run_address>
         <size>0x3b8</size>
         <input_file_ref idref="fl-2"/>
      </object_component>
      <object_component id="oc-e3">
         <name>.debug_line</name>
         <load_address>0x5ce</load_address>
         <run_address>0x5ce</run_address>
         <size>0x2d</size>
         <input_file_ref idref="fl-2"/>
      </object_component>
      <object_component id="oc-a4">
         <name>.debug_line</name>
         <load_address>0x5fb</load_address>
         <run_address>0x5fb</run_address>
         <size>0x20</size>
         <input_file_ref idref="fl-2"/>
      </object_component>
      <object_component id="oc-ec">
         <name>.debug_line</name>
         <load_address>0x61b</load_address>
         <run_address>0x61b</run_address>
         <size>0xd4</size>
         <input_file_ref idref="fl-3"/>
      </object_component>
      <object_component id="oc-ea">
         <name>.debug_line</name>
         <load_address>0x6ef</load_address>
         <run_address>0x6ef</run_address>
         <size>0x3c</size>
         <input_file_ref idref="fl-3"/>
      </object_component>
      <object_component id="oc-31">
         <name>.debug_line</name>
         <load_address>0x72b</load_address>
         <run_address>0x72b</run_address>
         <size>0x25b</size>
         <input_file_ref idref="fl-3"/>
      </object_component>
      <object_component id="oc-166">
         <name>.debug_line</name>
         <load_address>0x986</load_address>
         <run_address>0x986</run_address>
         <size>0x2e</size>
         <input_file_ref idref="fl-3"/>
      </object_component>
      <object_component id="oc-107">
         <name>.debug_line</name>
         <load_address>0x9b4</load_address>
         <run_address>0x9b4</run_address>
         <size>0x76</size>
         <input_file_ref idref="fl-3"/>
      </object_component>
      <object_component id="oc-160">
         <name>.debug_line</name>
         <load_address>0xa2a</load_address>
         <run_address>0xa2a</run_address>
         <size>0x20</size>
         <input_file_ref idref="fl-4"/>
      </object_component>
      <object_component id="oc-84">
         <name>.debug_line</name>
         <load_address>0xa4a</load_address>
         <run_address>0xa4a</run_address>
         <size>0x8d</size>
         <input_file_ref idref="fl-4"/>
      </object_component>
      <object_component id="oc-ac">
         <name>.debug_line</name>
         <load_address>0xad7</load_address>
         <run_address>0xad7</run_address>
         <size>0x41</size>
         <input_file_ref idref="fl-5"/>
      </object_component>
      <object_component id="oc-34">
         <name>.debug_line</name>
         <load_address>0xb18</load_address>
         <run_address>0xb18</run_address>
         <size>0x41</size>
         <input_file_ref idref="fl-5"/>
      </object_component>
      <object_component id="oc-2b">
         <name>.debug_line</name>
         <load_address>0xb59</load_address>
         <run_address>0xb59</run_address>
         <size>0xa1</size>
         <input_file_ref idref="fl-5"/>
      </object_component>
      <object_component id="oc-162">
         <name>.debug_line</name>
         <load_address>0xbfa</load_address>
         <run_address>0xbfa</run_address>
         <size>0x2d</size>
         <input_file_ref idref="fl-6"/>
      </object_component>
      <object_component id="oc-98">
         <name>.debug_line</name>
         <load_address>0xc27</load_address>
         <run_address>0xc27</run_address>
         <size>0x286</size>
         <input_file_ref idref="fl-6"/>
      </object_component>
      <object_component id="oc-92">
         <name>.debug_line</name>
         <load_address>0xead</load_address>
         <run_address>0xead</run_address>
         <size>0x4c</size>
         <input_file_ref idref="fl-7"/>
      </object_component>
      <object_component id="oc-1b8">
         <name>.debug_line</name>
         <load_address>0xef9</load_address>
         <run_address>0xef9</run_address>
         <size>0x2d</size>
         <input_file_ref idref="fl-c1"/>
      </object_component>
      <object_component id="oc-9d">
         <name>.debug_line</name>
         <load_address>0xf26</load_address>
         <run_address>0xf26</run_address>
         <size>0x4b</size>
         <input_file_ref idref="fl-c1"/>
      </object_component>
      <object_component id="oc-f9">
         <name>.debug_line</name>
         <load_address>0xf71</load_address>
         <run_address>0xf71</run_address>
         <size>0x4b</size>
         <input_file_ref idref="fl-c1"/>
      </object_component>
      <object_component id="oc-ff">
         <name>.debug_line</name>
         <load_address>0xfbc</load_address>
         <run_address>0xfbc</run_address>
         <size>0x3f</size>
         <input_file_ref idref="fl-c1"/>
      </object_component>
      <object_component id="oc-24e">
         <name>.debug_line</name>
         <load_address>0xffb</load_address>
         <run_address>0xffb</run_address>
         <size>0x91</size>
         <input_file_ref idref="fl-c1"/>
      </object_component>
      <object_component id="oc-45">
         <name>.debug_line</name>
         <load_address>0x108c</load_address>
         <run_address>0x108c</run_address>
         <size>0x88</size>
         <input_file_ref idref="fl-c2"/>
      </object_component>
      <object_component id="oc-11c">
         <name>.debug_line</name>
         <load_address>0x1114</load_address>
         <run_address>0x1114</run_address>
         <size>0x92</size>
         <input_file_ref idref="fl-c3"/>
      </object_component>
      <object_component id="oc-50">
         <name>.debug_line</name>
         <load_address>0x11a6</load_address>
         <run_address>0x11a6</run_address>
         <size>0x4c</size>
         <input_file_ref idref="fl-c3"/>
      </object_component>
      <object_component id="oc-c4">
         <name>.debug_line</name>
         <load_address>0x11f2</load_address>
         <run_address>0x11f2</run_address>
         <size>0x34</size>
         <input_file_ref idref="fl-c3"/>
      </object_component>
      <object_component id="oc-119">
         <name>.debug_line</name>
         <load_address>0x1226</load_address>
         <run_address>0x1226</run_address>
         <size>0x92</size>
         <input_file_ref idref="fl-c3"/>
      </object_component>
      <object_component id="oc-bf">
         <name>.debug_line</name>
         <load_address>0x12b8</load_address>
         <run_address>0x12b8</run_address>
         <size>0x20</size>
         <input_file_ref idref="fl-c4"/>
      </object_component>
      <object_component id="oc-1f">
         <name>.debug_line</name>
         <load_address>0x12d8</load_address>
         <run_address>0x12d8</run_address>
         <size>0x55</size>
         <input_file_ref idref="fl-c4"/>
      </object_component>
      <object_component id="oc-4a">
         <name>.debug_line</name>
         <load_address>0x132d</load_address>
         <run_address>0x132d</run_address>
         <size>0x3a</size>
         <input_file_ref idref="fl-c4"/>
      </object_component>
      <object_component id="oc-bc">
         <name>.debug_line</name>
         <load_address>0x1367</load_address>
         <run_address>0x1367</run_address>
         <size>0x92</size>
         <input_file_ref idref="fl-c4"/>
      </object_component>
      <object_component id="oc-115">
         <name>.debug_line</name>
         <load_address>0x13f9</load_address>
         <run_address>0x13f9</run_address>
         <size>0x20</size>
         <input_file_ref idref="fl-c5"/>
      </object_component>
      <object_component id="oc-16">
         <name>.debug_line</name>
         <load_address>0x1419</load_address>
         <run_address>0x1419</run_address>
         <size>0xa9</size>
         <input_file_ref idref="fl-c5"/>
      </object_component>
      <object_component id="oc-3a">
         <name>.debug_line</name>
         <load_address>0x14c2</load_address>
         <run_address>0x14c2</run_address>
         <size>0x3a</size>
         <input_file_ref idref="fl-c5"/>
      </object_component>
      <object_component id="oc-112">
         <name>.debug_line</name>
         <load_address>0x14fc</load_address>
         <run_address>0x14fc</run_address>
         <size>0x9a</size>
         <input_file_ref idref="fl-c5"/>
      </object_component>
      <object_component id="oc-b5">
         <name>.debug_line</name>
         <load_address>0x1596</load_address>
         <run_address>0x1596</run_address>
         <size>0x96</size>
         <input_file_ref idref="fl-c5"/>
      </object_component>
      <object_component id="oc-72">
         <name>.debug_line</name>
         <load_address>0x162c</load_address>
         <run_address>0x162c</run_address>
         <size>0x33</size>
         <input_file_ref idref="fl-c6"/>
      </object_component>
      <object_component id="oc-63">
         <name>.debug_line</name>
         <load_address>0x165f</load_address>
         <run_address>0x165f</run_address>
         <size>0x45</size>
         <input_file_ref idref="fl-c6"/>
      </object_component>
      <object_component id="oc-24a">
         <name>.debug_line</name>
         <load_address>0x16a4</load_address>
         <run_address>0x16a4</run_address>
         <size>0x264</size>
         <input_file_ref idref="fl-c7"/>
      </object_component>
      <object_component id="oc-178">
         <name>.debug_line</name>
         <load_address>0x1908</load_address>
         <run_address>0x1908</run_address>
         <size>0x7a</size>
         <input_file_ref idref="fl-c7"/>
      </object_component>
      <object_component id="oc-211">
         <name>.debug_line</name>
         <load_address>0x1982</load_address>
         <run_address>0x1982</run_address>
         <size>0x51</size>
         <input_file_ref idref="fl-c7"/>
      </object_component>
      <object_component id="oc-217">
         <name>.debug_line</name>
         <load_address>0x19d3</load_address>
         <run_address>0x19d3</run_address>
         <size>0x88</size>
         <input_file_ref idref="fl-c7"/>
      </object_component>
      <object_component id="oc-183">
         <name>.debug_line</name>
         <load_address>0x1a5b</load_address>
         <run_address>0x1a5b</run_address>
         <size>0x14b</size>
         <input_file_ref idref="fl-c7"/>
      </object_component>
      <object_component id="oc-21e">
         <name>.debug_line</name>
         <load_address>0x1ba6</load_address>
         <run_address>0x1ba6</run_address>
         <size>0xec</size>
         <input_file_ref idref="fl-c7"/>
      </object_component>
      <object_component id="oc-224">
         <name>.debug_line</name>
         <load_address>0x1c92</load_address>
         <run_address>0x1c92</run_address>
         <size>0x5d</size>
         <input_file_ref idref="fl-c7"/>
      </object_component>
      <object_component id="oc-189">
         <name>.debug_line</name>
         <load_address>0x1cef</load_address>
         <run_address>0x1cef</run_address>
         <size>0x5c</size>
         <input_file_ref idref="fl-c7"/>
      </object_component>
      <object_component id="oc-18f">
         <name>.debug_line</name>
         <load_address>0x1d4b</load_address>
         <run_address>0x1d4b</run_address>
         <size>0xae</size>
         <input_file_ref idref="fl-c7"/>
      </object_component>
      <object_component id="oc-195">
         <name>.debug_line</name>
         <load_address>0x1df9</load_address>
         <run_address>0x1df9</run_address>
         <size>0x1ac</size>
         <input_file_ref idref="fl-c7"/>
      </object_component>
      <object_component id="oc-f4">
         <name>.debug_line</name>
         <load_address>0x1fa5</load_address>
         <run_address>0x1fa5</run_address>
         <size>0x76f</size>
         <input_file_ref idref="fl-c7"/>
      </object_component>
      <object_component id="oc-1ae">
         <name>.debug_line</name>
         <load_address>0x2714</load_address>
         <run_address>0x2714</run_address>
         <size>0x92</size>
         <input_file_ref idref="fl-c7"/>
      </object_component>
      <object_component id="oc-253">
         <name>.debug_line</name>
         <load_address>0x27a6</load_address>
         <run_address>0x27a6</run_address>
         <size>0x92</size>
         <input_file_ref idref="fl-c7"/>
      </object_component>
      <object_component id="oc-2b5">
         <name>.debug_line</name>
         <load_address>0x2838</load_address>
         <run_address>0x2838</run_address>
         <size>0x9a</size>
         <input_file_ref idref="fl-c7"/>
      </object_component>
      <object_component id="oc-258">
         <name>.debug_line</name>
         <load_address>0x28d2</load_address>
         <run_address>0x28d2</run_address>
         <size>0x97</size>
         <input_file_ref idref="fl-c7"/>
      </object_component>
      <object_component id="oc-1b3">
         <name>.debug_line</name>
         <load_address>0x2969</load_address>
         <run_address>0x2969</run_address>
         <size>0x2e</size>
         <input_file_ref idref="fl-c7"/>
      </object_component>
      <object_component id="oc-20c">
         <name>.debug_line</name>
         <load_address>0x2997</load_address>
         <run_address>0x2997</run_address>
         <size>0xd2</size>
         <input_file_ref idref="fl-c8"/>
      </object_component>
      <object_component id="oc-17e">
         <name>.debug_line</name>
         <load_address>0x2a69</load_address>
         <run_address>0x2a69</run_address>
         <size>0x77</size>
         <input_file_ref idref="fl-c9"/>
      </object_component>
      <object_component id="oc-1f7">
         <name>.debug_line</name>
         <load_address>0x2ae0</load_address>
         <run_address>0x2ae0</run_address>
         <size>0x77</size>
         <input_file_ref idref="fl-c9"/>
      </object_component>
      <object_component id="oc-1f2">
         <name>.debug_line</name>
         <load_address>0x2b57</load_address>
         <run_address>0x2b57</run_address>
         <size>0xa8</size>
         <input_file_ref idref="fl-ca"/>
      </object_component>
      <object_component id="oc-1ed">
         <name>.debug_line</name>
         <load_address>0x2bff</load_address>
         <run_address>0x2bff</run_address>
         <size>0x8e</size>
         <input_file_ref idref="fl-cb"/>
      </object_component>
      <object_component id="oc-1fc">
         <name>.debug_line</name>
         <load_address>0x2c8d</load_address>
         <run_address>0x2c8d</run_address>
         <size>0x5a</size>
         <input_file_ref idref="fl-cc"/>
      </object_component>
      <object_component id="oc-207">
         <name>.debug_line</name>
         <load_address>0x2ce7</load_address>
         <run_address>0x2ce7</run_address>
         <size>0x50</size>
         <input_file_ref idref="fl-cd"/>
      </object_component>
      <object_component id="oc-cb">
         <name>.debug_line</name>
         <load_address>0x2d37</load_address>
         <run_address>0x2d37</run_address>
         <size>0x79</size>
         <input_file_ref idref="fl-ce"/>
      </object_component>
      <object_component id="oc-1e6">
         <name>.debug_line</name>
         <load_address>0x2db0</load_address>
         <run_address>0x2db0</run_address>
         <size>0x81</size>
         <input_file_ref idref="fl-cf"/>
      </object_component>
      <object_component id="oc-269">
         <name>.debug_line</name>
         <load_address>0x2e31</load_address>
         <run_address>0x2e31</run_address>
         <size>0xbf</size>
         <input_file_ref idref="fl-d0"/>
      </object_component>
      <object_component id="oc-12f">
         <name>.debug_line</name>
         <load_address>0x2ef0</load_address>
         <run_address>0x2ef0</run_address>
         <size>0x6f</size>
         <input_file_ref idref="fl-d0"/>
      </object_component>
      <object_component id="oc-26d">
         <name>.debug_line</name>
         <load_address>0x2f5f</load_address>
         <run_address>0x2f5f</run_address>
         <size>0x2e</size>
         <input_file_ref idref="fl-d0"/>
      </object_component>
      <object_component id="oc-2bd">
         <name>.debug_line</name>
         <load_address>0x2f8d</load_address>
         <run_address>0x2f8d</run_address>
         <size>0x9a</size>
         <input_file_ref idref="fl-d0"/>
      </object_component>
      <object_component id="oc-272">
         <name>.debug_line</name>
         <load_address>0x3027</load_address>
         <run_address>0x3027</run_address>
         <size>0x97</size>
         <input_file_ref idref="fl-d0"/>
      </object_component>
      <object_component id="oc-277">
         <name>.debug_line</name>
         <load_address>0x30be</load_address>
         <run_address>0x30be</run_address>
         <size>0x93</size>
         <input_file_ref idref="fl-d0"/>
      </object_component>
      <object_component id="oc-d1">
         <name>.debug_line</name>
         <load_address>0x3151</load_address>
         <run_address>0x3151</run_address>
         <size>0x40</size>
         <input_file_ref idref="fl-d1"/>
      </object_component>
      <object_component id="oc-122">
         <name>.debug_line</name>
         <load_address>0x3191</load_address>
         <run_address>0x3191</run_address>
         <size>0x3c</size>
         <input_file_ref idref="fl-d3"/>
      </object_component>
      <object_component id="oc-2ca">
         <name>.debug_line</name>
         <load_address>0x31cd</load_address>
         <run_address>0x31cd</run_address>
         <size>0x20</size>
         <input_file_ref idref="fl-d5"/>
      </object_component>
      <object_component id="oc-201">
         <name>.debug_line</name>
         <load_address>0x31ed</load_address>
         <run_address>0x31ed</run_address>
         <size>0x67</size>
         <input_file_ref idref="fl-d5"/>
      </object_component>
      <object_component id="oc-281">
         <name>.debug_line</name>
         <load_address>0x3254</load_address>
         <run_address>0x3254</run_address>
         <size>0x91</size>
         <input_file_ref idref="fl-d7"/>
      </object_component>
      <object_component id="oc-16f">
         <name>.debug_line</name>
         <load_address>0x32e5</load_address>
         <run_address>0x32e5</run_address>
         <size>0x62</size>
         <input_file_ref idref="fl-d7"/>
      </object_component>
      <object_component id="oc-2c7">
         <name>.debug_line</name>
         <load_address>0x3347</load_address>
         <run_address>0x3347</run_address>
         <size>0x20</size>
         <input_file_ref idref="fl-d8"/>
      </object_component>
      <object_component id="oc-27e">
         <name>.debug_line</name>
         <load_address>0x3367</load_address>
         <run_address>0x3367</run_address>
         <size>0x2b</size>
         <input_file_ref idref="fl-d8"/>
      </object_component>
      <object_component id="oc-2a6">
         <name>.debug_line</name>
         <load_address>0x3392</load_address>
         <run_address>0x3392</run_address>
         <size>0x20</size>
         <input_file_ref idref="fl-d9"/>
      </object_component>
      <object_component id="oc-19b">
         <name>.debug_line</name>
         <load_address>0x33b2</load_address>
         <run_address>0x33b2</run_address>
         <size>0x48</size>
         <input_file_ref idref="fl-d9"/>
      </object_component>
      <object_component id="oc-2d6">
         <name>.debug_line</name>
         <load_address>0x33fa</load_address>
         <run_address>0x33fa</run_address>
         <size>0x20</size>
         <input_file_ref idref="fl-da"/>
      </object_component>
      <object_component id="oc-238">
         <name>.debug_line</name>
         <load_address>0x341a</load_address>
         <run_address>0x341a</run_address>
         <size>0xb0</size>
         <input_file_ref idref="fl-da"/>
      </object_component>
      <object_component id="oc-27c">
         <name>.debug_line</name>
         <load_address>0x34ca</load_address>
         <run_address>0x34ca</run_address>
         <size>0x20</size>
         <input_file_ref idref="fl-db"/>
      </object_component>
      <object_component id="oc-16c">
         <name>.debug_line</name>
         <load_address>0x34ea</load_address>
         <run_address>0x34ea</run_address>
         <size>0xae</size>
         <input_file_ref idref="fl-db"/>
      </object_component>
      <object_component id="oc-2b1">
         <name>.debug_line</name>
         <load_address>0x3598</load_address>
         <run_address>0x3598</run_address>
         <size>0x20</size>
         <input_file_ref idref="fl-dc"/>
      </object_component>
      <object_component id="oc-2af">
         <name>.debug_line</name>
         <load_address>0x35b8</load_address>
         <run_address>0x35b8</run_address>
         <size>0x2b</size>
         <input_file_ref idref="fl-dc"/>
      </object_component>
      <object_component id="oc-1a7">
         <name>.debug_line</name>
         <load_address>0x35e3</load_address>
         <run_address>0x35e3</run_address>
         <size>0x40</size>
         <input_file_ref idref="fl-dc"/>
      </object_component>
      <object_component id="oc-2ad">
         <name>.debug_line</name>
         <load_address>0x3623</load_address>
         <run_address>0x3623</run_address>
         <size>0x20</size>
         <input_file_ref idref="fl-dd"/>
      </object_component>
      <object_component id="oc-1a1">
         <name>.debug_line</name>
         <load_address>0x3643</load_address>
         <run_address>0x3643</run_address>
         <size>0x45</size>
         <input_file_ref idref="fl-dd"/>
      </object_component>
      <object_component id="oc-2aa">
         <name>.debug_line</name>
         <load_address>0x3688</load_address>
         <run_address>0x3688</run_address>
         <size>0x9a</size>
         <input_file_ref idref="fl-dd"/>
      </object_component>
      <object_component id="oc-241">
         <name>.debug_line</name>
         <load_address>0x3722</load_address>
         <run_address>0x3722</run_address>
         <size>0x91</size>
         <input_file_ref idref="fl-dd"/>
      </object_component>
      <object_component id="oc-2cc">
         <name>.debug_line</name>
         <load_address>0x37b3</load_address>
         <run_address>0x37b3</run_address>
         <size>0x20</size>
         <input_file_ref idref="fl-de"/>
      </object_component>
      <object_component id="oc-22c">
         <name>.debug_line</name>
         <load_address>0x37d3</load_address>
         <run_address>0x37d3</run_address>
         <size>0x5e</size>
         <input_file_ref idref="fl-de"/>
      </object_component>
      <object_component id="oc-2d0">
         <name>.debug_line</name>
         <load_address>0x3831</load_address>
         <run_address>0x3831</run_address>
         <size>0x9a</size>
         <input_file_ref idref="fl-de"/>
      </object_component>
      <object_component id="oc-299">
         <name>.debug_line</name>
         <load_address>0x38cb</load_address>
         <run_address>0x38cb</run_address>
         <size>0x97</size>
         <input_file_ref idref="fl-de"/>
      </object_component>
      <object_component id="oc-2d4">
         <name>.debug_line</name>
         <load_address>0x3962</load_address>
         <run_address>0x3962</run_address>
         <size>0x9b</size>
         <input_file_ref idref="fl-df"/>
      </object_component>
      <object_component id="oc-231">
         <name>.debug_line</name>
         <load_address>0x39fd</load_address>
         <run_address>0x39fd</run_address>
         <size>0xa4</size>
         <input_file_ref idref="fl-df"/>
      </object_component>
      <object_component id="oc-286">
         <name>.debug_line</name>
         <load_address>0x3aa1</load_address>
         <run_address>0x3aa1</run_address>
         <size>0x37</size>
         <input_file_ref idref="fl-e0"/>
      </object_component>
      <object_component id="oc-2a0">
         <name>.debug_line</name>
         <load_address>0x3ad8</load_address>
         <run_address>0x3ad8</run_address>
         <size>0x45</size>
         <input_file_ref idref="fl-e1"/>
      </object_component>
      <object_component id="oc-7f">
         <name>.debug_frame</name>
         <load_address>0x0</load_address>
         <run_address>0x0</run_address>
         <size>0x54</size>
         <input_file_ref idref="fl-1"/>
      </object_component>
      <object_component id="oc-79">
         <name>.debug_frame</name>
         <load_address>0x54</load_address>
         <run_address>0x54</run_address>
         <size>0x28c</size>
         <input_file_ref idref="fl-2"/>
      </object_component>
      <object_component id="oc-32">
         <name>.debug_frame</name>
         <load_address>0x2e0</load_address>
         <run_address>0x2e0</run_address>
         <size>0x108</size>
         <input_file_ref idref="fl-3"/>
      </object_component>
      <object_component id="oc-85">
         <name>.debug_frame</name>
         <load_address>0x3e8</load_address>
         <run_address>0x3e8</run_address>
         <size>0x88</size>
         <input_file_ref idref="fl-4"/>
      </object_component>
      <object_component id="oc-2c">
         <name>.debug_frame</name>
         <load_address>0x470</load_address>
         <run_address>0x470</run_address>
         <size>0x90</size>
         <input_file_ref idref="fl-5"/>
      </object_component>
      <object_component id="oc-99">
         <name>.debug_frame</name>
         <load_address>0x500</load_address>
         <run_address>0x500</run_address>
         <size>0x184</size>
[...]
         <name>__TI_decompress_lzss</name>
      </handler>
      <handler>
         <index>0x1</index>
         <name>__TI_decompress_none</name>
      </handler>
      <handler>
         <index>0x2</index>
         <name>__TI_zero_init</name>
      </handler>
   </handler_table>
   <symbol_table>
      <symbol id="sm-1">
         <name>__STACK_TOP</name>
         <value>0x20000200</value>
      </symbol>
      <symbol id="sm-2">
         <name>__start___llvm_prf_cnts</name>
         <value>0x20000000</value>
      </symbol>
      <symbol id="sm-3">
         <name>__stop___llvm_prf_cnts</name>
         <value>0x20000000</value>
      </symbol>
      <symbol id="sm-4">
         <name>__TI_CINIT_Base</name>
         <value>0x3508</value>
      </symbol>
      <symbol id="sm-5">
         <name>__TI_CINIT_Limit</name>
         <value>0x3518</value>
      </symbol>
      <symbol id="sm-6">
         <name>__TI_Handler_Table_Base</name>
         <value>0x34f4</value>
      </symbol>
      <symbol id="sm-7">
         <name>__TI_Handler_Table_Limit</name>
         <value>0x3500</value>
      </symbol>
      <symbol id="sm-8">
         <name>binit</name>
         <value>0xffffffff</value>
      </symbol>
      <symbol id="sm-9">
         <name>__binit__</name>
         <value>0xffffffff</value>
      </symbol>
      <symbol id="sm-a">
         <name>__STACK_SIZE</name>
         <value>0x1000</value>
      </symbol>
      <symbol id="sm-b">
         <name>__STACK_END</name>
         <value>0x20001000</value>
      </symbol>
      <symbol id="sm-c">
         <name>__c_args__</name>
         <value>0xffffffff</value>
      </symbol>
      <symbol id="sm-d">
         <name>__TI_pprof_out_hndl</name>
         <value>0xffffffff</value>
      </symbol>
      <symbol id="sm-e">
         <name>__TI_prof_data_start</name>
         <value>0xffffffff</value>
      </symbol>
      <symbol id="sm-f">
         <name>__TI_prof_data_size</name>
         <value>0xffffffff</value>
      </symbol>
      <symbol id="sm-4a">
         <name>initSystemClockTo40Mhz</name>
         <value>0x3395</value>
         <object_component_ref idref="oc-7a"/>
      </symbol>
      <symbol id="sm-c9">
         <name>selectPinInterruptBothEdges</name>
         <value>0x11ff</value>
         <object_component_ref idref="oc-74"/>
      </symbol>
      <symbol id="sm-ca">
         <name>getPortValue</name>
         <value>0x1411</value>
         <object_component_ref idref="oc-74"/>
      </symbol>
      <symbol id="sm-cb">
         <name>selectPinAnalogInput</name>
         <value>0xee3</value>
         <object_component_ref idref="oc-74"/>
      </symbol>
      <symbol id="sm-cc">
         <name>clearPinInterrupt</name>
         <value>0x1311</value>
         <object_component_ref idref="oc-74"/>
      </symbol>
      <symbol id="sm-cd">
         <name>selectPinPushPullOutput</name>
         <value>0xdf9</value>
         <object_component_ref idref="oc-74"/>
      </symbol>
      <symbol id="sm-ce">
         <name>selectPinInterruptHighLevel</name>
         <value>0x1255</value>
         <object_component_ref idref="oc-74"/>
      </symbol>
      <symbol id="sm-cf">
         <name>selectPinInterruptFallingEdge</name>
         <value>0x11af</value>
         <object_component_ref idref="oc-74"/>
      </symbol>
      <symbol id="sm-d0">
         <name>selectPinOpenDrainOutput</name>
         <value>0xe47</value>
         <object_component_ref idref="oc-74"/>
      </symbol>
      <symbol id="sm-d1">
         <name>selectPinInterruptLowLevel</name>
         <value>0x128f</value>
         <object_component_ref idref="oc-74"/>
      </symbol>
      <symbol id="sm-d2">
         <name>setPortValue</name>
         <value>0x1395</value>
         <object_component_ref idref="oc-74"/>
      </symbol>
      <symbol id="sm-d3">
         <name>enablePinInterrupt</name>
         <value>0x12c9</value>
         <object_component_ref idref="oc-74"/>
      </symbol>
      <symbol id="sm-d4">
         <name>setPinAuxFunction</name>
         <value>0x104d</value>
         <object_component_ref idref="oc-74"/>
      </symbol>
      <symbol id="sm-d5">
         <name>enablePort</name>
         <value>0xcbd</value>
         <object_component_ref idref="oc-74"/>
      </symbol>
      <symbol id="sm-d6">
         <name>disablePinPulldown</name>
         <value>0x1025</value>
         <object_component_ref idref="oc-74"/>
      </symbol>
      <symbol id="sm-d7">
         <name>setPinCommitControl</name>
         <value>0xf33</value>
         <object_component_ref idref="oc-74"/>
      </symbol>
      <symbol id="sm-d8">
         <name>disablePort</name>
         <value>0xd79</value>
         <object_component_ref idref="oc-74"/>
      </symbol>
      <symbol id="sm-d9">
         <name>disablePinInterrupt</name>
         <value>0x12ed</value>
         <object_component_ref idref="oc-74"/>
      </symbol>
      <symbol id="sm-da">
         <name>enablePinPullup</name>
         <value>0xfaf</value>
         <object_component_ref idref="oc-74"/>
      </symbol>
      <symbol id="sm-db">
         <name>getPinValue</name>
         <value>0x135b</value>
         <object_component_ref idref="oc-74"/>
      </symbol>
      <symbol id="sm-dc">
         <name>enablePinPulldown</name>
         <value>0x1001</value>
         <object_component_ref idref="oc-74"/>
      </symbol>
      <symbol id="sm-dd">
         <name>disablePinPullup</name>
         <value>0xfdd</value>
         <object_component_ref idref="oc-74"/>
      </symbol>
      <symbol id="sm-de">
         <name>selectPinDigitalInput</name>
         <value>0xe95</value>
         <object_component_ref idref="oc-74"/>
      </symbol>
      <symbol id="sm-df">
         <name>selectPinInterruptRisingEdge</name>
         <value>0x115f</value>
         <object_component_ref idref="oc-74"/>
      </symbol>
      <symbol id="sm-e0">
         <name>setPinValue</name>
         <value>0x1335</value>
         <object_component_ref idref="oc-74"/>
      </symbol>
      <symbol id="sm-151">
         <name>hall1</name>
         <value>0x2000101c</value>
      </symbol>
      <symbol id="sm-152">
         <name>hall2</name>
         <value>0x2000101d</value>
      </symbol>
      <symbol id="sm-153">
         <name>hall3</name>
         <value>0x2000101e</value>
      </symbol>
      <symbol id="sm-154">
         <name>frequency</name>
         <value>0x20001008</value>
         <object_component_ref idref="oc-86"/>
      </symbol>
      <symbol id="sm-155">
         <name>timer1Isr</name>
         <value>0x150b</value>
         <object_component_ref idref="oc-2d"/>
      </symbol>
      <symbol id="sm-156">
         <name>initHw</name>
         <value>0x1611</value>
         <object_component_ref idref="oc-2d"/>
      </symbol>
      <symbol id="sm-157">
         <name>phase</name>
         <value>0x20001000</value>
         <object_component_ref idref="oc-86"/>
      </symbol>
      <symbol id="sm-158">
         <name>rpm</name>
         <value>0x20001010</value>
         <object_component_ref idref="oc-86"/>
      </symbol>
      <symbol id="sm-159">
         <name>hallIsr</name>
         <value>0x1537</value>
         <object_component_ref idref="oc-2d"/>
      </symbol>
      <symbol id="sm-15a">
         <name>timing</name>
         <value>0x20001004</value>
         <object_component_ref idref="oc-86"/>
      </symbol>
      <symbol id="sm-15b">
         <name>step_CW</name>
         <value>0x1941</value>
         <object_component_ref idref="oc-2d"/>
      </symbol>
      <symbol id="sm-15c">
         <name>setElectricalPhase</name>
         <value>0x1791</value>
         <object_component_ref idref="oc-2d"/>
      </symbol>
      <symbol id="sm-15d">
         <name>main</name>
         <value>0x1991</value>
         <object_component_ref idref="oc-2d"/>
      </symbol>
      <symbol id="sm-15e">
         <name>wideTimer1Isr</name>
         <value>0x1521</value>
         <object_component_ref idref="oc-2d"/>
      </symbol>
      <symbol id="sm-15f">
         <name>enableCounterMode</name>
         <value>0x14a1</value>
         <object_component_ref idref="oc-2d"/>
      </symbol>
      <symbol id="sm-160">
         <name>inputPhase</name>
         <value>0x20001001</value>
         <object_component_ref idref="oc-86"/>
      </symbol>
      <symbol id="sm-161">
         <name>time</name>
         <value>0x2000100c</value>
         <object_component_ref idref="oc-86"/>
      </symbol>
      <symbol id="sm-162">
         <name>waitTiming</name>
         <value>0x20001014</value>
         <object_component_ref idref="oc-86"/>
      </symbol>
      <symbol id="sm-175">
         <name>disableNvicInterrupt</name>
         <value>0x2ad9</value>
         <object_component_ref idref="oc-80"/>
      </symbol>
      <symbol id="sm-176">
         <name>enableNvicInterrupt</name>
         <value>0x2aa1</value>
         <object_component_ref idref="oc-80"/>
      </symbol>
      <symbol id="sm-177">
         <name>setNvicInterruptPriority</name>
         <value>0x2b11</value>
         <object_component_ref idref="oc-80"/>
      </symbol>
      <symbol id="sm-193">
         <name>ResetISR</name>
         <value>0x33b3</value>
         <object_component_ref idref="oc-27"/>
      </symbol>
      <symbol id="sm-194">
         <name>g_pfnVectors</name>
         <value>0x0</value>
         <object_component_ref idref="oc-12"/>
      </symbol>
      <symbol id="sm-1dc">
         <name>getcUart0</name>
         <value>0x1eb1</value>
         <object_component_ref idref="oc-94"/>
      </symbol>
      <symbol id="sm-1dd">
         <name>isCommand</name>
         <value>0x1da7</value>
         <object_component_ref idref="oc-94"/>
      </symbol>
      <symbol id="sm-1de">
         <name>getFieldString</name>
         <value>0x1ce5</value>
         <object_component_ref idref="oc-94"/>
      </symbol>
      <symbol id="sm-1df">
         <name>strCmp</name>
         <value>0x1d55</value>
         <object_component_ref idref="oc-94"/>
      </symbol>
      <symbol id="sm-1e0">
         <name>parseFields</name>
         <value>0x1bb1</value>
         <object_component_ref idref="oc-94"/>
      </symbol>
      <symbol id="sm-1e1">
         <name>kbhitUart0</name>
         <value>0x1ec5</value>
         <object_component_ref idref="oc-94"/>
      </symbol>
      <symbol id="sm-1e2">
         <name>getFieldInteger</name>
         <value>0x1d15</value>
         <object_component_ref idref="oc-94"/>
      </symbol>
      <symbol id="sm-1e3">
         <name>setUart0BaudRate</name>
         <value>0x1e25</value>
         <object_component_ref idref="oc-94"/>
      </symbol>
      <symbol id="sm-1e4">
         <name>putsUart0</name>
         <value>0x1e85</value>
         <object_component_ref idref="oc-94"/>
      </symbol>
      <symbol id="sm-1e5">
         <name>initUart0</name>
         <value>0x1ddb</value>
         <object_component_ref idref="oc-94"/>
      </symbol>
      <symbol id="sm-1e6">
         <name>putcUart0</name>
         <value>0x1e69</value>
         <object_component_ref idref="oc-94"/>
      </symbol>
      <symbol id="sm-1e7">
         <name>r_atoi</name>
         <value>0x1ad1</value>
         <object_component_ref idref="oc-94"/>
      </symbol>
      <symbol id="sm-1e8">
         <name>getsUart0</name>
         <value>0x1b2f</value>
         <object_component_ref idref="oc-94"/>
      </symbol>
      <symbol id="sm-1f6">
         <name>waitMicrosecond</name>
         <value>0x32cf</value>
         <object_component_ref idref="oc-8e"/>
      </symbol>
      <symbol id="sm-21d">
         <name>sprintf</name>
         <value>0x31ed</value>
         <object_component_ref idref="oc-9a"/>
      </symbol>
      <symbol id="sm-238">
         <name>memcpy</name>
         <value>0x2c27</value>
         <object_component_ref idref="oc-41"/>
      </symbol>
      <symbol id="sm-239">
         <name>__aeabi_memcpy</name>
         <value>0x2c27</value>
         <object_component_ref idref="oc-41"/>
      </symbol>
      <symbol id="sm-23a">
         <name>__aeabi_memcpy8</name>
         <value>0x2c27</value>
         <object_component_ref idref="oc-41"/>
      </symbol>
      <symbol id="sm-23b">
         <name>__aeabi_memcpy4</name>
         <value>0x2c27</value>
         <object_component_ref idref="oc-41"/>
      </symbol>
      <symbol id="sm-254">
         <name>__TI_zero_init_nomemset</name>
         <value>0x32ef</value>
         <object_component_ref idref="oc-4d"/>
      </symbol>
      <symbol id="sm-26b">
         <name>__TI_decompress_none</name>
         <value>0x33a5</value>
         <object_component_ref idref="oc-1b"/>
      </symbol>
      <symbol id="sm-28e">
         <name>__TI_decompress_lzss</name>
         <value>0x2f4d</value>
         <object_component_ref idref="oc-15"/>
      </symbol>
      <symbol id="sm-2a1">
         <name>__stack</name>
         <value>0x20000000</value>
         <object_component_ref idref="oc-24"/>
      </symbol>
      <symbol id="sm-2a2">
         <name>_c_int00_noargs</name>
         <value>0x326d</value>
         <object_component_ref idref="oc-5f"/>
      </symbol>
      <symbol id="sm-407">
         <name>__TI_printfi</name>
         <value>0x26d</value>
         <object_component_ref idref="oc-f0"/>
      </symbol>
      <symbol id="sm-41e">
         <name>__aeabi_dsub</name>
         <value>0x2345</value>
         <object_component_ref idref="oc-208"/>
      </symbol>
      <symbol id="sm-41f">
         <name>__aeabi_dadd</name>
         <value>0x234f</value>
         <object_component_ref idref="oc-208"/>
      </symbol>
      <symbol id="sm-441">
         <name>__aeabi_cdcmpeq</name>
         <value>0x2d59</value>
         <object_component_ref idref="oc-17a"/>
      </symbol>
      <symbol id="sm-442">
         <name>__aeabi_cdcmple</name>
         <value>0x2d59</value>
         <object_component_ref idref="oc-17a"/>
      </symbol>
      <symbol id="sm-443">
         <name>__aeabi_cdrcmple</name>
         <value>0x2ddf</value>
         <object_component_ref idref="oc-1f3"/>
      </symbol>
      <symbol id="sm-457">
         <name>__aeabi_ddiv</name>
         <value>0x2639</value>
         <object_component_ref idref="oc-1ee"/>
      </symbol>
      <symbol id="sm-462">
         <name>__aeabi_dmul</name>
         <value>0x29a5</value>
         <object_component_ref idref="oc-1e9"/>
      </symbol>
      <symbol id="sm-46c">
         <name>__aeabi_d2iz</name>
         <value>0x3161</value>
         <object_component_ref idref="oc-1f8"/>
      </symbol>
      <symbol id="sm-476">
         <name>__aeabi_i2d</name>
         <value>0x32a1</value>
         <object_component_ref idref="oc-203"/>
      </symbol>
      <symbol id="sm-485">
         <name>__aeabi_memset</name>
         <value>0x2e67</value>
         <object_component_ref idref="oc-c7"/>
      </symbol>
      <symbol id="sm-486">
         <name>memset</name>
         <value>0x2e6d</value>
         <object_component_ref idref="oc-c7"/>
      </symbol>
      <symbol id="sm-487">
         <name>__aeabi_memset8</name>
         <value>0x2e67</value>
         <object_component_ref idref="oc-c7"/>
      </symbol>
      <symbol id="sm-488">
         <name>__aeabi_memset4</name>
         <value>0x2e67</value>
         <object_component_ref idref="oc-c7"/>
      </symbol>
      <symbol id="sm-489">
         <name>__aeabi_memclr8</name>
         <value>0x2e65</value>
         <object_component_ref idref="oc-c7"/>
      </symbol>
      <symbol id="sm-48a">
         <name>__aeabi_memclr4</name>
         <value>0x2e65</value>
         <object_component_ref idref="oc-c7"/>
      </symbol>
      <symbol id="sm-48b">
         <name>__aeabi_memclr</name>
         <value>0x2e65</value>
         <object_component_ref idref="oc-c7"/>
      </symbol>
      <symbol id="sm-498">
         <name>__aeabi_uldivmod</name>
         <value>0x2cc3</value>
         <object_component_ref idref="oc-1e2"/>
      </symbol>
      <symbol id="sm-4c0">
         <name>__TI_auto_init_nobinit_nopinit</name>
         <value>0x31a9</value>
         <object_component_ref idref="oc-12b"/>
      </symbol>
      <symbol id="sm-4ca">
         <name>_system_pre_init</name>
         <value>0x33d1</value>
         <object_component_ref idref="oc-cd"/>
      </symbol>
      <symbol id="sm-4d6">
         <name>C$$EXIT</name>
         <value>0x33d5</value>
         <object_component_ref idref="oc-11f"/>
      </symbol>
      <symbol id="sm-4d7">
         <name>abort</name>
         <value>0x33d5</value>
         <object_component_ref idref="oc-11f"/>
      </symbol>
      <symbol id="sm-4e7">
         <name>__TI_ltoa</name>
         <value>0x306f</value>
         <object_component_ref idref="oc-1fd"/>
      </symbol>
      <symbol id="sm-4fe">
         <name>atoi</name>
         <value>0x3115</value>
         <object_component_ref idref="oc-16e"/>
      </symbol>
      <symbol id="sm-509">
         <name>_ctypes_</name>
         <value>0x33d8</value>
         <object_component_ref idref="oc-1dd"/>
      </symbol>
      <symbol id="sm-519">
         <name>memccpy</name>
         <value>0x330b</value>
         <object_component_ref idref="oc-197"/>
      </symbol>
      <symbol id="sm-529">
         <name>strchr</name>
         <value>0x3359</value>
         <object_component_ref idref="oc-234"/>
      </symbol>
      <symbol id="sm-537">
         <name>strlen</name>
         <value>0x336f</value>
         <object_component_ref idref="oc-168"/>
      </symbol>
      <symbol id="sm-54d">
         <name>__aeabi_errno_addr</name>
         <value>0x33c9</value>
         <object_component_ref idref="oc-1a3"/>
      </symbol>
      <symbol id="sm-54e">
         <name>errno</name>
         <value>0x20001018</value>
         <object_component_ref idref="oc-244"/>
      </symbol>
      <symbol id="sm-567">
         <name>wcslen</name>
         <value>0x3383</value>
         <object_component_ref idref="oc-19d"/>
      </symbol>
      <symbol id="sm-587">
         <name>frexpl</name>
         <value>0x2fb5</value>
         <object_component_ref idref="oc-228"/>
      </symbol>
      <symbol id="sm-588">
         <name>frexp</name>
         <value>0x2fb5</value>
         <object_component_ref idref="oc-228"/>
      </symbol>
      <symbol id="sm-5a5">
         <name>scalbn</name>
         <value>0x2895</value>
         <object_component_ref idref="oc-22e"/>
      </symbol>
      <symbol id="sm-5a6">
         <name>scalbnl</name>
         <value>0x2895</value>
         <object_component_ref idref="oc-22e"/>
      </symbol>
      <symbol id="sm-5a7">
         <name>ldexpl</name>
         <value>0x2895</value>
         <object_component_ref idref="oc-22e"/>
      </symbol>
      <symbol id="sm-5a8">
         <name>ldexp</name>
         <value>0x2895</value>
         <object_component_ref idref="oc-22e"/>
      </symbol>
      <symbol id="sm-5b2">
         <name>__aeabi_idiv0</name>
         <value>0xcbb</value>
         <object_component_ref idref="oc-282"/>
      </symbol>
      <symbol id="sm-5b3">
         <name>__aeabi_ldiv0</name>
         <value>0xcbb</value>
         <object_component_ref idref="oc-282"/>
      </symbol>
      <symbol id="sm-5bd">
         <name>copysign</name>
         <value>0x3327</value>
         <object_component_ref idref="oc-29b"/>
      </symbol>
      <symbol id="sm-5be">
         <name>copysignl</name>
         <value>0x3327</value>
         <object_component_ref idref="oc-29b"/>
      </symbol>
      <symbol id="sm-5bf">
         <name>__TI_static_base__</name>
         <value>0x0</value>
      </symbol>
      <symbol id="sm-5c2">
         <name>__mpu_init</name>
         <value>0x0</value>
      </symbol>
      <symbol id="sm-5c3">
         <name>_system_post_cinit</name>
         <value>0x0</value>
      </symbol>
   </symbol_table>
   <title>Link successful</title>
</link_info>
