******************************************************************************
                  TI ARM Linker Unix v20.2.7                   
******************************************************************************
>> Linked Thu Nov 10 17:03:33 2022

OUTPUT FILE NAME:   <mechatronics_lab6_schnneider.out>
ENTRY POINT SYMBOL: "_c_int00_noargs"  address: 00003329


MEMORY CONFIGURATION

         name            origin    length      used     unused   attr    fill
----------------------  --------  ---------  --------  --------  ----  --------
  FLASH                 00000000   00040000  00003be1  0003c41f  R  X
  SRAM                  20000000   00008000  0000164c  000069b4  RW X


SEGMENT ALLOCATION MAP

run origin  load origin   length   init length attrs members
----------  ----------- ---------- ----------- ----- -------
00000000    00000000    00003be4   00003be4    r-x
  00000000    00000000    0000026c   0000026c    r-- .intvecs
  0000026c    0000026c    00003210   00003210    r-x .text
  0000347c    0000347c    00000101   00000101    r-- .const
  00003580    00003580    00000664   00000664    r-- .cinit
20000000    20000000    0000164c   00000000    rw-
  20000000    20000000    00001000   00000000    rw- .stack
  20001000    20001000    0000064c   00000000    rw- .data


SECTION ALLOCATION MAP

 output                                  attributes/
section   page    origin      length       input sections
--------  ----  ----------  ----------   ----------------
.intvecs   0    00000000    0000026c     
                  00000000    0000026c     tm4c123gh6pm_startup_ccs.obj (.intvecs)

.text      0    0000026c    00003210     
                  0000026c    00000a4e     rtsv7M4_T_le_v4SPD16_eabi.lib : _printfi.c.obj (.text:__TI_printfi)
                  00000cba    00000002                                   : div0.asm.obj (.text)
                  00000cbc    000007e4     gpio.obj (.text)
                  000014a0    00000624     lab6_julian.obj (.text)
                  00001ac4    000003c4     i2c0.obj (.text)
                  00001e88    00000270     rtsv7M4_T_le_v4SPD16_eabi.lib : _printfi.c.obj (.text:_pconv_a)
                  000020f8    000001d0                                   : _printfi.c.obj (.text:_pconv_g)
                  000022c8    000001b6                                   : fd_add_t2.asm.obj (.text)
                  0000247e    00000002     --HOLE-- [fill = 0]
                  00002480    00000164     uart0.obj (.text)
                  000025e4    0000013c     rtsv7M4_T_le_v4SPD16_eabi.lib : _printfi.c.obj (.text:_pconv_e)
                  00002720    00000136                                   : fd_div_t2.asm.obj (.text)
                  00002856    00000002     --HOLE-- [fill = 0]
                  00002858    00000124                                   : _printfi.c.obj (.text:fcvt)
                  0000297c    00000110                                   : s_scalbn.c.obj (.text:scalbn)
                  00002a8c    000000fc                                   : fd_mul_t2.asm.obj (.text)
                  00002b88    000000b1                                   : _printfi.c.obj (.text:_ltostr)
                  00002c39    00000001     --HOLE-- [fill = 0]
                  00002c3a    0000009c                                   : memcpy_t2.asm.obj (.text)
                  00002cd6    00000096                                   : ull_div_t2.asm.obj (.text)
                  00002d6c    00000086                                   : fd_cmp_t2.asm.obj (.text:__aeabi_cdcmple)
                  00002df2    00000086                                   : fd_cmp_t2.asm.obj (.text:__aeabi_cdrcmple)
                  00002e78    0000007a                                   : memset_t2.asm.obj (.text)
                  00002ef2    0000006e                                   : _printfi.c.obj (.text:_mcpy)
                  00002f60    0000006e                                   : fd_tos_t2.asm.obj (.text)
                  00002fce    00000068                                   : copy_decompress_lzss.c.obj (.text:decompress:lzss:__TI_decompress_lzss)
                  00003036    00000002     --HOLE-- [fill = 0]
                  00003038    00000064                                   : s_frexp.c.obj (.text:frexp)
                  0000309c    00000056                                   : _printfi.c.obj (.text:_pconv_f)
                  000030f2    00000054                                   : _ltoa.c.obj (.text:__TI_ltoa)
                  00003146    00000052                                   : _printfi.c.obj (.text:_ecpy)
                  00003198    0000004c                                   : atoi.c.obj (.text:atoi)
                  000031e4    00000048                                   : fd_toi_t2.asm.obj (.text)
                  0000322c    00000044                                   : autoinit.c.obj (.text:__TI_auto_init_nobinit_nopinit:__TI_auto_init_nobinit_nopinit)
                  00003270    00000040                                   : sprintf.c.obj (.text:sprintf)
                  000032b0    0000003e                                   : _printfi.c.obj (.text:_fcpy)
                  000032ee    00000038                                   : fs_tod_t2.asm.obj (.text)
                  00003326    00000002     --HOLE-- [fill = 0]
                  00003328    00000034                                   : boot_cortex_m.c.obj (.text:_c_int00_noargs:_c_int00_noargs)
                  0000335c    0000002e                                   : i_tofd_t2.asm.obj (.text)
                  0000338a    00000024     wait.obj (.text)
                  000033ae    0000001c     rtsv7M4_T_le_v4SPD16_eabi.lib : memccpy.c.obj (.text:memccpy)
                  000033ca    0000001a                                   : s_copysign.c.obj (.text:copysign)
                  000033e4    00000018                                   : sprintf.c.obj (.text:_outs)
                  000033fc    00000016                                   : strchr.c.obj (.text:strchr)
                  00003412    00000014                                   : strlen.c.obj (.text:strlen)
                  00003426    00000012                                   : wcslen.c.obj (.text:wcslen)
                  00003438    00000010     clock.obj (.text)
                  00003448    0000000e     rtsv7M4_T_le_v4SPD16_eabi.lib : copy_decompress_none.c.obj (.text:decompress:none:__TI_decompress_none)
                  00003456    0000000c     tm4c123gh6pm_startup_ccs.obj (.text)
                  00003462    0000000a     rtsv7M4_T_le_v4SPD16_eabi.lib : sprintf.c.obj (.text:_outc)
                  0000346c    00000008                                   : errno.c.obj (.text:__aeabi_errno_addr)
                  00003474    00000004                                   : pre_init.c.obj (.text:_system_pre_init)
                  00003478    00000004                                   : exit.c.obj (.text:abort:abort)

.const     0    0000347c    00000101     
                  0000347c    00000101     rtsv7M4_T_le_v4SPD16_eabi.lib : ctype.c.obj (.const:.string:_ctypes_)

.cinit     0    00003580    00000664     
                  00003580    00000654     (.cinit..data.load) [load image]
                  00003bd4    00000008     (__TI_handler_table)
                  00003bdc    00000008     (__TI_cinit_table)

.init_array 
*          0    00000000    00000000     UNINITIALIZED

.data      0    20001000    0000064c     UNINITIALIZED
                  20001000    000004b4     lab6_julian.obj (.data:positive)
                  200014b4    00000194     lab6_julian.obj (.data:negative)
                  20001648    00000004     rtsv7M4_T_le_v4SPD16_eabi.lib : errno.c.obj (.data)

.stack     0    20000000    00001000     UNINITIALIZED
                  20000000    00000004     rtsv7M4_T_le_v4SPD16_eabi.lib : boot_cortex_m.c.obj (.stack)
                  20000004    00000ffc     --HOLE--

__llvm_prf_cnts 
*          0    20000000    00000000     UNINITIALIZED

MODULE SUMMARY

       Module                         code    ro data   rw data
       ------                         ----    -------   -------
    ./
       lab6_julian.obj                1572    0         1608   
       gpio.obj                       2020    0         0      
       i2c0.obj                       964     0         0      
       tm4c123gh6pm_startup_ccs.obj   12      620       0      
       uart0.obj                      356     0         0      
       wait.obj                       36      0         0      
       clock.obj                      16      0         0      
    +--+------------------------------+-------+---------+---------+
       Total:                         4976    620       1608   
                                                               
    /Applications/ti/ccs1110/ccs/tools/compiler/ti-cgt-arm_20.2.7.LTS/lib/rtsv7M4_T_le_v4SPD16_eabi.lib
       _printfi.c.obj                 4851    0         0      
       fd_add_t2.asm.obj              438     0         0      
       fd_div_t2.asm.obj              310     0         0      
       s_scalbn.c.obj                 272     0         0      
       fd_cmp_t2.asm.obj              268     0         0      
       ctype.c.obj                    0       257       0      
       fd_mul_t2.asm.obj              252     0         0      
       memcpy_t2.asm.obj              156     0         0      
       ull_div_t2.asm.obj             150     0         0      
       memset_t2.asm.obj              122     0         0      
       fd_tos_t2.asm.obj              110     0         0      
       copy_decompress_lzss.c.obj     104     0         0      
       s_frexp.c.obj                  100     0         0      
       sprintf.c.obj                  98      0         0      
       _ltoa.c.obj                    84      0         0      
       atoi.c.obj                     76      0         0      
       fd_toi_t2.asm.obj              72      0         0      
       autoinit.c.obj                 68      0         0      
       fs_tod_t2.asm.obj              56      0         0      
       boot_cortex_m.c.obj            52      0         0      
       i_tofd_t2.asm.obj              46      0         0      
       memccpy.c.obj                  28      0         0      
       s_copysign.c.obj               26      0         0      
       strchr.c.obj                   22      0         0      
       strlen.c.obj                   20      0         0      
       wcslen.c.obj                   18      0         0      
       copy_decompress_none.c.obj     14      0         0      
       errno.c.obj                    8       0         4      
       exit.c.obj                     4       0         0      
       pre_init.c.obj                 4       0         0      
       div0.asm.obj                   2       0         0      
    +--+------------------------------+-------+---------+---------+
       Total:                         7831    257       4      
                                                               
       Stack:                         0       0         4096   
       Linker Generated:              0       1636      0      
    +--+------------------------------+-------+---------+---------+
       Grand Total:                   12807   2513      5708   


LINKER GENERATED COPY TABLES

__TI_cinit_table @ 00003bdc records: 1, size/record: 8, table size: 8
	.data: load addr=00003580, load size=00000654 bytes, run addr=20001000, run size=0000064c bytes, compression=copy


LINKER GENERATED HANDLER TABLE

__TI_handler_table @ 00003bd4 records: 2, size/record: 4, table size: 8
	index: 0, handler: __TI_decompress_lzss
	index: 1, handler: __TI_decompress_none


GLOBAL SYMBOLS: SORTED ALPHABETICALLY BY Name 

address   name                          
-------   ----                          
00003479  C$$EXIT                       
00003457  ResetISR                      
20001000  __STACK_END                   
00001000  __STACK_SIZE                  
20000200  __STACK_TOP                   
00003bdc  __TI_CINIT_Base               
00003be4  __TI_CINIT_Limit              
00003bd4  __TI_Handler_Table_Base       
00003bdc  __TI_Handler_Table_Limit      
0000322d  __TI_auto_init_nobinit_nopinit
00002fcf  __TI_decompress_lzss          
00003449  __TI_decompress_none          
000030f3  __TI_ltoa                     
ffffffff  __TI_pprof_out_hndl           
0000026d  __TI_printfi                  
ffffffff  __TI_prof_data_size           
ffffffff  __TI_prof_data_start          
00000000  __TI_static_base__            
00002d6d  __aeabi_cdcmpeq               
00002d6d  __aeabi_cdcmple               
00002df3  __aeabi_cdrcmple              
00002f61  __aeabi_d2f                   
000031e5  __aeabi_d2iz                  
000022d3  __aeabi_dadd                  
00002721  __aeabi_ddiv                  
00002a8d  __aeabi_dmul                  
000022c9  __aeabi_dsub                  
0000346d  __aeabi_errno_addr            
000032ef  __aeabi_f2d                   
0000335d  __aeabi_i2d                   
00000cbb  __aeabi_idiv0                 
00000cbb  __aeabi_ldiv0                 
00002e79  __aeabi_memclr                
00002e79  __aeabi_memclr4               
00002e79  __aeabi_memclr8               
00002c3b  __aeabi_memcpy                
00002c3b  __aeabi_memcpy4               
00002c3b  __aeabi_memcpy8               
00002e7b  __aeabi_memset                
00002e7b  __aeabi_memset4               
00002e7b  __aeabi_memset8               
00002cd7  __aeabi_uldivmod              
ffffffff  __binit__                     
ffffffff  __c_args__                    
UNDEFED   __mpu_init                    
20000000  __stack                       
20000000  __start___llvm_prf_cnts       
20000000  __stop___llvm_prf_cnts        
00003329  _c_int00_noargs               
0000347c  _ctypes_                      
UNDEFED   _system_post_cinit            
00003475  _system_pre_init              
00003479  abort                         
00003199  atoi                          
ffffffff  binit                         
00001311  clearPinInterrupt             
000033cb  copysign                      
000033cb  copysignl                     
000012ed  disablePinInterrupt           
00001025  disablePinPulldown            
00000fdd  disablePinPullup              
00000d79  disablePort                   
000012c9  enablePinInterrupt            
00001001  enablePinPulldown             
00000faf  enablePinPullup               
00000cbd  enablePort                    
20001648  errno                         
00003039  frexp                         
00003039  frexpl                        
00000000  g_pfnVectors                  
0000135b  getPinValue                   
00001411  getPortValue                  
00002581  getcUart0                     
000014a1  initHw                        
00001ac5  initI2c0                      
00003439  initSystemClockTo40Mhz        
00002481  initUart0                     
000014a9  int16ToC                      
000014fd  int16ToScaledVoltsTMP36       
00001537  int16ToScaledVoltsThermocouple
00001761  interpolate                   
00001e5d  isI2c0Error                   
00002595  kbhitUart0                    
0000297d  ldexp                         
0000297d  ldexpl                        
000018c1  main                          
000033af  memccpy                       
00002c3b  memcpy                        
00002e81  memset                        
200014b4  negative                      
00001e0f  pollI2c0Address               
20001000  positive                      
00002539  putcUart0                     
00002555  putsUart0                     
00001b55  readI2c0Data                  
00001c99  readI2c0Register              
00001cf7  readI2c0Registers             
0000297d  scalbn                        
0000297d  scalbnl                       
00000ee3  selectPinAnalogInput          
00000e95  selectPinDigitalInput         
000011ff  selectPinInterruptBothEdges   
000011af  selectPinInterruptFallingEdge 
00001255  selectPinInterruptHighLevel   
0000128f  selectPinInterruptLowLevel    
0000115f  selectPinInterruptRisingEdge  
00000e47  selectPinOpenDrainOutput      
00000df9  selectPinPushPullOutput       
0000104d  setPinAuxFunction             
00000f33  setPinCommitControl           
00001335  setPinValue                   
00001395  setPortValue                  
000024f5  setUart0BaudRate              
00003271  sprintf                       
000033fd  strchr                        
00003413  strlen                        
00001677  thermoMeasure                 
0000157b  tmpMeasure                    
0000338b  waitMicrosecond               
00003427  wcslen                        
00001b1f  writeI2c0Data                 
00001b89  writeI2c0Register             
00001bdf  writeI2c0Registers            


GLOBAL SYMBOLS: SORTED BY Symbol Address 

address   name                          
-------   ----                          
00000000  __TI_static_base__            
00000000  g_pfnVectors                  
0000026d  __TI_printfi                  
00000cbb  __aeabi_idiv0                 
00000cbb  __aeabi_ldiv0                 
00000cbd  enablePort                    
00000d79  disablePort                   
00000df9  selectPinPushPullOutput       
00000e47  selectPinOpenDrainOutput      
00000e95  selectPinDigitalInput         
00000ee3  selectPinAnalogInput          
00000f33  setPinCommitControl           
00000faf  enablePinPullup               
00000fdd  disablePinPullup              
00001000  __STACK_SIZE                  
00001001  enablePinPulldown             
00001025  disablePinPulldown            
0000104d  setPinAuxFunction             
0000115f  selectPinInterruptRisingEdge  
000011af  selectPinInterruptFallingEdge 
000011ff  selectPinInterruptBothEdges   
00001255  selectPinInterruptHighLevel   
0000128f  selectPinInterruptLowLevel    
000012c9  enablePinInterrupt            
000012ed  disablePinInterrupt           
00001311  clearPinInterrupt             
00001335  setPinValue                   
0000135b  getPinValue                   
00001395  setPortValue                  
00001411  getPortValue                  
000014a1  initHw                        
000014a9  int16ToC                      
000014fd  int16ToScaledVoltsTMP36       
00001537  int16ToScaledVoltsThermocouple
0000157b  tmpMeasure                    
00001677  thermoMeasure                 
00001761  interpolate                   
000018c1  main                          
00001ac5  initI2c0                      
00001b1f  writeI2c0Data                 
00001b55  readI2c0Data                  
00001b89  writeI2c0Register             
00001bdf  writeI2c0Registers            
00001c99  readI2c0Register              
00001cf7  readI2c0Registers             
00001e0f  pollI2c0Address               
00001e5d  isI2c0Error                   
000022c9  __aeabi_dsub                  
000022d3  __aeabi_dadd                  
00002481  initUart0                     
000024f5  setUart0BaudRate              
00002539  putcUart0                     
00002555  putsUart0                     
00002581  getcUart0                     
00002595  kbhitUart0                    
00002721  __aeabi_ddiv                  
0000297d  ldexp                         
0000297d  ldexpl                        
0000297d  scalbn                        
0000297d  scalbnl                       
00002a8d  __aeabi_dmul                  
00002c3b  __aeabi_memcpy                
00002c3b  __aeabi_memcpy4               
00002c3b  __aeabi_memcpy8               
00002c3b  memcpy                        
00002cd7  __aeabi_uldivmod              
00002d6d  __aeabi_cdcmpeq               
00002d6d  __aeabi_cdcmple               
00002df3  __aeabi_cdrcmple              
00002e79  __aeabi_memclr                
00002e79  __aeabi_memclr4               
00002e79  __aeabi_memclr8               
00002e7b  __aeabi_memset                
00002e7b  __aeabi_memset4               
00002e7b  __aeabi_memset8               
00002e81  memset                        
00002f61  __aeabi_d2f                   
00002fcf  __TI_decompress_lzss          
00003039  frexp                         
00003039  frexpl                        
000030f3  __TI_ltoa                     
00003199  atoi                          
000031e5  __aeabi_d2iz                  
0000322d  __TI_auto_init_nobinit_nopinit
00003271  sprintf                       
000032ef  __aeabi_f2d                   
00003329  _c_int00_noargs               
0000335d  __aeabi_i2d                   
0000338b  waitMicrosecond               
000033af  memccpy                       
000033cb  copysign                      
000033cb  copysignl                     
000033fd  strchr                        
00003413  strlen                        
00003427  wcslen                        
00003439  initSystemClockTo40Mhz        
00003449  __TI_decompress_none          
00003457  ResetISR                      
0000346d  __aeabi_errno_addr            
00003475  _system_pre_init              
00003479  C$$EXIT                       
00003479  abort                         
0000347c  _ctypes_                      
00003bd4  __TI_Handler_Table_Base       
00003bdc  __TI_CINIT_Base               
00003bdc  __TI_Handler_Table_Limit      
00003be4  __TI_CINIT_Limit              
20000000  __stack                       
20000000  __start___llvm_prf_cnts       
20000000  __stop___llvm_prf_cnts        
20000200  __STACK_TOP                   
20001000  __STACK_END                   
20001000  positive                      
200014b4  negative                      
20001648  errno                         
ffffffff  __TI_pprof_out_hndl           
ffffffff  __TI_prof_data_size           
ffffffff  __TI_prof_data_start          
ffffffff  __binit__                     
ffffffff  __c_args__                    
ffffffff  binit                         
UNDEFED   __mpu_init                    
UNDEFED   _system_post_cinit            

[123 symbols]
